Component: ARM Compiler 5.06 update 7 (build 960) Tool: armlink [4d3601]

==============================================================================

Section Cross References

    startup_stm32f103xe.o(STACK) refers (Special) to heapauxi.o(.text) for __use_two_region_memory
    startup_stm32f103xe.o(HEAP) refers (Special) to heapauxi.o(.text) for __use_two_region_memory
    startup_stm32f103xe.o(RESET) refers (Special) to heapauxi.o(.text) for __use_two_region_memory
    startup_stm32f103xe.o(RESET) refers to startup_stm32f103xe.o(STACK) for __initial_sp
    startup_stm32f103xe.o(RESET) refers to startup_stm32f103xe.o(.text) for Reset_Handler
    startup_stm32f103xe.o(RESET) refers to stm32f1xx_it.o(i.NMI_Handler) for NMI_Handler
    startup_stm32f103xe.o(RESET) refers to stm32f1xx_it.o(i.HardFault_Handler) for HardFault_Handler
    startup_stm32f103xe.o(RESET) refers to stm32f1xx_it.o(i.MemManage_Handler) for MemManage_Handler
    startup_stm32f103xe.o(RESET) refers to stm32f1xx_it.o(i.BusFault_Handler) for BusFault_Handler
    startup_stm32f103xe.o(RESET) refers to stm32f1xx_it.o(i.UsageFault_Handler) for UsageFault_Handler
    startup_stm32f103xe.o(RESET) refers to port.o(.emb_text) for SVC_Handler
    startup_stm32f103xe.o(RESET) refers to stm32f1xx_it.o(i.DebugMon_Handler) for DebugMon_Handler
    startup_stm32f103xe.o(RESET) refers to cmsis_os2.o(i.SysTick_Handler) for SysTick_Handler
    startup_stm32f103xe.o(RESET) refers to stm32f1xx_it.o(i.EXTI9_5_IRQHandler) for EXTI9_5_IRQHandler
    startup_stm32f103xe.o(RESET) refers to stm32f1xx_it.o(i.TIM2_IRQHandler) for TIM2_IRQHandler
    startup_stm32f103xe.o(RESET) refers to stm32f1xx_it.o(i.USART3_IRQHandler) for USART3_IRQHandler
    startup_stm32f103xe.o(RESET) refers to stm32f1xx_it.o(i.TIM7_IRQHandler) for TIM7_IRQHandler
    startup_stm32f103xe.o(.text) refers (Special) to heapauxi.o(.text) for __use_two_region_memory
    startup_stm32f103xe.o(.text) refers to system_stm32f1xx.o(i.SystemInit) for SystemInit
    startup_stm32f103xe.o(.text) refers to __main.o(!!!main) for __main
    startup_stm32f103xe.o(.text) refers to startup_stm32f103xe.o(HEAP) for Heap_Mem
    startup_stm32f103xe.o(.text) refers to startup_stm32f103xe.o(STACK) for Stack_Mem
    main.o(i.HAL_TIM_PeriodElapsedCallback) refers to stm32f1xx_hal.o(i.HAL_IncTick) for HAL_IncTick
    main.o(i.HAL_TIM_PeriodElapsedCallback) refers to ultrasonic.o(i.Ultrasonic_HandleTimeoutIRQ) for Ultrasonic_HandleTimeoutIRQ
    main.o(i.SystemClock_Config) refers to rt_memclr_w.o(.text) for __aeabi_memclr4
    main.o(i.SystemClock_Config) refers to stm32f1xx_hal_rcc.o(i.HAL_RCC_OscConfig) for HAL_RCC_OscConfig
    main.o(i.SystemClock_Config) refers to stm32f1xx_hal_rcc.o(i.HAL_RCC_ClockConfig) for HAL_RCC_ClockConfig
    main.o(i.main) refers to stm32f1xx_hal.o(i.HAL_Init) for HAL_Init
    main.o(i.main) refers to main.o(i.SystemClock_Config) for SystemClock_Config
    main.o(i.main) refers to gpio.o(i.MX_GPIO_Init) for MX_GPIO_Init
    main.o(i.main) refers to tim.o(i.MX_TIM2_Init) for MX_TIM2_Init
    main.o(i.main) refers to tim.o(i.MX_TIM3_Init) for MX_TIM3_Init
    main.o(i.main) refers to usart.o(i.MX_USART1_UART_Init) for MX_USART1_UART_Init
    main.o(i.main) refers to usart.o(i.MX_USART3_UART_Init) for MX_USART3_UART_Init
    main.o(i.main) refers to tim.o(i.MX_TIM4_Init) for MX_TIM4_Init
    main.o(i.main) refers to tim.o(i.MX_TIM8_Init) for MX_TIM8_Init
    main.o(i.main) refers to oled.o(i.OLED_Init) for OLED_Init
    main.o(i.main) refers to cmsis_os2.o(i.osKernelInitialize) for osKernelInitialize
    main.o(i.main) refers to freertos.o(i.MX_FREERTOS_Init) for MX_FREERTOS_Init
    main.o(i.main) refers to cmsis_os2.o(i.osKernelStart) for osKernelStart
    gpio.o(i.MX_GPIO_Init) refers to stm32f1xx_hal_gpio.o(i.HAL_GPIO_WritePin) for HAL_GPIO_WritePin
    gpio.o(i.MX_GPIO_Init) refers to stm32f1xx_hal_gpio.o(i.HAL_GPIO_Init) for HAL_GPIO_Init
    gpio.o(i.MX_GPIO_Init) refers to stm32f1xx_hal_cortex.o(i.HAL_NVIC_SetPriority) for HAL_NVIC_SetPriority
    gpio.o(i.MX_GPIO_Init) refers to stm32f1xx_hal_cortex.o(i.HAL_NVIC_EnableIRQ) for HAL_NVIC_EnableIRQ
    freertos.o(i.App_ApplyUltrasonicAvoidance) refers to rt_memcpy_w.o(.text) for __aeabi_memcpy4
    freertos.o(i.App_BluetoothAtExchange) refers to bluetooth_control.o(i.BluetoothAtResponse_Init) for BluetoothAtResponse_Init
    freertos.o(i.App_BluetoothAtExchange) refers to cmsis_os2.o(i.osMessageQueueGet) for osMessageQueueGet
    freertos.o(i.App_BluetoothAtExchange) refers to strlen.o(.text) for strlen
    freertos.o(i.App_BluetoothAtExchange) refers to stm32f1xx_hal_uart.o(i.HAL_UART_Transmit) for HAL_UART_Transmit
    freertos.o(i.App_BluetoothAtExchange) refers to stm32f1xx_hal.o(i.HAL_GetTick) for HAL_GetTick
    freertos.o(i.App_BluetoothAtExchange) refers to bluetooth_control.o(i.BluetoothAtResponse_Push) for BluetoothAtResponse_Push
[...]
    __user_setup_stackheap                   0x08000941   Thumb Code    74  sys_stackheap_outer.o(.text)
    exit                                     0x0800098b   Thumb Code    18  exit.o(.text)
    BalanceControl_Init                      0x080013b5   Thumb Code     4  balance_control.o(i.BalanceControl_Init)
    BalanceControl_Reset                     0x080013b9   Thumb Code    12  balance_control.o(i.BalanceControl_Reset)
    BalanceControl_Update                    0x080013c5   Thumb Code   370  balance_control.o(i.BalanceControl_Update)
    BluetoothAtResponse_Contains             0x080015bf   Thumb Code    22  bluetooth_control.o(i.BluetoothAtResponse_Contains)
    BluetoothAtResponse_Init                 0x080015d5   Thumb Code    12  bluetooth_control.o(i.BluetoothAtResponse_Init)
    BluetoothAtResponse_Push                 0x080015e1   Thumb Code    24  bluetooth_control.o(i.BluetoothAtResponse_Push)
    BluetoothCommand_ApplyTimeout            0x0800162f   Thumb Code    32  bluetooth_control.o(i.BluetoothCommand_ApplyTimeout)
    BluetoothCommand_Init                    0x08001667   Thumb Code    40  bluetooth_control.o(i.BluetoothCommand_Init)
    BluetoothCommand_ProcessByte             0x0800168f   Thumb Code   236  bluetooth_control.o(i.BluetoothCommand_ProcessByte)
    BusFault_Handler                         0x0800180d   Thumb Code     2  stm32f1xx_it.o(i.BusFault_Handler)
    DebugMon_Handler                         0x0800180f   Thumb Code     2  stm32f1xx_it.o(i.DebugMon_Handler)
    EXTI9_5_IRQHandler                       0x08001811   Thumb Code     8  stm32f1xx_it.o(i.EXTI9_5_IRQHandler)
    Encoder_Update5ms                        0x08001819   Thumb Code   140  motor_control.o(i.Encoder_Update5ms)
    Error_Handler                            0x080018bd   Thumb Code     4  main.o(i.Error_Handler)
    HAL_DMA_Abort                            0x080018c1   Thumb Code    70  stm32f1xx_hal_dma.o(i.HAL_DMA_Abort)
    HAL_DMA_Abort_IT                         0x08001909   Thumb Code   296  stm32f1xx_hal_dma.o(i.HAL_DMA_Abort_IT)
    HAL_DMA_GetError                         0x08001a39   Thumb Code     4  stm32f1xx_hal_dma.o(i.HAL_DMA_GetError)
    HAL_Delay                                0x08001a3d   Thumb Code    32  stm32f1xx_hal.o(i.HAL_Delay)
    HAL_GPIO_EXTI_Callback                   0x08001a61   Thumb Code    28  freertos.o(i.HAL_GPIO_EXTI_Callback)
    HAL_GPIO_EXTI_IRQHandler                 0x08001a81   Thumb Code    18  stm32f1xx_hal_gpio.o(i.HAL_GPIO_EXTI_IRQHandler)
    HAL_GPIO_Init                            0x08001a99   Thumb Code   462  stm32f1xx_hal_gpio.o(i.HAL_GPIO_Init)
    HAL_GPIO_ReadPin                         0x08001c91   Thumb Code    10  stm32f1xx_hal_gpio.o(i.HAL_GPIO_ReadPin)
    HAL_GPIO_WritePin                        0x08001c9b   Thumb Code    10  stm32f1xx_hal_gpio.o(i.HAL_GPIO_WritePin)
    HAL_GetTick                              0x08001ca5   Thumb Code     6  stm32f1xx_hal.o(i.HAL_GetTick)
    HAL_IncTick                              0x08001cb1   Thumb Code    12  stm32f1xx_hal.o(i.HAL_IncTick)
    HAL_Init                                 0x08001cc1   Thumb Code    32  stm32f1xx_hal.o(i.HAL_Init)
    HAL_InitTick                             0x08001ce5   Thumb Code   132  stm32f1xx_hal_timebase_tim.o(i.HAL_InitTick)
    HAL_MspInit                              0x08001d7d   Thumb Code    62  stm32f1xx_hal_msp.o(i.HAL_MspInit)
    HAL_NVIC_EnableIRQ                       0x08001dc5   Thumb Code    26  stm32f1xx_hal_cortex.o(i.HAL_NVIC_EnableIRQ)
    HAL_NVIC_SetPriority                     0x08001de1   Thumb Code    60  stm32f1xx_hal_cortex.o(i.HAL_NVIC_SetPriority)
    HAL_NVIC_SetPriorityGrouping             0x08001e21   Thumb Code    26  stm32f1xx_hal_cortex.o(i.HAL_NVIC_SetPriorityGrouping)
    HAL_RCC_ClockConfig                      0x08001e45   Thumb Code   280  stm32f1xx_hal_rcc.o(i.HAL_RCC_ClockConfig)
    HAL_RCC_GetClockConfig                   0x08001f71   Thumb Code    54  stm32f1xx_hal_rcc.o(i.HAL_RCC_GetClockConfig)
    HAL_RCC_GetPCLK1Freq                     0x08001fb1   Thumb Code    20  stm32f1xx_hal_rcc.o(i.HAL_RCC_GetPCLK1Freq)
    HAL_RCC_GetPCLK2Freq                     0x08001fd1   Thumb Code    20  stm32f1xx_hal_rcc.o(i.HAL_RCC_GetPCLK2Freq)
    HAL_RCC_GetSysClockFreq                  0x08001ff1   Thumb Code    58  stm32f1xx_hal_rcc.o(i.HAL_RCC_GetSysClockFreq)
    HAL_RCC_OscConfig                        0x0800203d   Thumb Code   778  stm32f1xx_hal_rcc.o(i.HAL_RCC_OscConfig)
    HAL_TIMEx_BreakCallback                  0x0800235d   Thumb Code     2  stm32f1xx_hal_tim_ex.o(i.HAL_TIMEx_BreakCallback)
    HAL_TIMEx_CommutCallback                 0x0800235f   Thumb Code     2  stm32f1xx_hal_tim_ex.o(i.HAL_TIMEx_CommutCallback)
    HAL_TIMEx_MasterConfigSynchronization    0x08002361   Thumb Code   104  stm32f1xx_hal_tim_ex.o(i.HAL_TIMEx_MasterConfigSynchronization)
    HAL_TIM_Base_Init                        0x080023dd   Thumb Code    90  stm32f1xx_hal_tim.o(i.HAL_TIM_Base_Init)
    HAL_TIM_Base_MspInit                     0x08002439   Thumb Code    30  tim.o(i.HAL_TIM_Base_MspInit)
    HAL_TIM_Base_Start_IT                    0x08002461   Thumb Code    88  stm32f1xx_hal_tim.o(i.HAL_TIM_Base_Start_IT)
    HAL_TIM_Base_Stop_IT                     0x080024cd   Thumb Code    48  stm32f1xx_hal_tim.o(i.HAL_TIM_Base_Stop_IT)
    HAL_TIM_ConfigClockSource                0x080024fd   Thumb Code   220  stm32f1xx_hal_tim.o(i.HAL_TIM_ConfigClockSource)
    HAL_TIM_Encoder_Init                     0x080025d9   Thumb Code   164  stm32f1xx_hal_tim.o(i.HAL_TIM_Encoder_Init)
    HAL_TIM_Encoder_MspInit                  0x0800267d   Thumb Code   118  tim.o(i.HAL_TIM_Encoder_MspInit)
    HAL_TIM_Encoder_Start                    0x08002709   Thumb Code   142  stm32f1xx_hal_tim.o(i.HAL_TIM_Encoder_Start)
    HAL_TIM_IC_CaptureCallback               0x08002799   Thumb Code    98  ultrasonic.o(i.HAL_TIM_IC_CaptureCallback)
    HAL_TIM_IC_ConfigChannel                 0x08002801   Thumb Code   292  stm32f1xx_hal_tim.o(i.HAL_TIM_IC_ConfigChannel)
    HAL_TIM_IC_Init                          0x08002925   Thumb Code    90  stm32f1xx_hal_tim.o(i.HAL_TIM_IC_Init)
    HAL_TIM_IC_MspInit                       0x08002981   Thumb Code    90  tim.o(i.HAL_TIM_IC_MspInit)
    HAL_TIM_IC_Start_IT                      0x080029e5   Thumb Code   228  stm32f1xx_hal_tim.o(i.HAL_TIM_IC_Start_IT)
    HAL_TIM_IC_Stop_IT                       0x08002add   Thumb Code   146  stm32f1xx_hal_tim.o(i.HAL_TIM_IC_Stop_IT)
    HAL_TIM_IRQHandler                       0x08002b6f   Thumb Code   304  stm32f1xx_hal_tim.o(i.HAL_TIM_IRQHandler)
    HAL_TIM_MspPostInit                      0x08002ca1   Thumb Code    94  tim.o(i.HAL_TIM_MspPostInit)
    HAL_TIM_OC_DelayElapsedCallback          0x08002d11   Thumb Code     2  stm32f1xx_hal_tim.o(i.HAL_TIM_OC_DelayElapsedCallback)
    HAL_TIM_PWM_ConfigChannel                0x08002d13   Thumb Code   204  stm32f1xx_hal_tim.o(i.HAL_TIM_PWM_ConfigChannel)
    HAL_TIM_PWM_Init                         0x08002ddf   Thumb Code    90  stm32f1xx_hal_tim.o(i.HAL_TIM_PWM_Init)
    HAL_TIM_PWM_MspInit                      0x08002e39   Thumb Code     2  stm32f1xx_hal_tim.o(i.HAL_TIM_PWM_MspInit)
    HAL_TIM_PWM_PulseFinishedCallback        0x08002e3b   Thumb Code     2  stm32f1xx_hal_tim.o(i.HAL_TIM_PWM_PulseFinishedCallback)
    HAL_TIM_PWM_Start                        0x08002e3d   Thumb Code   160  stm32f1xx_hal_tim.o(i.HAL_TIM_PWM_Start)
    HAL_TIM_PeriodElapsedCallback            0x08002ef1   Thumb Code    24  main.o(i.HAL_TIM_PeriodElapsedCallback)
    HAL_TIM_ReadCapturedValue                0x08002f0d   Thumb Code    42  stm32f1xx_hal_tim.o(i.HAL_TIM_ReadCapturedValue)
    HAL_TIM_TriggerCallback                  0x08002f37   Thumb Code     2  stm32f1xx_hal_tim.o(i.HAL_TIM_TriggerCallback)
    HAL_UARTEx_RxEventCallback               0x08002f39   Thumb Code     2  stm32f1xx_hal_uart.o(i.HAL_UARTEx_RxEventCallback)
    HAL_UART_AbortReceive                    0x08002f3b   Thumb Code   148  stm32f1xx_hal_uart.o(i.HAL_UART_AbortReceive)
    HAL_UART_ErrorCallback                   0x08002fd1   Thumb Code    32  freertos.o(i.HAL_UART_ErrorCallback)
    HAL_UART_IRQHandler                      0x08002ffd   Thumb Code   616  stm32f1xx_hal_uart.o(i.HAL_UART_IRQHandler)
    HAL_UART_Init                            0x08003269   Thumb Code   100  stm32f1xx_hal_uart.o(i.HAL_UART_Init)
    HAL_UART_MspInit                         0x080032cd   Thumb Code   186  usart.o(i.HAL_UART_MspInit)
    HAL_UART_Receive_IT                      0x0800339d   Thumb Code    28  stm32f1xx_hal_uart.o(i.HAL_UART_Receive_IT)
    HAL_UART_RxCpltCallback                  0x080033b9   Thumb Code    52  freertos.o(i.HAL_UART_RxCpltCallback)
    HAL_UART_Transmit                        0x080033f9   Thumb Code   160  stm32f1xx_hal_uart.o(i.HAL_UART_Transmit)
    HAL_UART_TxCpltCallback                  0x08003499   Thumb Code     2  stm32f1xx_hal_uart.o(i.HAL_UART_TxCpltCallback)
    HardFault_Handler                        0x0800349b   Thumb Code     2  stm32f1xx_it.o(i.HardFault_Handler)
    Imu_Init                                 0x08003611   Thumb Code   166  imu.o(i.Imu_Init)
    Imu_ReadRaw                              0x080036c1   Thumb Code   116  imu.o(i.Imu_ReadRaw)
    Imu_UpdateKalman5ms                      0x08003735   Thumb Code   212  imu.o(i.Imu_UpdateKalman5ms)
    LineTracking_BuildMotion                 0x08003839   Thumb Code    70  line_tracking.o(i.LineTracking_BuildMotion)
    LineTracking_Decode                      0x0800387f   Thumb Code    48  line_tracking.o(i.LineTracking_Decode)
    LineTracking_DirectionText               0x080038b1   Thumb Code    38  line_tracking.o(i.LineTracking_DirectionText)
    LineTracking_PackCode                    0x080038f1   Thumb Code    34  line_tracking.o(i.LineTracking_PackCode)
    MX_FREERTOS_Init                         0x08003915   Thumb Code   224  freertos.o(i.MX_FREERTOS_Init)
    MX_GPIO_Init                             0x08003b25   Thumb Code   282  gpio.o(i.MX_GPIO_Init)
    MX_TIM2_Init                             0x08003c51   Thumb Code   102  tim.o(i.MX_TIM2_Init)
    MX_TIM3_Init                             0x08003cbd   Thumb Code   192  tim.o(i.MX_TIM3_Init)
    MX_TIM4_Init                             0x08003d85   Thumb Code   100  tim.o(i.MX_TIM4_Init)
    MX_TIM8_Init                             0x08003df1   Thumb Code   102  tim.o(i.MX_TIM8_Init)
    MX_USART1_UART_Init                      0x08003e61   Thumb Code    48  usart.o(i.MX_USART1_UART_Init)
    MX_USART3_UART_Init                      0x08003e99   Thumb Code    48  usart.o(i.MX_USART3_UART_Init)
    MemManage_Handler                        0x08003ed1   Thumb Code     2  stm32f1xx_it.o(i.MemManage_Handler)
    Motor_Brake                              0x08003ee1   Thumb Code    36  motor_control.o(i.Motor_Brake)
    Motor_GetTelemetry                       0x08003f25   Thumb Code     4  motor_control.o(i.Motor_GetTelemetry)
    Motor_Init                               0x08003f2d   Thumb Code   130  motor_control.o(i.Motor_Init)
    Motor_MapPWMCommand                      0x08003fc5   Thumb Code    92  motor_pwm_map.o(i.Motor_MapPWMCommand)
    Motor_SetPWM                             0x0800403d   Thumb Code   166  motor_control.o(i.Motor_SetPWM)
    NMI_Handler                              0x080040ed   Thumb Code     2  stm32f1xx_it.o(i.NMI_Handler)
    OLED_ClearBuffer                         0x080040f1   Thumb Code    10  oled.o(i.OLED_ClearBuffer)
    OLED_DashboardFormat                     0x08004101   Thumb Code    96  oled_dashboard.o(i.OLED_DashboardFormat)
    OLED_Init                                0x08004285   Thumb Code   242  oled.o(i.OLED_Init)
    OLED_Refresh                             0x0800437d   Thumb Code    70  oled.o(i.OLED_Refresh)
    OLED_RenderDashboard                     0x080043c9   Thumb Code    36  oled_dashboard.o(i.OLED_RenderDashboard)
    OLED_ShowString                          0x080043ed   Thumb Code    42  oled.o(i.OLED_ShowString)
    PitchKalman_Reset                        0x0800447d   Thumb Code    22  pitch_kalman.o(i.PitchKalman_Reset)
    PitchKalman_Update                       0x08004493   Thumb Code   334  pitch_kalman.o(i.PitchKalman_Update)
    StartBluetoothTask                       0x080045e1   Thumb Code   108  freertos.o(i.StartBluetoothTask)
    StartControlTask                         0x08004651   Thumb Code   764  freertos.o(i.StartControlTask)
    StartTelemetryTask                       0x08004975   Thumb Code   170  freertos.o(i.StartTelemetryTask)
    StartUltrasonicTask                      0x08004a35   Thumb Code   108  freertos.o(i.StartUltrasonicTask)
    SysTick_Handler                          0x08004aa1   Thumb Code    26  cmsis_os2.o(i.SysTick_Handler)
    SystemClock_Config                       0x08004abb   Thumb Code    94  main.o(i.SystemClock_Config)
    SystemInit                               0x08004b19   Thumb Code     2  system_stm32f1xx.o(i.SystemInit)
    TIM2_IRQHandler                          0x08004b1d   Thumb Code     6  stm32f1xx_it.o(i.TIM2_IRQHandler)
    TIM7_IRQHandler                          0x08004b29   Thumb Code     6  stm32f1xx_it.o(i.TIM7_IRQHandler)
    TIM_Base_SetConfig                       0x08004b35   Thumb Code   134  stm32f1xx_hal_tim.o(i.TIM_Base_SetConfig)
    TIM_CCxChannelCmd                        0x08004bd1   Thumb Code    26  stm32f1xx_hal_tim.o(i.TIM_CCxChannelCmd)
    TIM_ETR_SetConfig                        0x08004beb   Thumb Code    20  stm32f1xx_hal_tim.o(i.TIM_ETR_SetConfig)
    TIM_OC2_SetConfig                        0x08004c71   Thumb Code    98  stm32f1xx_hal_tim.o(i.TIM_OC2_SetConfig)
    TIM_TI1_SetConfig                        0x08004db9   Thumb Code    88  stm32f1xx_hal_tim.o(i.TIM_TI1_SetConfig)
    UART_Start_Receive_IT                    0x08005059   Thumb Code    54  stm32f1xx_hal_uart.o(i.UART_Start_Receive_IT)
    USART3_IRQHandler                        0x08005101   Thumb Code     6  stm32f1xx_it.o(i.USART3_IRQHandler)
    Ultrasonic_AbortMeasurement              0x0800510d   Thumb Code    24  ultrasonic.o(i.Ultrasonic_AbortMeasurement)
    Ultrasonic_GetResult                     0x0800517d   Thumb Code    54  ultrasonic.o(i.Ultrasonic_GetResult)
    Ultrasonic_HandleTimeoutIRQ              0x080051bd   Thumb Code    36  ultrasonic.o(i.Ultrasonic_HandleTimeoutIRQ)
    Ultrasonic_Init                          0x080051e5   Thumb Code    40  ultrasonic.o(i.Ultrasonic_Init)
    Ultrasonic_StartMeasurement              0x08005219   Thumb Code   144  ultrasonic.o(i.Ultrasonic_StartMeasurement)
    UsageFault_Handler                       0x080052e5   Thumb Code     2  stm32f1xx_it.o(i.UsageFault_Handler)
    __ARM_fpclassify                         0x080052e7   Thumb Code    40  fpclassify.o(i.__ARM_fpclassify)
    __kernel_poly                            0x0800532f   Thumb Code   170  poly.o(i.__kernel_poly)
    __mathlib_dbl_infnan                     0x080053d9   Thumb Code     6  dunder.o(i.__mathlib_dbl_infnan)
    __mathlib_dbl_infnan2                    0x080053df   Thumb Code     4  dunder.o(i.__mathlib_dbl_infnan2)
    __mathlib_dbl_underflow                  0x080053e5   Thumb Code    10  dunder.o(i.__mathlib_dbl_underflow)
    _is_digit                                0x080053f5   Thumb Code    14  __printf_wp.o(i._is_digit)
    _sys_exit                                0x08005403   Thumb Code     2  usart.o(i._sys_exit)
    atan                                     0x08005405   Thumb Code   474  atan.o(i.atan)
    atan2                                    0x08005625   Thumb Code   374  atan2.o(i.atan2)
    i2cInit                                  0x080057c1   Thumb Code    42  stm32_i2c.o(i.i2cInit)
    i2cRead                                  0x080057f1   Thumb Code   262  stm32_i2c.o(i.i2cRead)
    i2cUnstick                               0x080058fd   Thumb Code    90  stm32_i2c.o(i.i2cUnstick)
    i2cWrite                                 0x0800595d   Thumb Code    66  stm32_i2c.o(i.i2cWrite)
    main                                     0x0800599f   Thumb Code    54  main.o(i.main)
    osDelay                                  0x080059d5   Thumb Code    26  cmsis_os2.o(i.osDelay)
    osDelayUntil                             0x080059ef   Thumb Code    46  cmsis_os2.o(i.osDelayUntil)
    osKernelGetState                         0x08005a1d   Thumb Code    28  cmsis_os2.o(i.osKernelGetState)
    osKernelGetTickCount                     0x08005a3d   Thumb Code    14  cmsis_os2.o(i.osKernelGetTickCount)
    osKernelInitialize                       0x08005a4d   Thumb Code    32  cmsis_os2.o(i.osKernelInitialize)
    osKernelStart                            0x08005a71   Thumb Code    48  cmsis_os2.o(i.osKernelStart)
    osMessageQueueGet                        0x08005aa9   Thumb Code    96  cmsis_os2.o(i.osMessageQueueGet)
    osMessageQueueNew                        0x08005b0d   Thumb Code    88  cmsis_os2.o(i.osMessageQueueNew)
    osMessageQueuePut                        0x08005b65   Thumb Code   100  cmsis_os2.o(i.osMessageQueuePut)
    osMessageQueueReset                      0x08005bcd   Thumb Code    34  cmsis_os2.o(i.osMessageQueueReset)
    osMutexAcquire                           0x08005bef   Thumb Code    82  cmsis_os2.o(i.osMutexAcquire)
    osMutexNew                               0x08005c41   Thumb Code   104  cmsis_os2.o(i.osMutexNew)
    osMutexRelease                           0x08005ca9   Thumb Code    66  cmsis_os2.o(i.osMutexRelease)
    osThreadFlagsClear                       0x08005ceb   Thumb Code    78  cmsis_os2.o(i.osThreadFlagsClear)
    osThreadFlagsSet                         0x08005d39   Thumb Code   110  cmsis_os2.o(i.osThreadFlagsSet)
    osThreadFlagsWait                        0x08005dad   Thumb Code   150  cmsis_os2.o(i.osThreadFlagsWait)
    osThreadGetId                            0x08005e43   Thumb Code     4  cmsis_os2.o(i.osThreadGetId)
    osThreadNew                              0x08005e49   Thumb Code   138  cmsis_os2.o(i.osThreadNew)
    pvPortMalloc                             0x08006681   Thumb Code   216  heap_4.o(i.pvPortMalloc)
    pvTaskIncrementMutexHeldCount            0x0800675d   Thumb Code    18  tasks.o(i.pvTaskIncrementMutexHeldCount)
    pxPortInitialiseStack                    0x08006775   Thumb Code    32  port.o(i.pxPortInitialiseStack)
    uxListRemove                             0x08006799   Thumb Code    38  list.o(i.uxListRemove)
    vApplicationGetIdleTaskMemory            0x080067c1   Thumb Code    16  cmsis_os2.o(i.vApplicationGetIdleTaskMemory)
    vApplicationGetTimerTaskMemory           0x080067d5   Thumb Code    18  cmsis_os2.o(i.vApplicationGetTimerTaskMemory)
    vListInitialise                          0x080067ed   Thumb Code    22  list.o(i.vListInitialise)
    vListInitialiseItem                      0x08006803   Thumb Code     6  list.o(i.vListInitialiseItem)
    vListInsert                              0x08006809   Thumb Code    48  list.o(i.vListInsert)
    vListInsertEnd                           0x08006839   Thumb Code    24  list.o(i.vListInsertEnd)
    vPortEnterCritical                       0x08006851   Thumb Code    54  port.o(i.vPortEnterCritical)
    vPortExitCritical                        0x08006891   Thumb Code    34  port.o(i.vPortExitCritical)
    vPortFree                                0x080068b9   Thumb Code    94  heap_4.o(i.vPortFree)
    vPortSetupTimerInterrupt                 0x0800691d   Thumb Code    32  port.o(i.vPortSetupTimerInterrupt)
    vPortValidateInterruptPriority           0x08006941   Thumb Code    74  port.o(i.vPortValidateInterruptPriority)
    vQueueAddToRegistry                      0x08006995   Thumb Code    34  queue.o(i.vQueueAddToRegistry)
    vQueueWaitForMessageRestricted           0x080069bd   Thumb Code    68  queue.o(i.vQueueWaitForMessageRestricted)
    vTaskDelay                               0x08006a01   Thumb Code    66  tasks.o(i.vTaskDelay)
    vTaskDelayUntil                          0x08006a4d   Thumb Code   132  tasks.o(i.vTaskDelayUntil)
    vTaskInternalSetTimeOutState             0x08006ad9   Thumb Code    12  tasks.o(i.vTaskInternalSetTimeOutState)
    vTaskMissedYield                         0x08006ae9   Thumb Code     8  tasks.o(i.vTaskMissedYield)
    vTaskPlaceOnEventList                    0x08006af5   Thumb Code    44  tasks.o(i.vTaskPlaceOnEventList)
    vTaskPlaceOnEventListRestricted          0x08006b25   Thumb Code    52  tasks.o(i.vTaskPlaceOnEventListRestricted)
    vTaskPriorityDisinheritAfterTimeout      0x08006b5d   Thumb Code   134  tasks.o(i.vTaskPriorityDisinheritAfterTimeout)
    vTaskStartScheduler                      0x08006bed   Thumb Code   118  tasks.o(i.vTaskStartScheduler)
    vTaskSuspendAll                          0x08006c75   Thumb Code    10  tasks.o(i.vTaskSuspendAll)
    vTaskSwitchContext                       0x08006c85   Thumb Code    90  tasks.o(i.vTaskSwitchContext)
    xPortStartScheduler                      0x08006ce9   Thumb Code   154  port.o(i.xPortStartScheduler)
    xPortSysTickHandler                      0x08006d91   Thumb Code    38  port.o(i.xPortSysTickHandler)
    xQueueCreateMutex                        0x08006dbd   Thumb Code    22  queue.o(i.xQueueCreateMutex)
    xQueueCreateMutexStatic                  0x08006dd3   Thumb Code    26  queue.o(i.xQueueCreateMutexStatic)
    xQueueGenericCreate                      0x08006ded   Thumb Code    66  queue.o(i.xQueueGenericCreate)
    xQueueGenericCreateStatic                0x08006e2f   Thumb Code   102  queue.o(i.xQueueGenericCreateStatic)
    xQueueGenericReset                       0x08006e95   Thumb Code   132  queue.o(i.xQueueGenericReset)
    xQueueGenericSend                        0x08006f1d   Thumb Code   346  queue.o(i.xQueueGenericSend)
    xQueueGenericSendFromISR                 0x0800707d   Thumb Code   190  queue.o(i.xQueueGenericSendFromISR)
    xQueueGiveMutexRecursive                 0x0800713b   Thumb Code    62  queue.o(i.xQueueGiveMutexRecursive)
    xQueueReceive                            0x08007179   Thumb Code   308  queue.o(i.xQueueReceive)
    xQueueReceiveFromISR                     0x080072b1   Thumb Code   154  queue.o(i.xQueueReceiveFromISR)
    xQueueSemaphoreTake                      0x0800734d   Thumb Code   372  queue.o(i.xQueueSemaphoreTake)
    xQueueTakeMutexRecursive                 0x080074c5   Thumb Code    64  queue.o(i.xQueueTakeMutexRecursive)
    xTaskCheckForTimeOut                     0x08007505   Thumb Code   112  tasks.o(i.xTaskCheckForTimeOut)
    xTaskCreate                              0x08007579   Thumb Code    90  tasks.o(i.xTaskCreate)
    xTaskCreateStatic                        0x080075d3   Thumb Code    86  tasks.o(i.xTaskCreateStatic)
    xTaskGenericNotify                       0x08007629   Thumb Code   210  tasks.o(i.xTaskGenericNotify)
    xTaskGenericNotifyFromISR                0x08007709   Thumb Code   246  tasks.o(i.xTaskGenericNotifyFromISR)
    xTaskGetCurrentTaskHandle                0x0800780d   Thumb Code     6  tasks.o(i.xTaskGetCurrentTaskHandle)
    xTaskGetSchedulerState                   0x08007819   Thumb Code    22  tasks.o(i.xTaskGetSchedulerState)
    xTaskGetTickCount                        0x08007835   Thumb Code     6  tasks.o(i.xTaskGetTickCount)
    xTaskGetTickCountFromISR                 0x08007841   Thumb Code    12  tasks.o(i.xTaskGetTickCountFromISR)
    xTaskIncrementTick                       0x08007851   Thumb Code   192  tasks.o(i.xTaskIncrementTick)
    xTaskNotifyWait                          0x08007919   Thumb Code   130  tasks.o(i.xTaskNotifyWait)
    xTaskPriorityDisinherit                  0x080079a5   Thumb Code   118  tasks.o(i.xTaskPriorityDisinherit)
    xTaskPriorityInherit                     0x08007a25   Thumb Code   112  tasks.o(i.xTaskPriorityInherit)
    xTaskRemoveFromEventList                 0x08007a9d   Thumb Code    98  tasks.o(i.xTaskRemoveFromEventList)
    xTaskResumeAll                           0x08007b0d   Thumb Code   182  tasks.o(i.xTaskResumeAll)
    xTimerCreateTimerTask                    0x08007bd1   Thumb Code    78  timers.o(i.xTimerCreateTimerTask)
    xTimerGenericCommand                     0x08007c31   Thumb Code    98  timers.o(i.xTimerGenericCommand)
    __aeabi_d2f                              0x08007c99   Thumb Code     0  d2f.o(x$fpl$d2f)
    _d2f                                     0x08007c99   Thumb Code    98  d2f.o(x$fpl$d2f)
    __aeabi_dadd                             0x08007cfd   Thumb Code     0  daddsub_clz.o(x$fpl$dadd)
    _dadd                                    0x08007cfd   Thumb Code   332  daddsub_clz.o(x$fpl$dadd)
    __fpl_dcheck_NaN1                        0x08007e4d   Thumb Code    10  dcheck1.o(x$fpl$dcheck1)
    __fpl_dcmp_Inf                           0x08007e5d   Thumb Code    24  dcmpi.o(x$fpl$dcmpinf)
    __aeabi_ddiv                             0x08007e75   Thumb Code     0  ddiv.o(x$fpl$ddiv)
    _ddiv                                    0x08007e75   Thumb Code   552  ddiv.o(x$fpl$ddiv)
    __aeabi_cdcmpeq                          0x08008125   Thumb Code     0  deqf.o(x$fpl$deqf)
    _dcmpeq                                  0x08008125   Thumb Code   120  deqf.o(x$fpl$deqf)
    __aeabi_i2d                              0x0800819d   Thumb Code     0  dflt_clz.o(x$fpl$dflt)
    _dflt                                    0x0800819d   Thumb Code    46  dflt_clz.o(x$fpl$dflt)
    __aeabi_dmul                             0x080081cd   Thumb Code     0  dmul.o(x$fpl$dmul)
    _dmul                                    0x080081cd   Thumb Code   332  dmul.o(x$fpl$dmul)
    __fpl_dnaninf                            0x08008321   Thumb Code   156  dnaninf.o(x$fpl$dnaninf)
    __fpl_dretinf                            0x080083bd   Thumb Code    12  dretinf.o(x$fpl$dretinf)
    __aeabi_drsub                            0x080083c9   Thumb Code     0  daddsub_clz.o(x$fpl$drsb)
    _drsb                                    0x080083c9   Thumb Code    22  daddsub_clz.o(x$fpl$drsb)
    __aeabi_dsub                             0x080083e1   Thumb Code     0  daddsub_clz.o(x$fpl$dsub)
    _dsub                                    0x080083e1   Thumb Code   464  daddsub_clz.o(x$fpl$dsub)
    __aeabi_fadd                             0x080085b5   Thumb Code     0  faddsub_clz.o(x$fpl$fadd)
    _fadd                                    0x080085b5   Thumb Code   196  faddsub_clz.o(x$fpl$fadd)
    __fpl_fcheck_NaN1                        0x08008679   Thumb Code     6  fcheck1.o(x$fpl$fcheck1)
    __fpl_fcmp_Inf                           0x08008685   Thumb Code    24  fcmpi.o(x$fpl$fcmpinf)
    __aeabi_fdiv                             0x0800869d   Thumb Code     0  fdiv.o(x$fpl$fdiv)
    _fdiv                                    0x0800869d   Thumb Code   384  fdiv.o(x$fpl$fdiv)
    __aeabi_f2iz                             0x08008821   Thumb Code     0  ffix.o(x$fpl$ffix)
    _ffix                                    0x08008821   Thumb Code    54  ffix.o(x$fpl$ffix)
    __aeabi_i2f                              0x08008859   Thumb Code     0  fflt_clz.o(x$fpl$fflt)
    _fflt                                    0x08008859   Thumb Code    48  fflt_clz.o(x$fpl$fflt)
    __aeabi_ui2f                             0x08008889   Thumb Code     0  fflt_clz.o(x$fpl$ffltu)
    _ffltu                                   0x08008889   Thumb Code    38  fflt_clz.o(x$fpl$ffltu)
    __aeabi_cfcmple                          0x080088b1   Thumb Code     0  fleqf.o(x$fpl$fleqf)
    _fcmple                                  0x080088b1   Thumb Code   104  fleqf.o(x$fpl$fleqf)
    __fpl_fcmple_InfNaN                      0x08008903   Thumb Code     0  fleqf.o(x$fpl$fleqf)
    __aeabi_fmul                             0x08008919   Thumb Code     0  fmul.o(x$fpl$fmul)
    _fmul                                    0x08008919   Thumb Code   258  fmul.o(x$fpl$fmul)
    __fpl_fnaninf                            0x08008a1b   Thumb Code   140  fnaninf.o(x$fpl$fnaninf)
    __fpl_fretinf                            0x08008aa7   Thumb Code    10  fretinf.o(x$fpl$fretinf)
    __aeabi_cfrcmple                         0x08008ab1   Thumb Code     0  frleqf.o(x$fpl$frleqf)
    _frcmple                                 0x08008ab1   Thumb Code    98  frleqf.o(x$fpl$frleqf)
    __aeabi_frsub                            0x08008b13   Thumb Code     0  faddsub_clz.o(x$fpl$frsb)
    _frsb                                    0x08008b13   Thumb Code    20  faddsub_clz.o(x$fpl$frsb)
    __aeabi_fsub                             0x08008b29   Thumb Code     0  faddsub_clz.o(x$fpl$fsub)
    _fsub                                    0x08008b29   Thumb Code   234  faddsub_clz.o(x$fpl$fsub)
    __fpl_return_NaN                         0x08008c13   Thumb Code   100  retnan.o(x$fpl$retnan)
    __ARM_scalbn                             0x08008c77   Thumb Code    92  scalbn.o(x$fpl$scalbn)
    __ARM_scalbnf                            0x08008cd3   Thumb Code    76  scalbnf.o(x$fpl$scalbnf)
    __fpl_cmpreturn                          0x08008d1f   Thumb Code    48  trapv.o(x$fpl$trapveneer)
    __I$use$fp                               0x08008d4e   Number         0  usenofp.o(x$fpl$usenofp)
    ControlTask_attributes                   0x08008d50   Data          36  freertos.o(.constdata)
    TelemetryTask_attributes                 0x08008d74   Data          36  freertos.o(.constdata)
    BluetoothTask_attributes                 0x08008d98   Data          36  freertos.o(.constdata)
    UltrasonicTask_attributes                0x08008dbc   Data          36  freertos.o(.constdata)
    TelemetryQueue_attributes                0x08008de0   Data          24  freertos.o(.constdata)
    BluetoothRxQueue_attributes              0x08008df8   Data          24  freertos.o(.constdata)
    BluetoothCommandQueue_attributes         0x08008e10   Data          24  freertos.o(.constdata)
    UltrasonicQueue_attributes               0x08008e28   Data          24  freertos.o(.constdata)
    Uart1TxMutex_attributes                  0x08008e40   Data          16  freertos.o(.constdata)
    AHBPrescTable                            0x08008fc0   Data          16  system_stm32f1xx.o(.constdata)
    APBPrescTable                            0x08008fd0   Data           8  system_stm32f1xx.o(.constdata)
    __mathlib_zero                           0x080090b0   Data           8  qnan.o(.constdata)
    Region$$Table$$Base                      0x080092c0   Number         0  anon$$obj.o(Region$$Table)
    Region$$Table$$Limit                     0x080092e0   Number         0  anon$$obj.o(Region$$Table)
    ControlTaskHandle                        0x20000008   Data           4  freertos.o(.data)
    TelemetryTaskHandle                      0x2000000c   Data           4  freertos.o(.data)
    BluetoothTaskHandle                      0x20000010   Data           4  freertos.o(.data)
    UltrasonicTaskHandle                     0x20000014   Data           4  freertos.o(.data)
    TelemetryQueueHandle                     0x20000018   Data           4  freertos.o(.data)
    BluetoothRxQueueHandle                   0x2000001c   Data           4  freertos.o(.data)
    BluetoothCommandQueueHandle              0x20000020   Data           4  freertos.o(.data)
    UltrasonicQueueHandle                    0x20000024   Data           4  freertos.o(.data)
    Uart1TxMutexHandle                       0x20000028   Data           4  freertos.o(.data)
    uwTickFreq                               0x2000003c   Data           1  stm32f1xx_hal.o(.data)
    uwTickPrio                               0x20000040   Data           4  stm32f1xx_hal.o(.data)
    uwTick                                   0x20000044   Data           4  stm32f1xx_hal.o(.data)
    SystemCoreClock                          0x20000048   Data           4  system_stm32f1xx.o(.data)
    pxCurrentTCB                             0x2000004c   Data           4  tasks.o(.data)
    htim2                                    0x20000518   Data          72  tim.o(.bss)
    htim3                                    0x20000560   Data          72  tim.o(.bss)
    htim4                                    0x200005a8   Data          72  tim.o(.bss)
    htim8                                    0x200005f0   Data          72  tim.o(.bss)
    huart1                                   0x20000638   Data          72  usart.o(.bss)
    huart3                                   0x20000680   Data          72  usart.o(.bss)
    htim7                                    0x200006c8   Data          72  stm32f1xx_hal_timebase_tim.o(.bss)
    xQueueRegistry                           0x20000710   Data          64  queue.o(.bss)
    __libspace_start                         0x200043e4   Data          96  libspace.o(.bss)
    __temporary_stack_top$libspace           0x20004444   Data           0  libspace.o(.bss)



==============================================================================

Memory Map of the image

  Image Entry point : 0x08000131

  Load Region LR_IROM1 (Base: 0x08000000, Size: 0x000093ac, Max: 0x00040000, ABSOLUTE)

    Execution Region ER_IROM1 (Exec base: 0x08000000, Load base: 0x08000000, Size: 0x000092e0, Max: 0x00040000, ABSOLUTE)

    Exec Addr    Load Addr    Size         Type   Attr      Idx    E Section Name        Object

    0x08000000   0x08000000   0x00000130   Data   RO            3    RESET               startup_stm32f103xe.o
    0x08000130   0x08000130   0x00000008   Code   RO         5446  * !!!main             c_w.l(__main.o)
    0x08000138   0x08000138   0x00000034   Code   RO         5733    !!!scatter          c_w.l(__scatter.o)
    0x0800016c   0x0800016c   0x0000001a   Code   RO         5735    !!handler_copy      c_w.l(__scatter_copy.o)
    0x08000186   0x08000186   0x00000002   PAD
    0x08000188   0x08000188   0x0000001c   Code   RO         5737    !!handler_zi        c_w.l(__scatter_zi.o)
    0x080001a4   0x080001a4   0x00000000   Code   RO         5427    .ARM.Collect$$_printf_percent$$00000000  c_w.l(_printf_percent.o)
    0x080001a4   0x080001a4   0x00000006   Code   RO         5425    .ARM.Collect$$_printf_percent$$00000009  c_w.l(_printf_d.o)
    0x080001aa   0x080001aa   0x00000006   Code   RO         5426    .ARM.Collect$$_printf_percent$$0000000A  c_w.l(_printf_u.o)
    0x080001b0   0x080001b0   0x00000006   Code   RO         5424    .ARM.Collect$$_printf_percent$$0000000C  c_w.l(_printf_x.o)
    0x080001b6   0x080001b6   0x00000006   Code   RO         5422    .ARM.Collect$$_printf_percent$$00000013  c_w.l(_printf_c.o)
    0x080001bc   0x080001bc   0x00000006   Code   RO         5423    .ARM.Collect$$_printf_percent$$00000014  c_w.l(_printf_s.o)
    0x080001c2   0x080001c2   0x00000004   Code   RO         5507    .ARM.Collect$$_printf_percent$$00000017  c_w.l(_printf_percent_end.o)
    0x080001c6   0x080001c6   0x00000002   Code   RO         5604    .ARM.Collect$$libinit$$00000000  c_w.l(libinit.o)
    0x080001c8   0x080001c8   0x00000000   Code   RO         5612    .ARM.Collect$$libinit$$00000002  c_w.l(libinit2.o)
    0x080001c8   0x080001c8   0x00000000   Code   RO         5614    .ARM.Collect$$libinit$$00000004  c_w.l(libinit2.o)
    0x080001c8   0x080001c8   0x00000000   Code   RO         5617    .ARM.Collect$$libinit$$0000000A  c_w.l(libinit2.o)
    0x080001c8   0x080001c8   0x00000000   Code   RO         5619    .ARM.Collect$$libinit$$0000000C  c_w.l(libinit2.o)
    0x080001c8   0x080001c8   0x00000000   Code   RO         5621    .ARM.Collect$$libinit$$0000000E  c_w.l(libinit2.o)
    0x080001c8   0x080001c8   0x00000000   Code   RO         5624    .ARM.Collect$$libinit$$00000011  c_w.l(libinit2.o)
    0x080001c8   0x080001c8   0x00000000   Code   RO         5626    .ARM.Collect$$libinit$$00000013  c_w.l(libinit2.o)
    0x080001c8   0x080001c8   0x00000000   Code   RO         5628    .ARM.Collect$$libinit$$00000015  c_w.l(libinit2.o)
    0x080001c8   0x080001c8   0x00000000   Code   RO         5630    .ARM.Collect$$libinit$$00000017  c_w.l(libinit2.o)
    0x080001c8   0x080001c8   0x00000000   Code   RO         5632    .ARM.Collect$$libinit$$00000019  c_w.l(libinit2.o)
    0x080001c8   0x080001c8   0x00000000   Code   RO         5634    .ARM.Collect$$libinit$$0000001B  c_w.l(libinit2.o)
    0x080001c8   0x080001c8   0x00000000   Code   RO         5636    .ARM.Collect$$libinit$$0000001D  c_w.l(libinit2.o)
    0x080001c8   0x080001c8   0x00000000   Code   RO         5638    .ARM.Collect$$libinit$$0000001F  c_w.l(libinit2.o)
    0x080001c8   0x080001c8   0x00000000   Code   RO         5640    .ARM.Collect$$libinit$$00000021  c_w.l(libinit2.o)
    0x080001c8   0x080001c8   0x00000000   Code   RO         5642    .ARM.Collect$$libinit$$00000023  c_w.l(libinit2.o)
    0x080001c8   0x080001c8   0x00000000   Code   RO         5644    .ARM.Collect$$libinit$$00000025  c_w.l(libinit2.o)
    0x080001c8   0x080001c8   0x00000000   Code   RO         5648    .ARM.Collect$$libinit$$0000002C  c_w.l(libinit2.o)
    0x080001c8   0x080001c8   0x00000000   Code   RO         5650    .ARM.Collect$$libinit$$0000002E  c_w.l(libinit2.o)
    0x080001c8   0x080001c8   0x00000000   Code   RO         5652    .ARM.Collect$$libinit$$00000030  c_w.l(libinit2.o)
    0x080001c8   0x080001c8   0x00000000   Code   RO         5654    .ARM.Collect$$libinit$$00000032  c_w.l(libinit2.o)
    0x080001c8   0x080001c8   0x00000002   Code   RO         5655    .ARM.Collect$$libinit$$00000033  c_w.l(libinit2.o)
    0x080001ca   0x080001ca   0x00000002   Code   RO         5673    .ARM.Collect$$libshutdown$$00000000  c_w.l(libshutdown.o)
    0x080001cc   0x080001cc   0x00000000   Code   RO         5683    .ARM.Collect$$libshutdown$$00000002  c_w.l(libshutdown2.o)
    0x080001cc   0x080001cc   0x00000000   Code   RO         5685    .ARM.Collect$$libshutdown$$00000004  c_w.l(libshutdown2.o)
    0x080001cc   0x080001cc   0x00000000   Code   RO         5687    .ARM.Collect$$libshutdown$$00000006  c_w.l(libshutdown2.o)
    0x080001cc   0x080001cc   0x00000000   Code   RO         5690    .ARM.Collect$$libshutdown$$00000009  c_w.l(libshutdown2.o)
    0x080001cc   0x080001cc   0x00000000   Code   RO         5693    .ARM.Collect$$libshutdown$$0000000C  c_w.l(libshutdown2.o)
    0x080001cc   0x080001cc   0x00000000   Code   RO         5695    .ARM.Collect$$libshutdown$$0000000E  c_w.l(libshutdown2.o)
    0x080001cc   0x080001cc   0x00000000   Code   RO         5698    .ARM.Collect$$libshutdown$$00000011  c_w.l(libshutdown2.o)
    0x080001cc   0x080001cc   0x00000002   Code   RO         5699    .ARM.Collect$$libshutdown$$00000012  c_w.l(libshutdown2.o)
    0x080001ce   0x080001ce   0x00000000   Code   RO         5494    .ARM.Collect$$rtentry$$00000000  c_w.l(__rtentry.o)
    0x080001ce   0x080001ce   0x00000000   Code   RO         5559    .ARM.Collect$$rtentry$$00000002  c_w.l(__rtentry2.o)
    0x080001ce   0x080001ce   0x00000006   Code   RO         5571    .ARM.Collect$$rtentry$$00000004  c_w.l(__rtentry4.o)
    0x080001d4   0x080001d4   0x00000000   Code   RO         5561    .ARM.Collect$$rtentry$$00000009  c_w.l(__rtentry2.o)
    0x080001d4   0x080001d4   0x00000004   Code   RO         5562    .ARM.Collect$$rtentry$$0000000A  c_w.l(__rtentry2.o)
    0x080001d8   0x080001d8   0x00000000   Code   RO         5564    .ARM.Collect$$rtentry$$0000000C  c_w.l(__rtentry2.o)
    0x080001d8   0x080001d8   0x00000008   Code   RO         5565    .ARM.Collect$$rtentry$$0000000D  c_w.l(__rtentry2.o)
    0x080001e0   0x080001e0   0x00000002   Code   RO         5609    .ARM.Collect$$rtexit$$00000000  c_w.l(rtexit.o)
    0x080001e2   0x080001e2   0x00000000   Code   RO         5657    .ARM.Collect$$rtexit$$00000002  c_w.l(rtexit2.o)
    0x080001e2   0x080001e2   0x00000004   Code   RO         5658    .ARM.Collect$$rtexit$$00000003  c_w.l(rtexit2.o)
    0x080001e6   0x080001e6   0x00000006   Code   RO         5659    .ARM.Collect$$rtexit$$00000004  c_w.l(rtexit2.o)
    0x080001ec   0x080001ec   0x00000096   Code   RO         5286    .emb_text           port.o
    0x08000282   0x08000282   0x00000002   PAD
    0x08000284   0x08000284   0x00000040   Code   RO            4    .text               startup_stm32f103xe.o
    0x080002c4   0x080002c4   0x00000002   Code   RO         5365    .text               c_w.l(use_no_semi_2.o)
    0x080002c6   0x080002c6   0x00000002   PAD
    0x080002c8   0x080002c8   0x00000034   Code   RO         5371    .text               c_w.l(noretval__2snprintf.o)
    0x080002fc   0x080002fc   0x0000004e   Code   RO         5375    .text               c_w.l(_printf_pad.o)
    0x0800034a   0x0800034a   0x00000052   Code   RO         5377    .text               c_w.l(_printf_str.o)
    0x0800039c   0x0800039c   0x00000078   Code   RO         5379    .text               c_w.l(_printf_dec.o)
    0x08000414   0x08000414   0x00000058   Code   RO         5384    .text               c_w.l(_printf_hex_int.o)
    0x0800046c   0x0800046c   0x00000188   Code   RO         5419    .text               c_w.l(__printf_flags_ss_wp.o)
    0x080005f4   0x080005f4   0x00000024   Code   RO         5428    .text               c_w.l(strstr.o)
    0x08000618   0x08000618   0x0000003e   Code   RO         5430    .text               c_w.l(strlen.o)
    0x08000656   0x08000656   0x0000008a   Code   RO         5432    .text               c_w.l(rt_memcpy_v6.o)
    0x080006e0   0x080006e0   0x00000064   Code   RO         5434    .text               c_w.l(rt_memcpy_w.o)
    0x08000744   0x08000744   0x00000010   Code   RO         5438    .text               c_w.l(aeabi_memset.o)
    0x08000754   0x08000754   0x00000044   Code   RO         5440    .text               c_w.l(rt_memclr.o)
    0x08000798   0x08000798   0x0000004e   Code   RO         5442    .text               c_w.l(rt_memclr_w.o)
    0x080007e6   0x080007e6   0x00000006   Code   RO         5444    .text               c_w.l(heapauxi.o)
    0x080007ec   0x080007ec   0x00000002   Code   RO         5492    .text               c_w.l(use_no_semi.o)
    0x080007ee   0x080007ee   0x00000016   Code   RO         5495    .text               c_w.l(_rserrno.o)
    0x08000804   0x08000804   0x000000b2   Code   RO         5497    .text               c_w.l(_printf_intcommon.o)
    0x080008b6   0x080008b6   0x00000002   PAD
    0x080008b8   0x080008b8   0x00000030   Code   RO         5499    .text               c_w.l(_printf_char_common.o)
    0x080008e8   0x080008e8   0x0000000a   Code   RO         5501    .text               c_w.l(_sputc.o)
    0x080008f2   0x080008f2   0x00000010   Code   RO         5503    .text               c_w.l(_snputc.o)
    0x08000902   0x08000902   0x0000002c   Code   RO         5505    .text               c_w.l(_printf_char.o)
    0x0800092e   0x0800092e   0x00000002   PAD
    0x08000930   0x08000930   0x00000008   Code   RO         5576    .text               c_w.l(rt_errno_addr_intlibspace.o)
    0x08000938   0x08000938   0x00000008   Code   RO         5592    .text               c_w.l(libspace.o)
    0x08000940   0x08000940   0x0000004a   Code   RO         5595    .text               c_w.l(sys_stackheap_outer.o)
    0x0800098a   0x0800098a   0x00000012   Code   RO         5597    .text               c_w.l(exit.o)
    0x0800099c   0x0800099c   0x00000078   Code   RO          217    i.App_ApplyUltrasonicAvoidance  freertos.o
    0x08000a14   0x08000a14   0x000000bc   Code   RO          218    i.App_BluetoothAtExchange  freertos.o
    0x08000ad0   0x08000ad0   0x000003b8   Code   RO          219    i.App_BluetoothConfigureJdy33  freertos.o
    0x08000e88   0x08000e88   0x00000044   Code   RO          220    i.App_BluetoothSetBaud  freertos.o
    0x08000ecc   0x08000ecc   0x00000080   Code   RO          221    i.App_BuildBalanceSetpoint  freertos.o
    0x08000f4c   0x08000f4c   0x0000009c   Code   RO          222    i.App_FormatFloat   freertos.o
    0x08000fe8   0x08000fe8   0x000000b0   Code   RO          223    i.App_QueueTelemetry  freertos.o
    0x08001098   0x08001098   0x0000006c   Code   RO          224    i.App_ReadGrayscaleCode  freertos.o
    0x08001104   0x08001104   0x00000098   Code   RO          225    i.App_SendBluetoothCommand  freertos.o
    0x0800119c   0x0800119c   0x00000178   Code   RO          226    i.App_SendTelemetry  freertos.o
    0x08001314   0x08001314   0x00000050   Code   RO          227    i.App_SendText      freertos.o
    0x08001364   0x08001364   0x00000012   Code   RO          228    i.App_SetStoppedOutput  freertos.o
    0x08001376   0x08001376   0x00000002   PAD
    0x08001378   0x08001378   0x0000003c   Code   RO          229    i.App_UltrasonicPublishSample  freertos.o
    0x080013b4   0x080013b4   0x00000004   Code   RO          635    i.BalanceControl_Init  balance_control.o
    0x080013b8   0x080013b8   0x0000000c   Code   RO          636    i.BalanceControl_Reset  balance_control.o
    0x080013c4   0x080013c4   0x000001a4   Code   RO          637    i.BalanceControl_Update  balance_control.o
    0x08001568   0x08001568   0x00000016   Code   RO          638    i.Balance_ClampTotalPwm  balance_control.o
    0x0800157e   0x0800157e   0x0000001e   Code   RO          639    i.Balance_RoundFloat  balance_control.o
    0x0800159c   0x0800159c   0x00000022   Code   RO          640    i.Balance_StoppedOutput  balance_control.o
    0x080015be   0x080015be   0x00000016   Code   RO          543    i.BluetoothAtResponse_Contains  bluetooth_control.o
    0x080015d4   0x080015d4   0x0000000c   Code   RO          544    i.BluetoothAtResponse_Init  bluetooth_control.o
    0x080015e0   0x080015e0   0x00000018   Code   RO          545    i.BluetoothAtResponse_Push  bluetooth_control.o
    0x080015f8   0x080015f8   0x00000036   Code   RO          546    i.BluetoothCommand_AdjustSelectedSpeed  bluetooth_control.o
    0x0800162e   0x0800162e   0x00000020   Code   RO          547    i.BluetoothCommand_ApplyTimeout  bluetooth_control.o
    0x0800164e   0x0800164e   0x00000018   Code   RO          548    i.BluetoothCommand_ClampSpeed  bluetooth_control.o
    0x08001666   0x08001666   0x00000028   Code   RO          549    i.BluetoothCommand_Init  bluetooth_control.o
    0x0800168e   0x0800168e   0x000000ec   Code   RO          550    i.BluetoothCommand_ProcessByte  bluetooth_control.o
    0x0800177a   0x0800177a   0x0000007c   Code   RO          551    i.BluetoothCommand_ProcessOnFrame  bluetooth_control.o
    0x080017f6   0x080017f6   0x00000016   Code   RO          552    i.BluetoothCommand_ToggleMode  bluetooth_control.o
    0x0800180c   0x0800180c   0x00000002   Code   RO          988    i.BusFault_Handler  stm32f1xx_it.o
    0x0800180e   0x0800180e   0x00000002   Code   RO          989    i.DebugMon_Handler  stm32f1xx_it.o
    0x08001810   0x08001810   0x00000008   Code   RO          990    i.EXTI9_5_IRQHandler  stm32f1xx_it.o
    0x08001818   0x08001818   0x000000a4   Code   RO          755    i.Encoder_Update5ms  motor_control.o
    0x080018bc   0x080018bc   0x00000004   Code   RO           13    i.Error_Handler     main.o
    0x080018c0   0x080018c0   0x00000046   Code   RO         2523    i.HAL_DMA_Abort     stm32f1xx_hal_dma.o
    0x08001906   0x08001906   0x00000002   PAD
    0x08001908   0x08001908   0x00000130   Code   RO         2524    i.HAL_DMA_Abort_IT  stm32f1xx_hal_dma.o
    0x08001a38   0x08001a38   0x00000004   Code   RO         2526    i.HAL_DMA_GetError  stm32f1xx_hal_dma.o
    0x08001a3c   0x08001a3c   0x00000024   Code   RO         2149    i.HAL_Delay         stm32f1xx_hal.o
    0x08001a60   0x08001a60   0x00000020   Code   RO          230    i.HAL_GPIO_EXTI_Callback  freertos.o
    0x08001a80   0x08001a80   0x00000018   Code   RO         2458    i.HAL_GPIO_EXTI_IRQHandler  stm32f1xx_hal_gpio.o
    0x08001a98   0x08001a98   0x000001f8   Code   RO         2459    i.HAL_GPIO_Init     stm32f1xx_hal_gpio.o
    0x08001c90   0x08001c90   0x0000000a   Code   RO         2461    i.HAL_GPIO_ReadPin  stm32f1xx_hal_gpio.o
    0x08001c9a   0x08001c9a   0x0000000a   Code   RO         2463    i.HAL_GPIO_WritePin  stm32f1xx_hal_gpio.o
    0x08001ca4   0x08001ca4   0x0000000c   Code   RO         2153    i.HAL_GetTick       stm32f1xx_hal.o
    0x08001cb0   0x08001cb0   0x00000010   Code   RO         2159    i.HAL_IncTick       stm32f1xx_hal.o
    0x08001cc0   0x08001cc0   0x00000024   Code   RO         2160    i.HAL_Init          stm32f1xx_hal.o
    0x08001ce4   0x08001ce4   0x00000098   Code   RO         1094    i.HAL_InitTick      stm32f1xx_hal_timebase_tim.o
    0x08001d7c   0x08001d7c   0x00000048   Code   RO         1070    i.HAL_MspInit       stm32f1xx_hal_msp.o
    0x08001dc4   0x08001dc4   0x0000001a   Code   RO         2619    i.HAL_NVIC_EnableIRQ  stm32f1xx_hal_cortex.o
    0x08001dde   0x08001dde   0x00000002   PAD
    0x08001de0   0x08001de0   0x00000040   Code   RO         2625    i.HAL_NVIC_SetPriority  stm32f1xx_hal_cortex.o
    0x08001e20   0x08001e20   0x00000024   Code   RO         2626    i.HAL_NVIC_SetPriorityGrouping  stm32f1xx_hal_cortex.o
    0x08001e44   0x08001e44   0x0000012c   Code   RO         2317    i.HAL_RCC_ClockConfig  stm32f1xx_hal_rcc.o
    0x08001f70   0x08001f70   0x00000040   Code   RO         2321    i.HAL_RCC_GetClockConfig  stm32f1xx_hal_rcc.o
    0x08001fb0   0x08001fb0   0x00000020   Code   RO         2324    i.HAL_RCC_GetPCLK1Freq  stm32f1xx_hal_rcc.o
    0x08001fd0   0x08001fd0   0x00000020   Code   RO         2325    i.HAL_RCC_GetPCLK2Freq  stm32f1xx_hal_rcc.o
    0x08001ff0   0x08001ff0   0x0000004c   Code   RO         2326    i.HAL_RCC_GetSysClockFreq  stm32f1xx_hal_rcc.o
    0x0800203c   0x0800203c   0x00000320   Code   RO         2329    i.HAL_RCC_OscConfig  stm32f1xx_hal_rcc.o
    0x0800235c   0x0800235c   0x00000002   Code   RO         1875    i.HAL_TIMEx_BreakCallback  stm32f1xx_hal_tim_ex.o
    0x0800235e   0x0800235e   0x00000002   Code   RO         1876    i.HAL_TIMEx_CommutCallback  stm32f1xx_hal_tim_ex.o
    0x08002360   0x08002360   0x0000007c   Code   RO         1894    i.HAL_TIMEx_MasterConfigSynchronization  stm32f1xx_hal_tim_ex.o
    0x080023dc   0x080023dc   0x0000005a   Code   RO         1171    i.HAL_TIM_Base_Init  stm32f1xx_hal_tim.o
    0x08002436   0x08002436   0x00000002   PAD
    0x08002438   0x08002438   0x00000028   Code   RO          834    i.HAL_TIM_Base_MspInit  tim.o
    0x08002460   0x08002460   0x0000006c   Code   RO         1176    i.HAL_TIM_Base_Start_IT  stm32f1xx_hal_tim.o
    0x080024cc   0x080024cc   0x00000030   Code   RO         1179    i.HAL_TIM_Base_Stop_IT  stm32f1xx_hal_tim.o
    0x080024fc   0x080024fc   0x000000dc   Code   RO         1180    i.HAL_TIM_ConfigClockSource  stm32f1xx_hal_tim.o
    0x080025d8   0x080025d8   0x000000a4   Code   RO         1192    i.HAL_TIM_Encoder_Init  stm32f1xx_hal_tim.o
    0x0800267c   0x0800267c   0x0000008c   Code   RO          836    i.HAL_TIM_Encoder_MspInit  tim.o
    0x08002708   0x08002708   0x0000008e   Code   RO         1195    i.HAL_TIM_Encoder_Start  stm32f1xx_hal_tim.o
    0x08002796   0x08002796   0x00000002   PAD
    0x08002798   0x08002798   0x00000068   Code   RO          389    i.HAL_TIM_IC_CaptureCallback  ultrasonic.o
    0x08002800   0x08002800   0x00000124   Code   RO         1207    i.HAL_TIM_IC_ConfigChannel  stm32f1xx_hal_tim.o
    0x08002924   0x08002924   0x0000005a   Code   RO         1210    i.HAL_TIM_IC_Init   stm32f1xx_hal_tim.o
    0x0800297e   0x0800297e   0x00000002   PAD
    0x08002980   0x08002980   0x00000064   Code   RO          838    i.HAL_TIM_IC_MspInit  tim.o
    0x080029e4   0x080029e4   0x000000f8   Code   RO         1215    i.HAL_TIM_IC_Start_IT  stm32f1xx_hal_tim.o
    0x08002adc   0x08002adc   0x00000092   Code   RO         1218    i.HAL_TIM_IC_Stop_IT  stm32f1xx_hal_tim.o
    0x08002b6e   0x08002b6e   0x00000130   Code   RO         1219    i.HAL_TIM_IRQHandler  stm32f1xx_hal_tim.o
    0x08002c9e   0x08002c9e   0x00000002   PAD
    0x08002ca0   0x08002ca0   0x00000070   Code   RO          839    i.HAL_TIM_MspPostInit  tim.o
    0x08002d10   0x08002d10   0x00000002   Code   RO         1222    i.HAL_TIM_OC_DelayElapsedCallback  stm32f1xx_hal_tim.o
    0x08002d12   0x08002d12   0x000000cc   Code   RO         1243    i.HAL_TIM_PWM_ConfigChannel  stm32f1xx_hal_tim.o
    0x08002dde   0x08002dde   0x0000005a   Code   RO         1246    i.HAL_TIM_PWM_Init  stm32f1xx_hal_tim.o
    0x08002e38   0x08002e38   0x00000002   Code   RO         1248    i.HAL_TIM_PWM_MspInit  stm32f1xx_hal_tim.o
    0x08002e3a   0x08002e3a   0x00000002   Code   RO         1249    i.HAL_TIM_PWM_PulseFinishedCallback  stm32f1xx_hal_tim.o
    0x08002e3c   0x08002e3c   0x000000b4   Code   RO         1251    i.HAL_TIM_PWM_Start  stm32f1xx_hal_tim.o
    0x08002ef0   0x08002ef0   0x0000001c   Code   RO           14    i.HAL_TIM_PeriodElapsedCallback  main.o
    0x08002f0c   0x08002f0c   0x0000002a   Code   RO         1259    i.HAL_TIM_ReadCapturedValue  stm32f1xx_hal_tim.o
    0x08002f36   0x08002f36   0x00000002   Code   RO         1262    i.HAL_TIM_TriggerCallback  stm32f1xx_hal_tim.o
    0x08002f38   0x08002f38   0x00000002   Code   RO         3131    i.HAL_UARTEx_RxEventCallback  stm32f1xx_hal_uart.o
    0x08002f3a   0x08002f3a   0x00000094   Code   RO         3134    i.HAL_UART_AbortReceive  stm32f1xx_hal_uart.o
    0x08002fce   0x08002fce   0x00000002   PAD
    0x08002fd0   0x08002fd0   0x0000002c   Code   RO          231    i.HAL_UART_ErrorCallback  freertos.o
    0x08002ffc   0x08002ffc   0x0000026c   Code   RO         3148    i.HAL_UART_IRQHandler  stm32f1xx_hal_uart.o
    0x08003268   0x08003268   0x00000064   Code   RO         3149    i.HAL_UART_Init     stm32f1xx_hal_uart.o
    0x080032cc   0x080032cc   0x000000d0   Code   RO          924    i.HAL_UART_MspInit  usart.o
    0x0800339c   0x0800339c   0x0000001c   Code   RO         3154    i.HAL_UART_Receive_IT  stm32f1xx_hal_uart.o
    0x080033b8   0x080033b8   0x00000040   Code   RO          232    i.HAL_UART_RxCpltCallback  freertos.o
    0x080033f8   0x080033f8   0x000000a0   Code   RO         3157    i.HAL_UART_Transmit  stm32f1xx_hal_uart.o
    0x08003498   0x08003498   0x00000002   Code   RO         3160    i.HAL_UART_TxCpltCallback  stm32f1xx_hal_uart.o
    0x0800349a   0x0800349a   0x00000002   Code   RO          991    i.HardFault_Handler  stm32f1xx_it.o
    0x0800349c   0x0800349c   0x00000060   Code   RO         3482    i.I2C_SendByte      stm32_i2c.o
    0x080034fc   0x080034fc   0x0000005c   Code   RO         3483    i.I2C_Start         stm32_i2c.o
    0x08003558   0x08003558   0x0000004c   Code   RO         3484    i.I2C_Stop          stm32_i2c.o
    0x080035a4   0x080035a4   0x0000005c   Code   RO         3485    i.I2C_WaitAck       stm32_i2c.o
    0x08003600   0x08003600   0x0000000e   Code   RO         3486    i.I2C_delay         stm32_i2c.o
    0x0800360e   0x0800360e   0x00000002   PAD
    0x08003610   0x08003610   0x000000b0   Code   RO          677    i.Imu_Init          imu.o
    0x080036c0   0x080036c0   0x00000074   Code   RO          678    i.Imu_ReadRaw       imu.o
    0x08003734   0x08003734   0x000000f0   Code   RO          680    i.Imu_UpdateKalman5ms  imu.o
    0x08003824   0x08003824   0x00000014   Code   RO          681    i.Imu_WriteReg      imu.o
    0x08003838   0x08003838   0x00000046   Code   RO          605    i.LineTracking_BuildMotion  line_tracking.o
    0x0800387e   0x0800387e   0x00000030   Code   RO          606    i.LineTracking_Decode  line_tracking.o
    0x080038ae   0x080038ae   0x00000002   PAD
    0x080038b0   0x080038b0   0x00000040   Code   RO          607    i.LineTracking_DirectionText  line_tracking.o
    0x080038f0   0x080038f0   0x00000022   Code   RO          608    i.LineTracking_PackCode  line_tracking.o
    0x08003912   0x08003912   0x00000002   PAD
    0x08003914   0x08003914   0x00000210   Code   RO          233    i.MX_FREERTOS_Init  freertos.o
    0x08003b24   0x08003b24   0x0000012c   Code   RO          193    i.MX_GPIO_Init      gpio.o
    0x08003c50   0x08003c50   0x0000006c   Code   RO          840    i.MX_TIM2_Init      tim.o
    0x08003cbc   0x08003cbc   0x000000c8   Code   RO          841    i.MX_TIM3_Init      tim.o
    0x08003d84   0x08003d84   0x0000006c   Code   RO          842    i.MX_TIM4_Init      tim.o
    0x08003df0   0x08003df0   0x00000070   Code   RO          843    i.MX_TIM8_Init      tim.o
    0x08003e60   0x08003e60   0x00000038   Code   RO          925    i.MX_USART1_UART_Init  usart.o
    0x08003e98   0x08003e98   0x00000038   Code   RO          926    i.MX_USART3_UART_Init  usart.o
    0x08003ed0   0x08003ed0   0x00000002   Code   RO          992    i.MemManage_Handler  stm32f1xx_it.o
    0x08003ed2   0x08003ed2   0x0000000e   Code   RO          756    i.Motor_ApplyScale  motor_control.o
    0x08003ee0   0x08003ee0   0x0000002c   Code   RO          757    i.Motor_Brake       motor_control.o
    0x08003f0c   0x08003f0c   0x00000016   Code   RO          758    i.Motor_ClampPWM    motor_control.o
    0x08003f22   0x08003f22   0x00000002   PAD
    0x08003f24   0x08003f24   0x00000008   Code   RO          759    i.Motor_GetTelemetry  motor_control.o
    0x08003f2c   0x08003f2c   0x00000098   Code   RO          760    i.Motor_Init        motor_control.o
    0x08003fc4   0x08003fc4   0x00000060   Code   RO          818    i.Motor_MapPWMCommand  motor_pwm_map.o
    0x08004024   0x08004024   0x00000016   Code   RO          761    i.Motor_PWMCompareFromMagnitude  motor_control.o
    0x0800403a   0x0800403a   0x00000002   PAD
    0x0800403c   0x0800403c   0x000000b0   Code   RO          762    i.Motor_SetPWM      motor_control.o
    0x080040ec   0x080040ec   0x00000002   Code   RO          993    i.NMI_Handler       stm32f1xx_it.o
    0x080040ee   0x080040ee   0x00000002   PAD
    0x080040f0   0x080040f0   0x00000010   Code   RO          462    i.OLED_ClearBuffer  oled.o
    0x08004100   0x08004100   0x00000078   Code   RO          519    i.OLED_DashboardFormat  oled_dashboard.o
    0x08004178   0x08004178   0x0000007c   Code   RO          463    i.OLED_DrawChar     oled.o
    0x080041f4   0x080041f4   0x00000090   Code   RO          464    i.OLED_FindGlyph    oled.o
    0x08004284   0x08004284   0x000000f8   Code   RO          465    i.OLED_Init         oled.o
    0x0800437c   0x0800437c   0x0000004c   Code   RO          466    i.OLED_Refresh      oled.o
    0x080043c8   0x080043c8   0x00000024   Code   RO          521    i.OLED_RenderDashboard  oled_dashboard.o
    0x080043ec   0x080043ec   0x0000002a   Code   RO          467    i.OLED_ShowString   oled.o
    0x08004416   0x08004416   0x00000002   PAD
    0x08004418   0x08004418   0x00000064   Code   RO          468    i.OLED_WriteByte    oled.o
    0x0800447c   0x0800447c   0x00000016   Code   RO          734    i.PitchKalman_Reset  pitch_kalman.o
    0x08004492   0x08004492   0x0000014e   Code   RO          735    i.PitchKalman_Update  pitch_kalman.o
    0x080045e0   0x080045e0   0x00000070   Code   RO          234    i.StartBluetoothTask  freertos.o
    0x08004650   0x08004650   0x00000324   Code   RO          235    i.StartControlTask  freertos.o
    0x08004974   0x08004974   0x000000c0   Code   RO          236    i.StartTelemetryTask  freertos.o
    0x08004a34   0x08004a34   0x0000006c   Code   RO          237    i.StartUltrasonicTask  freertos.o
    0x08004aa0   0x08004aa0   0x0000001a   Code   RO         4721    i.SysTick_Handler   cmsis_os2.o
    0x08004aba   0x08004aba   0x0000005e   Code   RO           15    i.SystemClock_Config  main.o
    0x08004b18   0x08004b18   0x00000002   Code   RO         3574    i.SystemInit        system_stm32f1xx.o
    0x08004b1a   0x08004b1a   0x00000002   PAD
    0x08004b1c   0x08004b1c   0x0000000c   Code   RO          994    i.TIM2_IRQHandler   stm32f1xx_it.o
    0x08004b28   0x08004b28   0x0000000c   Code   RO          995    i.TIM7_IRQHandler   stm32f1xx_it.o
    0x08004b34   0x08004b34   0x0000009c   Code   RO         1264    i.TIM_Base_SetConfig  stm32f1xx_hal_tim.o
    0x08004bd0   0x08004bd0   0x0000001a   Code   RO         1265    i.TIM_CCxChannelCmd  stm32f1xx_hal_tim.o
    0x08004bea   0x08004bea   0x00000014   Code   RO         1275    i.TIM_ETR_SetConfig  stm32f1xx_hal_tim.o
    0x08004bfe   0x08004bfe   0x00000010   Code   RO         1276    i.TIM_ITRx_SetConfig  stm32f1xx_hal_tim.o
    0x08004c0e   0x08004c0e   0x00000002   PAD
    0x08004c10   0x08004c10   0x00000060   Code   RO         1277    i.TIM_OC1_SetConfig  stm32f1xx_hal_tim.o
    0x08004c70   0x08004c70   0x0000006c   Code   RO         1278    i.TIM_OC2_SetConfig  stm32f1xx_hal_tim.o
    0x08004cdc   0x08004cdc   0x00000068   Code   RO         1279    i.TIM_OC3_SetConfig  stm32f1xx_hal_tim.o
    0x08004d44   0x08004d44   0x00000050   Code   RO         1280    i.TIM_OC4_SetConfig  stm32f1xx_hal_tim.o
    0x08004d94   0x08004d94   0x00000022   Code   RO         1282    i.TIM_TI1_ConfigInputStage  stm32f1xx_hal_tim.o
    0x08004db6   0x08004db6   0x00000002   PAD
    0x08004db8   0x08004db8   0x0000006c   Code   RO         1283    i.TIM_TI1_SetConfig  stm32f1xx_hal_tim.o
    0x08004e24   0x08004e24   0x00000024   Code   RO         1284    i.TIM_TI2_ConfigInputStage  stm32f1xx_hal_tim.o
    0x08004e48   0x08004e48   0x00000036   Code   RO         1285    i.TIM_TI2_SetConfig  stm32f1xx_hal_tim.o
    0x08004e7e   0x08004e7e   0x00000010   Code   RO         3162    i.UART_DMAAbortOnError  stm32f1xx_hal_uart.o
    0x08004e8e   0x08004e8e   0x0000004e   Code   RO         3172    i.UART_EndRxTransfer  stm32f1xx_hal_uart.o
    0x08004edc   0x08004edc   0x000000c2   Code   RO         3174    i.UART_Receive_IT   stm32f1xx_hal_uart.o
    0x08004f9e   0x08004f9e   0x00000002   PAD
    0x08004fa0   0x08004fa0   0x000000b8   Code   RO         3175    i.UART_SetConfig    stm32f1xx_hal_uart.o
    0x08005058   0x08005058   0x00000036   Code   RO         3177    i.UART_Start_Receive_IT  stm32f1xx_hal_uart.o
    0x0800508e   0x0800508e   0x00000072   Code   RO         3178    i.UART_WaitOnFlagUntilTimeout  stm32f1xx_hal_uart.o
    0x08005100   0x08005100   0x0000000c   Code   RO          996    i.USART3_IRQHandler  stm32f1xx_it.o
    0x0800510c   0x0800510c   0x0000001c   Code   RO          390    i.Ultrasonic_AbortMeasurement  ultrasonic.o
    0x08005128   0x08005128   0x00000054   Code   RO          391    i.Ultrasonic_Complete  ultrasonic.o
    0x0800517c   0x0800517c   0x00000040   Code   RO          392    i.Ultrasonic_GetResult  ultrasonic.o
    0x080051bc   0x080051bc   0x00000028   Code   RO          393    i.Ultrasonic_HandleTimeoutIRQ  ultrasonic.o
    0x080051e4   0x080051e4   0x00000034   Code   RO          394    i.Ultrasonic_Init   ultrasonic.o
    0x08005218   0x08005218   0x0000009c   Code   RO          395    i.Ultrasonic_StartMeasurement  ultrasonic.o
    0x080052b4   0x080052b4   0x00000030   Code   RO          396    i.Ultrasonic_StopTimer  ultrasonic.o
    0x080052e4   0x080052e4   0x00000002   Code   RO          997    i.UsageFault_Handler  stm32f1xx_it.o
    0x080052e6   0x080052e6   0x00000028   Code   RO         5588    i.__ARM_fpclassify  m_ws.l(fpclassify.o)
    0x0800530e   0x0800530e   0x00000020   Code   RO         2632    i.__NVIC_SetPriority  stm32f1xx_hal_cortex.o
    0x0800532e   0x0800532e   0x000000aa   Code   RO         5590    i.__kernel_poly     m_ws.l(poly.o)
    0x080053d8   0x080053d8   0x00000006   Code   RO         5544    i.__mathlib_dbl_infnan  m_ws.l(dunder.o)
    0x080053de   0x080053de   0x00000004   Code   RO         5545    i.__mathlib_dbl_infnan2  m_ws.l(dunder.o)
    0x080053e2   0x080053e2   0x00000002   PAD
    0x080053e4   0x080053e4   0x00000010   Code   RO         5549    i.__mathlib_dbl_underflow  m_ws.l(dunder.o)
    0x080053f4   0x080053f4   0x0000000e   Code   RO         5412    i._is_digit         c_w.l(__printf_wp.o)
    0x08005402   0x08005402   0x00000002   Code   RO          927    i._sys_exit         usart.o
    0x08005404   0x08005404   0x00000220   Code   RO         5534    i.atan              m_ws.l(atan.o)
    0x08005624   0x08005624   0x0000019c   Code   RO         5485    i.atan2             m_ws.l(atan2.o)
    0x080057c0   0x080057c0   0x00000030   Code   RO         3488    i.i2cInit           stm32_i2c.o
    0x080057f0   0x080057f0   0x0000010c   Code   RO         3489    i.i2cRead           stm32_i2c.o
    0x080058fc   0x080058fc   0x00000060   Code   RO         3490    i.i2cUnstick        stm32_i2c.o
    0x0800595c   0x0800595c   0x00000042   Code   RO         3491    i.i2cWrite          stm32_i2c.o
    0x0800599e   0x0800599e   0x00000036   Code   RO           16    i.main              main.o
    0x080059d4   0x080059d4   0x0000001a   Code   RO         4723    i.osDelay           cmsis_os2.o
    0x080059ee   0x080059ee   0x0000002e   Code   RO         4724    i.osDelayUntil      cmsis_os2.o
    0x08005a1c   0x08005a1c   0x00000020   Code   RO         4732    i.osKernelGetState  cmsis_os2.o
    0x08005a3c   0x08005a3c   0x0000000e   Code   RO         4735    i.osKernelGetTickCount  cmsis_os2.o
    0x08005a4a   0x08005a4a   0x00000002   PAD
    0x08005a4c   0x08005a4c   0x00000024   Code   RO         4737    i.osKernelInitialize  cmsis_os2.o
    0x08005a70   0x08005a70   0x00000038   Code   RO         4740    i.osKernelStart     cmsis_os2.o
    0x08005aa8   0x08005aa8   0x00000064   Code   RO         4752    i.osMessageQueueGet  cmsis_os2.o
    0x08005b0c   0x08005b0c   0x00000058   Code   RO         4757    i.osMessageQueueNew  cmsis_os2.o
    0x08005b64   0x08005b64   0x00000068   Code   RO         4758    i.osMessageQueuePut  cmsis_os2.o
    0x08005bcc   0x08005bcc   0x00000022   Code   RO         4759    i.osMessageQueueReset  cmsis_os2.o
    0x08005bee   0x08005bee   0x00000052   Code   RO         4760    i.osMutexAcquire    cmsis_os2.o
    0x08005c40   0x08005c40   0x00000068   Code   RO         4763    i.osMutexNew        cmsis_os2.o
    0x08005ca8   0x08005ca8   0x00000042   Code   RO         4764    i.osMutexRelease    cmsis_os2.o
    0x08005cea   0x08005cea   0x0000004e   Code   RO         4772    i.osThreadFlagsClear  cmsis_os2.o
    0x08005d38   0x08005d38   0x00000074   Code   RO         4774    i.osThreadFlagsSet  cmsis_os2.o
    0x08005dac   0x08005dac   0x00000096   Code   RO         4775    i.osThreadFlagsWait  cmsis_os2.o
    0x08005e42   0x08005e42   0x00000004   Code   RO         4777    i.osThreadGetId     cmsis_os2.o
    0x08005e46   0x08005e46   0x00000002   PAD
    0x08005e48   0x08005e48   0x0000008a   Code   RO         4782    i.osThreadNew       cmsis_os2.o
    0x08005ed2   0x08005ed2   0x00000002   PAD
    0x08005ed4   0x08005ed4   0x0000005c   Code   RO         4182    i.prvAddCurrentTaskToDelayedList  tasks.o
    0x08005f30   0x08005f30   0x000000d0   Code   RO         4183    i.prvAddNewTaskToReadyList  tasks.o
    0x08006000   0x08006000   0x00000058   Code   RO         4547    i.prvCheckForValidListAndQueue  timers.o
    0x08006058   0x08006058   0x00000026   Code   RO         3779    i.prvCopyDataFromQueue  queue.o
    0x0800607e   0x0800607e   0x0000006c   Code   RO         3780    i.prvCopyDataToQueue  queue.o
    0x080060ea   0x080060ea   0x00000034   Code   RO         4184    i.prvDeleteTCB      tasks.o
    0x0800611e   0x0800611e   0x00000002   PAD
    0x08006120   0x08006120   0x0000004c   Code   RO         5231    i.prvHeapInit       heap_4.o
    0x0800616c   0x0800616c   0x00000060   Code   RO         4185    i.prvIdleTask       tasks.o
    0x080061cc   0x080061cc   0x00000016   Code   RO         3781    i.prvInitialiseMutex  queue.o
    0x080061e2   0x080061e2   0x00000002   PAD
    0x080061e4   0x080061e4   0x00000022   Code   RO         3782    i.prvInitialiseNewQueue  queue.o
    0x08006206   0x08006206   0x00000002   PAD
    0x08006208   0x08006208   0x000000b0   Code   RO         4186    i.prvInitialiseNewTask  tasks.o
    0x080062b8   0x080062b8   0x0000004c   Code   RO         5232    i.prvInsertBlockIntoFreeList  heap_4.o
    0x08006304   0x08006304   0x00000038   Code   RO         4549    i.prvInsertTimerInActiveList  timers.o
    0x0800633c   0x0800633c   0x0000001c   Code   RO         3783    i.prvIsQueueEmpty   queue.o
    0x08006358   0x08006358   0x000000fc   Code   RO         4550    i.prvProcessReceivedCommands  timers.o
    0x08006454   0x08006454   0x000000c0   Code   RO         4551    i.prvProcessTimerOrBlockTask  timers.o
    0x08006514   0x08006514   0x00000020   Code   RO         4188    i.prvResetNextTaskUnblockTime  tasks.o
    0x08006534   0x08006534   0x00000028   Code   RO         4552    i.prvSampleTimeNow  timers.o
    0x0800655c   0x0800655c   0x0000006c   Code   RO         4553    i.prvSwitchTimerLists  timers.o
    0x080065c8   0x080065c8   0x00000028   Code   RO         5287    i.prvTaskExitError  port.o
    0x080065f0   0x080065f0   0x00000024   Code   RO         4554    i.prvTimerTask      timers.o
    0x08006614   0x08006614   0x0000006a   Code   RO         3784    i.prvUnlockQueue    queue.o
    0x0800667e   0x0800667e   0x00000002   PAD
    0x08006680   0x08006680   0x000000dc   Code   RO         5233    i.pvPortMalloc      heap_4.o
    0x0800675c   0x0800675c   0x00000018   Code   RO         4191    i.pvTaskIncrementMutexHeldCount  tasks.o
    0x08006774   0x08006774   0x00000024   Code   RO         5288    i.pxPortInitialiseStack  port.o
    0x08006798   0x08006798   0x00000026   Code   RO         3739    i.uxListRemove      list.o
    0x080067be   0x080067be   0x00000002   PAD
    0x080067c0   0x080067c0   0x00000014   Code   RO         4794    i.vApplicationGetIdleTaskMemory  cmsis_os2.o
    0x080067d4   0x080067d4   0x00000018   Code   RO         4795    i.vApplicationGetTimerTaskMemory  cmsis_os2.o
    0x080067ec   0x080067ec   0x00000016   Code   RO         3740    i.vListInitialise   list.o
    0x08006802   0x08006802   0x00000006   Code   RO         3741    i.vListInitialiseItem  list.o
    0x08006808   0x08006808   0x00000030   Code   RO         3742    i.vListInsert       list.o
    0x08006838   0x08006838   0x00000018   Code   RO         3743    i.vListInsertEnd    list.o
    0x08006850   0x08006850   0x00000040   Code   RO         5290    i.vPortEnterCritical  port.o
    0x08006890   0x08006890   0x00000028   Code   RO         5291    i.vPortExitCritical  port.o
    0x080068b8   0x080068b8   0x00000064   Code   RO         5234    i.vPortFree         heap_4.o
    0x0800691c   0x0800691c   0x00000024   Code   RO         5292    i.vPortSetupTimerInterrupt  port.o
    0x08006940   0x08006940   0x00000054   Code   RO         5293    i.vPortValidateInterruptPriority  port.o
    0x08006994   0x08006994   0x00000028   Code   RO         3790    i.vQueueAddToRegistry  queue.o
    0x080069bc   0x080069bc   0x00000044   Code   RO         3794    i.vQueueWaitForMessageRestricted  queue.o
    0x08006a00   0x08006a00   0x0000004c   Code   RO         4201    i.vTaskDelay        tasks.o
    0x08006a4c   0x08006a4c   0x0000008c   Code   RO         4202    i.vTaskDelayUntil   tasks.o
    0x08006ad8   0x08006ad8   0x00000010   Code   RO         4206    i.vTaskInternalSetTimeOutState  tasks.o
    0x08006ae8   0x08006ae8   0x0000000c   Code   RO         4207    i.vTaskMissedYield  tasks.o
    0x08006af4   0x08006af4   0x00000030   Code   RO         4209    i.vTaskPlaceOnEventList  tasks.o
    0x08006b24   0x08006b24   0x00000038   Code   RO         4210    i.vTaskPlaceOnEventListRestricted  tasks.o
    0x08006b5c   0x08006b5c   0x00000090   Code   RO         4212    i.vTaskPriorityDisinheritAfterTimeout  tasks.o
    0x08006bec   0x08006bec   0x00000088   Code   RO         4218    i.vTaskStartScheduler  tasks.o
    0x08006c74   0x08006c74   0x00000010   Code   RO         4220    i.vTaskSuspendAll   tasks.o
    0x08006c84   0x08006c84   0x00000064   Code   RO         4221    i.vTaskSwitchContext  tasks.o
    0x08006ce8   0x08006ce8   0x000000a8   Code   RO         5294    i.xPortStartScheduler  port.o
    0x08006d90   0x08006d90   0x0000002c   Code   RO         5295    i.xPortSysTickHandler  port.o
    0x08006dbc   0x08006dbc   0x00000016   Code   RO         3797    i.xQueueCreateMutex  queue.o
    0x08006dd2   0x08006dd2   0x0000001a   Code   RO         3798    i.xQueueCreateMutexStatic  queue.o
    0x08006dec   0x08006dec   0x00000042   Code   RO         3799    i.xQueueGenericCreate  queue.o
    0x08006e2e   0x08006e2e   0x00000066   Code   RO         3800    i.xQueueGenericCreateStatic  queue.o
    0x08006e94   0x08006e94   0x00000088   Code   RO         3801    i.xQueueGenericReset  queue.o
    0x08006f1c   0x08006f1c   0x00000160   Code   RO         3802    i.xQueueGenericSend  queue.o
    0x0800707c   0x0800707c   0x000000be   Code   RO         3803    i.xQueueGenericSendFromISR  queue.o
    0x0800713a   0x0800713a   0x0000003e   Code   RO         3807    i.xQueueGiveMutexRecursive  queue.o
    0x08007178   0x08007178   0x00000138   Code   RO         3812    i.xQueueReceive     queue.o
    0x080072b0   0x080072b0   0x0000009a   Code   RO         3813    i.xQueueReceiveFromISR  queue.o
    0x0800734a   0x0800734a   0x00000002   PAD
    0x0800734c   0x0800734c   0x00000178   Code   RO         3814    i.xQueueSemaphoreTake  queue.o
    0x080074c4   0x080074c4   0x00000040   Code   RO         3815    i.xQueueTakeMutexRecursive  queue.o
    0x08007504   0x08007504   0x00000074   Code   RO         4223    i.xTaskCheckForTimeOut  tasks.o
    0x08007578   0x08007578   0x0000005a   Code   RO         4224    i.xTaskCreate       tasks.o
    0x080075d2   0x080075d2   0x00000056   Code   RO         4225    i.xTaskCreateStatic  tasks.o
    0x08007628   0x08007628   0x000000e0   Code   RO         4226    i.xTaskGenericNotify  tasks.o
    0x08007708   0x08007708   0x00000104   Code   RO         4227    i.xTaskGenericNotifyFromISR  tasks.o
    0x0800780c   0x0800780c   0x0000000c   Code   RO         4228    i.xTaskGetCurrentTaskHandle  tasks.o
    0x08007818   0x08007818   0x0000001c   Code   RO         4229    i.xTaskGetSchedulerState  tasks.o
    0x08007834   0x08007834   0x0000000c   Code   RO         4230    i.xTaskGetTickCount  tasks.o
    0x08007840   0x08007840   0x00000010   Code   RO         4231    i.xTaskGetTickCountFromISR  tasks.o
    0x08007850   0x08007850   0x000000c8   Code   RO         4232    i.xTaskIncrementTick  tasks.o
    0x08007918   0x08007918   0x0000008c   Code   RO         4234    i.xTaskNotifyWait   tasks.o
    0x080079a4   0x080079a4   0x00000080   Code   RO         4235    i.xTaskPriorityDisinherit  tasks.o
    0x08007a24   0x08007a24   0x00000078   Code   RO         4236    i.xTaskPriorityInherit  tasks.o
    0x08007a9c   0x08007a9c   0x00000070   Code   RO         4237    i.xTaskRemoveFromEventList  tasks.o
    0x08007b0c   0x08007b0c   0x000000c4   Code   RO         4238    i.xTaskResumeAll    tasks.o
    0x08007bd0   0x08007bd0   0x00000060   Code   RO         4563    i.xTimerCreateTimerTask  timers.o
    0x08007c30   0x08007c30   0x00000068   Code   RO         4564    i.xTimerGenericCommand  timers.o
    0x08007c98   0x08007c98   0x00000062   Code   RO         5448    x$fpl$d2f           fz_ws.l(d2f.o)
    0x08007cfa   0x08007cfa   0x00000002   PAD
    0x08007cfc   0x08007cfc   0x00000150   Code   RO         5508    x$fpl$dadd          fz_ws.l(daddsub_clz.o)
    0x08007e4c   0x08007e4c   0x00000010   Code   RO         5605    x$fpl$dcheck1       fz_ws.l(dcheck1.o)
    0x08007e5c   0x08007e5c   0x00000018   Code   RO         5580    x$fpl$dcmpinf       fz_ws.l(dcmpi.o)
    0x08007e74   0x08007e74   0x000002b0   Code   RO         5515    x$fpl$ddiv          fz_ws.l(ddiv.o)
    0x08008124   0x08008124   0x00000078   Code   RO         5518    x$fpl$deqf          fz_ws.l(deqf.o)
    0x0800819c   0x0800819c   0x0000002e   Code   RO         5451    x$fpl$dflt          fz_ws.l(dflt_clz.o)
    0x080081ca   0x080081ca   0x00000002   PAD
    0x080081cc   0x080081cc   0x00000154   Code   RO         5456    x$fpl$dmul          fz_ws.l(dmul.o)
    0x08008320   0x08008320   0x0000009c   Code   RO         5520    x$fpl$dnaninf       fz_ws.l(dnaninf.o)
    0x080083bc   0x080083bc   0x0000000c   Code   RO         5522    x$fpl$dretinf       fz_ws.l(dretinf.o)
    0x080083c8   0x080083c8   0x00000016   Code   RO         5509    x$fpl$drsb          fz_ws.l(daddsub_clz.o)
    0x080083de   0x080083de   0x00000002   PAD
    0x080083e0   0x080083e0   0x000001d4   Code   RO         5510    x$fpl$dsub          fz_ws.l(daddsub_clz.o)
    0x080085b4   0x080085b4   0x000000c4   Code   RO         5458    x$fpl$fadd          fz_ws.l(faddsub_clz.o)
    0x08008678   0x08008678   0x0000000c   Code   RO         5524    x$fpl$fcheck1       fz_ws.l(fcheck1.o)
    0x08008684   0x08008684   0x00000018   Code   RO         5582    x$fpl$fcmpinf       fz_ws.l(fcmpi.o)
    0x0800869c   0x0800869c   0x00000184   Code   RO         5465    x$fpl$fdiv          fz_ws.l(fdiv.o)
    0x08008820   0x08008820   0x00000036   Code   RO         5468    x$fpl$ffix          fz_ws.l(ffix.o)
    0x08008856   0x08008856   0x00000002   PAD
    0x08008858   0x08008858   0x00000030   Code   RO         5473    x$fpl$fflt          fz_ws.l(fflt_clz.o)
    0x08008888   0x08008888   0x00000026   Code   RO         5472    x$fpl$ffltu         fz_ws.l(fflt_clz.o)
    0x080088ae   0x080088ae   0x00000002   PAD
    0x080088b0   0x080088b0   0x00000068   Code   RO         5526    x$fpl$fleqf         fz_ws.l(fleqf.o)
    0x08008918   0x08008918   0x00000102   Code   RO         5478    x$fpl$fmul          fz_ws.l(fmul.o)
    0x08008a1a   0x08008a1a   0x0000008c   Code   RO         5528    x$fpl$fnaninf       fz_ws.l(fnaninf.o)
    0x08008aa6   0x08008aa6   0x0000000a   Code   RO         5530    x$fpl$fretinf       fz_ws.l(fretinf.o)
    0x08008ab0   0x08008ab0   0x00000062   Code   RO         5480    x$fpl$frleqf        fz_ws.l(frleqf.o)
    0x08008b12   0x08008b12   0x00000014   Code   RO         5459    x$fpl$frsb          fz_ws.l(faddsub_clz.o)
    0x08008b26   0x08008b26   0x00000002   PAD
    0x08008b28   0x08008b28   0x000000ea   Code   RO         5460    x$fpl$fsub          fz_ws.l(faddsub_clz.o)
    0x08008c12   0x08008c12   0x00000064   Code   RO         5584    x$fpl$retnan        fz_ws.l(retnan.o)
    0x08008c76   0x08008c76   0x0000005c   Code   RO         5586    x$fpl$scalbn        fz_ws.l(scalbn.o)
    0x08008cd2   0x08008cd2   0x0000004c   Code   RO         5482    x$fpl$scalbnf       fz_ws.l(scalbnf.o)
    0x08008d1e   0x08008d1e   0x00000030   Code   RO         5607    x$fpl$trapveneer    fz_ws.l(trapv.o)
    0x08008d4e   0x08008d4e   0x00000000   Code   RO         5532    x$fpl$usenofp       fz_ws.l(usenofp.o)
    0x08008d4e   0x08008d4e   0x00000002   PAD
    0x08008d50   0x08008d50   0x00000100   Data   RO          238    .constdata          freertos.o
    0x08008e50   0x08008e50   0x0000015e   Data   RO          470    .constdata          oled.o
    0x08008fae   0x08008fae   0x00000012   Data   RO         2330    .constdata          stm32f1xx_hal_rcc.o
    0x08008fc0   0x08008fc0   0x00000010   Data   RO         3575    .constdata          system_stm32f1xx.o
    0x08008fd0   0x08008fd0   0x00000008   Data   RO         3576    .constdata          system_stm32f1xx.o
    0x08008fd8   0x08008fd8   0x00000028   Data   RO         5385    .constdata          c_w.l(_printf_hex_int.o)
    0x08009000   0x08009000   0x00000011   Data   RO         5420    .constdata          c_w.l(__printf_flags_ss_wp.o)
    0x08009011   0x08009011   0x00000007   PAD
    0x08009018   0x08009018   0x00000098   Data   RO         5535    .constdata          m_ws.l(atan.o)
    0x080090b0   0x080090b0   0x00000008   Data   RO         5557    .constdata          m_ws.l(qnan.o)
    0x080090b8   0x080090b8   0x00000205   Data   RO          239    .conststring        freertos.o
    0x080092bd   0x080092bd   0x00000003   PAD
    0x080092c0   0x080092c0   0x00000020   Data   RO         5731    Region$$Table       anon$$obj.o


    Execution Region RW_IRAM1 (Exec base: 0x20000000, Load base: 0x080092e0, Size: 0x00004a48, Max: 0x0000c000, ABSOLUTE)

    Exec Addr    Load Addr    Size         Type   Attr      Idx    E Section Name        Object

    0x20000000   0x080092e0   0x0000002c   Data   RW          240    .data               freertos.o
    0x2000002c   0x0800930c   0x00000008   Data   RW          398    .data               ultrasonic.o
    0x20000034   0x08009314   0x00000001   Data   RW          683    .data               imu.o
    0x20000035   0x08009315   0x00000001   PAD
    0x20000036   0x08009316   0x00000004   Data   RW          764    .data               motor_control.o
    0x2000003a   0x0800931a   0x00000002   PAD
    0x2000003c   0x0800931c   0x0000000c   Data   RW         2167    .data               stm32f1xx_hal.o
    0x20000048   0x08009328   0x00000004   Data   RW         3577    .data               system_stm32f1xx.o
    0x2000004c   0x0800932c   0x0000003c   Data   RW         4241    .data               tasks.o
    0x20000088   0x08009368   0x00000014   Data   RW         4572    .data               timers.o
    0x2000009c   0x0800937c   0x00000004   Data   RW         4797    .data               cmsis_os2.o
    0x200000a0   0x08009380   0x00000020   Data   RW         5240    .data               heap_4.o
    0x200000c0   0x080093a0   0x0000000c   Data   RW         5296    .data               port.o
    0x200000cc        -       0x0000000c   Zero   RW          397    .bss                ultrasonic.o
    0x200000d8        -       0x00000400   Zero   RW          469    .bss                oled.o
    0x200004d8        -       0x0000001c   Zero   RW          682    .bss                imu.o
    0x200004f4        -       0x00000024   Zero   RW          763    .bss                motor_control.o
    0x20000518        -       0x00000120   Zero   RW          844    .bss                tim.o
    0x20000638        -       0x00000090   Zero   RW          929    .bss                usart.o
    0x200006c8        -       0x00000048   Zero   RW         1097    .bss                stm32f1xx_hal_timebase_tim.o
    0x20000710        -       0x00000040   Zero   RW         3816    .bss                queue.o
    0x20000750        -       0x000004c4   Zero   RW         4240    .bss                tasks.o
    0x20000c14        -       0x00000118   Zero   RW         4571    .bss                timers.o
    0x20000d2c        -       0x000006b8   Zero   RW         4796    .bss                cmsis_os2.o
    0x200013e4        -       0x00003000   Zero   RW         5239    .bss                heap_4.o
    0x200043e4        -       0x00000060   Zero   RW         5593    .bss                c_w.l(libspace.o)
    0x20004444   0x080093ac   0x00000004   PAD
    0x20004448        -       0x00000200   Zero   RW            2    HEAP                startup_stm32f103xe.o
    0x20004648        -       0x00000400   Zero   RW            1    STACK               startup_stm32f103xe.o


==============================================================================

Image component sizes


      Code (inc. data)   RO Data    RW Data    ZI Data      Debug   Object Name

       522         50          0          0          0       4849   balance_control.o
       590          0          0          0          0       7184   bluetooth_control.o
      1344         40          0          4       1720      66729   cmsis_os2.o
         0          0          0          0          0      19528   event_groups.o
      4466       1268        773         44          0      26185   freertos.o
       300         18          0          0          0        999   gpio.o
       472         24          0         32      12288       4655   heap_4.o
       552         38          0          1         28       4625   imu.o
       216         48          0          0          0       3002   line_tracking.o
       138          0          0          0          0       3290   list.o
       180          4          0          0          0     500036   main.o
       602         68          0          4         36       5047   motor_control.o
        96          4          0          0          0        874   motor_pwm_map.o
       750         36        350          0       1024       5156   oled.o
       156         24          0          0          0       1694   oled_dashboard.o
       356          0          0          0          0       1957   pitch_kalman.o
       662         70          0         12          0      10521   port.o
      2306         24          0          0         64      24431   queue.o
        64         26        304          0       1536        788   startup_stm32f103xe.o
       848         38          0          0          0       6196   stm32_i2c.o
       100         18          0         12          0       5730   stm32f1xx_hal.o
       158         14          0          0          0      28094   stm32f1xx_hal_cortex.o
       378          8          0          0          0       2314   stm32f1xx_hal_dma.o
       548         48          0          0          0       4030   stm32f1xx_hal_gpio.o
        72         10          0          0          0        834   stm32f1xx_hal_msp.o
      1304         94         18          0          0       5613   stm32f1xx_hal_rcc.o
      3214        138          0          0          0      23639   stm32f1xx_hal_tim.o
       128         20          0          0          0       2329   stm32f1xx_hal_tim_ex.o
       152         20          0          0         72       1423   stm32f1xx_hal_timebase_tim.o
      1700         10          0          0          0      10987   stm32f1xx_hal_uart.o
        56         18          0          0          0       4142   stm32f1xx_it.o
         0          0          0          0          0        396   stream_buffer.o
         2          0         24          4          0       1059   system_stm32f1xx.o
      3164        260          0         60       1220      34161   tasks.o
       920         92          0          0        288       5454   tim.o
       972         80          0         20        280      31739   timers.o
       576         64          0          8         12      12620   ultrasonic.o
       322         38          0          0        144       4007   usart.o

    ----------------------------------------------------------------------
     28444       2712       1504        204      18712     876317   Object Totals
         0          0         32          0          0          0   (incl. Generated)
        58          0          3          3          0          0   (incl. Padding)

    ----------------------------------------------------------------------

      Code (inc. data)   RO Data    RW Data    ZI Data      Debug   Library Member Name

         8          0          0          0          0         68   __main.o
       392          4         17          0          0         92   __printf_flags_ss_wp.o
        14          0          0          0          0         68   __printf_wp.o
         0          0          0          0          0          0   __rtentry.o
        12          0          0          0          0          0   __rtentry2.o
         6          0          0          0          0          0   __rtentry4.o
        52          8          0          0          0          0   __scatter.o
        26          0          0          0          0          0   __scatter_copy.o
        28          0          0          0          0          0   __scatter_zi.o
         6          0          0          0          0          0   _printf_c.o
        44          0          0          0          0        108   _printf_char.o
        48          6          0          0          0         96   _printf_char_common.o
         6          0          0          0          0          0   _printf_d.o
       120         16          0          0          0         92   _printf_dec.o
        88          4         40          0          0         88   _printf_hex_int.o
       178          0          0          0          0         88   _printf_intcommon.o
        78          0          0          0          0        108   _printf_pad.o
         0          0          0          0          0          0   _printf_percent.o
         4          0          0          0          0          0   _printf_percent_end.o
         6          0          0          0          0          0   _printf_s.o
        82          0          0          0          0         80   _printf_str.o
         6          0          0          0          0          0   _printf_u.o
         6          0          0          0          0          0   _printf_x.o
        22          0          0          0          0        100   _rserrno.o
        16          0          0          0          0         68   _snputc.o
        10          0          0          0          0         68   _sputc.o
        16          0          0          0          0         68   aeabi_memset.o
        18          0          0          0          0         80   exit.o
         6          0          0          0          0        152   heapauxi.o
         2          0          0          0          0          0   libinit.o
         2          0          0          0          0          0   libinit2.o
         2          0          0          0          0          0   libshutdown.o
         2          0          0          0          0          0   libshutdown2.o
         8          4          0          0         96         68   libspace.o
        52          4          0          0          0         84   noretval__2snprintf.o
         8          4          0          0          0         68   rt_errno_addr_intlibspace.o
        68          0          0          0          0         68   rt_memclr.o
        78          0          0          0          0         80   rt_memclr_w.o
       138          0          0          0          0         68   rt_memcpy_v6.o
       100          0          0          0          0         80   rt_memcpy_w.o
         2          0          0          0          0          0   rtexit.o
        10          0          0          0          0          0   rtexit2.o
        62          0          0          0          0         76   strlen.o
        36          0          0          0          0         80   strstr.o
        74          0          0          0          0         80   sys_stackheap_outer.o
         2          0          0          0          0         68   use_no_semi.o
         2          0          0          0          0         68   use_no_semi_2.o
        98          4          0          0          0         92   d2f.o
       826         16          0          0          0        348   daddsub_clz.o
        16          4          0          0          0         68   dcheck1.o
        24          0          0          0          0         68   dcmpi.o
       688        140          0          0          0        208   ddiv.o
       120          4          0          0          0         92   deqf.o
        46          0          0          0          0         68   dflt_clz.o
       340         12          0          0          0        104   dmul.o
       156          4          0          0          0         92   dnaninf.o
        12          0          0          0          0         68   dretinf.o
       450          8          0          0          0        236   faddsub_clz.o
        12          4          0          0          0         68   fcheck1.o
        24          0          0          0          0         68   fcmpi.o
       388         76          0          0          0         96   fdiv.o
        54          4          0          0          0         84   ffix.o
        86          0          0          0          0        136   fflt_clz.o
       104          4          0          0          0         84   fleqf.o
       258          4          0          0          0         84   fmul.o
       140          4          0          0          0         84   fnaninf.o
        10          0          0          0          0         68   fretinf.o
        98          0          0          0          0         68   frleqf.o
       100          0          0          0          0         68   retnan.o
        92          0          0          0          0         68   scalbn.o
        76          0          0          0          0         68   scalbnf.o
        48          0          0          0          0         68   trapv.o
         0          0          0          0          0          0   usenofp.o
       544         70        152          0          0        124   atan.o
       412         38          0          0          0        144   atan2.o
        26          6          0          0          0        204   dunder.o
        40          0          0          0          0         68   fpclassify.o
       170          0          0          0          0         96   poly.o
         0          0          8          0          0          0   qnan.o

    ----------------------------------------------------------------------
      7428        452        224          0        100       5504   Library Totals
        24          0          7          0          4          0   (incl. Padding)

    ----------------------------------------------------------------------

      Code (inc. data)   RO Data    RW Data    ZI Data      Debug   Library Name

      1946         50         57          0         96       2312   c_w.l
      4266        288          0          0          0       2556   fz_ws.l
      1192        114        160          0          0        636   m_ws.l

    ----------------------------------------------------------------------
      7428        452        224          0        100       5504   Library Totals

    ----------------------------------------------------------------------

==============================================================================


      Code (inc. data)   RO Data    RW Data    ZI Data      Debug   

     35872       3164       1728        204      18812     864449   Grand Totals
     35872       3164       1728        204      18812     864449   ELF Image Totals
     35872       3164       1728        204          0          0   ROM Totals

==============================================================================

    Total RO  Size (Code + RO Data)                37600 (  36.72kB)
    Total RW  Size (RW Data + ZI Data)             19016 (  18.57kB)
    Total ROM Size (Code + RO Data + RW Data)      37804 (  36.92kB)

==============================================================================

