Component: ARM Compiler 5.06 update 7 (build 960) Tool: armlink [4d3601]

==============================================================================

Section Cross References

    startup_stm32f103xe.o(STACK) refers (Special) to heapauxi.o(.text) for __use_two_region_memory
    startup_stm32f103xe.o(HEAP) refers (Special) to heapauxi.o(.text) for __use_two_region_memory
    startup_stm32f103xe.o(RESET) refers (Special) to heapauxi.o(.text) for __use_two_region_memory
    startup_stm32f103xe.o(RESET) refers to startup_stm32f103xe.o(STACK) for __initial_sp
    startup_stm32f103xe.o(RESET) refers to startup_stm32f103xe.o(.text) for Reset_Handler
    startup_stm32f103xe.o(RESET) refers to stm32f1xx_it.o(i.NMI_Handler) for NMI_Handler
    startup_stm32f103xe.o(RESET) refers to stm32f1xx_it.o(i.HardFault_Handler) for HardFault_Handler
    startup_stm32f103xe.o(RESET) refers to stm32f1xx_it.o(i.MemManage_Handler) for MemManage_Handler
    startup_stm32f103xe.o(RESET) refers to stm32f1xx_it.o(i.BusFault_Handler) for BusFault_Handler
    startup_stm32f103xe.o(RESET) refers to stm32f1xx_it.o(i.UsageFault_Handler) for UsageFault_Handler
    startup_stm32f103xe.o(RESET) refers to port.o(.emb_text) for SVC_Handler
    startup_stm32f103xe.o(RESET) refers to stm32f1xx_it.o(i.DebugMon_Handler) for DebugMon_Handler
    startup_stm32f103xe.o(RESET) refers to cmsis_os2.o(i.SysTick_Handler) for SysTick_Handler
    startup_stm32f103xe.o(RESET) refers to stm32f1xx_it.o(i.TIM7_IRQHandler) for TIM7_IRQHandler
    startup_stm32f103xe.o(.text) refers (Special) to heapauxi.o(.text) for __use_two_region_memory
    startup_stm32f103xe.o(.text) refers to system_stm32f1xx.o(i.SystemInit) for SystemInit
    startup_stm32f103xe.o(.text) refers to __main.o(!!!main) for __main
    startup_stm32f103xe.o(.text) refers to startup_stm32f103xe.o(HEAP) for Heap_Mem
    startup_stm32f103xe.o(.text) refers to startup_stm32f103xe.o(STACK) for Stack_Mem
    main.o(i.HAL_TIM_PeriodElapsedCallback) refers to stm32f1xx_hal.o(i.HAL_IncTick) for HAL_IncTick
    main.o(i.SystemClock_Config) refers to rt_memclr_w.o(.text) for __aeabi_memclr4
    main.o(i.SystemClock_Config) refers to stm32f1xx_hal_rcc.o(i.HAL_RCC_OscConfig) for HAL_RCC_OscConfig
    main.o(i.SystemClock_Config) refers to stm32f1xx_hal_rcc.o(i.HAL_RCC_ClockConfig) for HAL_RCC_ClockConfig
    main.o(i.main) refers to stm32f1xx_hal.o(i.HAL_Init) for HAL_Init
    main.o(i.main) refers to main.o(i.SystemClock_Config) for SystemClock_Config
    main.o(i.main) refers to gpio.o(i.MX_GPIO_Init) for MX_GPIO_Init
    main.o(i.main) refers to tim.o(i.MX_TIM3_Init) for MX_TIM3_Init
    main.o(i.main) refers to usart.o(i.MX_USART1_UART_Init) for MX_USART1_UART_Init
    main.o(i.main) refers to tim.o(i.MX_TIM4_Init) for MX_TIM4_Init
    main.o(i.main) refers to tim.o(i.MX_TIM8_Init) for MX_TIM8_Init
    main.o(i.main) refers to cmsis_os2.o(i.osKernelInitialize) for osKernelInitialize
    main.o(i.main) refers to freertos.o(i.MX_FREERTOS_Init) for MX_FREERTOS_Init
    main.o(i.main) refers to cmsis_os2.o(i.osKernelStart) for osKernelStart
    gpio.o(i.MX_GPIO_Init) refers to stm32f1xx_hal_gpio.o(i.HAL_GPIO_WritePin) for HAL_GPIO_WritePin
    gpio.o(i.MX_GPIO_Init) refers to stm32f1xx_hal_gpio.o(i.HAL_GPIO_Init) for HAL_GPIO_Init
    freertos.o(i.App_SendText) refers to strlen.o(.text) for strlen
    freertos.o(i.App_SendText) refers to stm32f1xx_hal_uart.o(i.HAL_UART_Transmit) for HAL_UART_Transmit
    freertos.o(i.App_SendText) refers to usart.o(.bss) for huart1
    freertos.o(i.MPUTask_FormatFloat) refers to _printf_pad.o(.text) for _printf_pre_padding
    freertos.o(i.MPUTask_FormatFloat) refers to _printf_percent.o(.ARM.Collect$$_printf_percent$$00000000) for _printf_percent
    freertos.o(i.MPUTask_FormatFloat) refers to _printf_d.o(.ARM.Collect$$_printf_percent$$00000009) for _printf_d
    freertos.o(i.MPUTask_FormatFloat) refers to _printf_dec.o(.text) for _printf_int_dec
    freertos.o(i.MPUTask_FormatFloat) refers to fflt_clz.o(x$fpl$fflt) for __aeabi_i2f
    freertos.o(i.MPUTask_FormatFloat) refers to fmul.o(x$fpl$fmul) for __aeabi_fmul
    freertos.o(i.MPUTask_FormatFloat) refers to faddsub_clz.o(x$fpl$fadd) for __aeabi_fadd
    freertos.o(i.MPUTask_FormatFloat) refers to faddsub_clz.o(x$fpl$fsub) for __aeabi_fsub
    freertos.o(i.MPUTask_FormatFloat) refers to ffix.o(x$fpl$ffix) for __aeabi_f2iz
    freertos.o(i.MPUTask_FormatFloat) refers to noretval__2snprintf.o(.text) for __2snprintf
    freertos.o(i.MPUTask_SendBanner) refers to freertos.o(i.App_SendText) for App_SendText
    freertos.o(i.MPUTask_SendBanner) refers to freertos.o(.conststring) for .conststring
    freertos.o(i.MPUTask_SendTelemetry) refers to _printf_percent.o(.ARM.Collect$$_printf_percent$$00000000) for _printf_percent
    freertos.o(i.MPUTask_SendTelemetry) refers to _printf_d.o(.ARM.Collect$$_printf_percent$$00000009) for _printf_d
[...]
    __rt_entry_li                            0x080001c9   Thumb Code     0  __rtentry2.o(.ARM.Collect$$rtentry$$0000000A)
    __rt_entry_postsh_1                      0x080001c9   Thumb Code     0  __rtentry2.o(.ARM.Collect$$rtentry$$00000009)
    __rt_entry_main                          0x080001cd   Thumb Code     0  __rtentry2.o(.ARM.Collect$$rtentry$$0000000D)
    __rt_entry_postli_1                      0x080001cd   Thumb Code     0  __rtentry2.o(.ARM.Collect$$rtentry$$0000000C)
    __rt_exit                                0x080001d5   Thumb Code     0  rtexit.o(.ARM.Collect$$rtexit$$00000000)
    __rt_exit_ls                             0x080001d7   Thumb Code     0  rtexit2.o(.ARM.Collect$$rtexit$$00000003)
    __rt_exit_prels_1                        0x080001d7   Thumb Code     0  rtexit2.o(.ARM.Collect$$rtexit$$00000002)
    __rt_exit_exit                           0x080001db   Thumb Code     0  rtexit2.o(.ARM.Collect$$rtexit$$00000004)
    SVC_Handler                              0x080001e1   Thumb Code    32  port.o(.emb_text)
    __asm___6_port_c_39a90d8d__prvStartFirstTask 0x08000205   Thumb Code    28  port.o(.emb_text)
    PendSV_Handler                           0x08000225   Thumb Code    72  port.o(.emb_text)
    vPortGetIPSR                             0x08000271   Thumb Code     6  port.o(.emb_text)
    Reset_Handler                            0x08000279   Thumb Code     8  startup_stm32f103xe.o(.text)
    ADC1_2_IRQHandler                        0x08000293   Thumb Code     0  startup_stm32f103xe.o(.text)
    ADC3_IRQHandler                          0x08000293   Thumb Code     0  startup_stm32f103xe.o(.text)
    CAN1_RX1_IRQHandler                      0x08000293   Thumb Code     0  startup_stm32f103xe.o(.text)
    CAN1_SCE_IRQHandler                      0x08000293   Thumb Code     0  startup_stm32f103xe.o(.text)
    DMA1_Channel1_IRQHandler                 0x08000293   Thumb Code     0  startup_stm32f103xe.o(.text)
    DMA1_Channel2_IRQHandler                 0x08000293   Thumb Code     0  startup_stm32f103xe.o(.text)
    DMA1_Channel3_IRQHandler                 0x08000293   Thumb Code     0  startup_stm32f103xe.o(.text)
    DMA1_Channel4_IRQHandler                 0x08000293   Thumb Code     0  startup_stm32f103xe.o(.text)
    DMA1_Channel5_IRQHandler                 0x08000293   Thumb Code     0  startup_stm32f103xe.o(.text)
    DMA1_Channel6_IRQHandler                 0x08000293   Thumb Code     0  startup_stm32f103xe.o(.text)
    DMA1_Channel7_IRQHandler                 0x08000293   Thumb Code     0  startup_stm32f103xe.o(.text)
    DMA2_Channel1_IRQHandler                 0x08000293   Thumb Code     0  startup_stm32f103xe.o(.text)
    DMA2_Channel2_IRQHandler                 0x08000293   Thumb Code     0  startup_stm32f103xe.o(.text)
    DMA2_Channel3_IRQHandler                 0x08000293   Thumb Code     0  startup_stm32f103xe.o(.text)
    DMA2_Channel4_5_IRQHandler               0x08000293   Thumb Code     0  startup_stm32f103xe.o(.text)
    EXTI0_IRQHandler                         0x08000293   Thumb Code     0  startup_stm32f103xe.o(.text)
    EXTI15_10_IRQHandler                     0x08000293   Thumb Code     0  startup_stm32f103xe.o(.text)
    EXTI1_IRQHandler                         0x08000293   Thumb Code     0  startup_stm32f103xe.o(.text)
    EXTI2_IRQHandler                         0x08000293   Thumb Code     0  startup_stm32f103xe.o(.text)
    EXTI3_IRQHandler                         0x08000293   Thumb Code     0  startup_stm32f103xe.o(.text)
    EXTI4_IRQHandler                         0x08000293   Thumb Code     0  startup_stm32f103xe.o(.text)
    EXTI9_5_IRQHandler                       0x08000293   Thumb Code     0  startup_stm32f103xe.o(.text)
    FLASH_IRQHandler                         0x08000293   Thumb Code     0  startup_stm32f103xe.o(.text)
    FSMC_IRQHandler                          0x08000293   Thumb Code     0  startup_stm32f103xe.o(.text)
    I2C1_ER_IRQHandler                       0x08000293   Thumb Code     0  startup_stm32f103xe.o(.text)
    I2C1_EV_IRQHandler                       0x08000293   Thumb Code     0  startup_stm32f103xe.o(.text)
    I2C2_ER_IRQHandler                       0x08000293   Thumb Code     0  startup_stm32f103xe.o(.text)
    I2C2_EV_IRQHandler                       0x08000293   Thumb Code     0  startup_stm32f103xe.o(.text)
    PVD_IRQHandler                           0x08000293   Thumb Code     0  startup_stm32f103xe.o(.text)
    RCC_IRQHandler                           0x08000293   Thumb Code     0  startup_stm32f103xe.o(.text)
    RTC_Alarm_IRQHandler                     0x08000293   Thumb Code     0  startup_stm32f103xe.o(.text)
    RTC_IRQHandler                           0x08000293   Thumb Code     0  startup_stm32f103xe.o(.text)
    SDIO_IRQHandler                          0x08000293   Thumb Code     0  startup_stm32f103xe.o(.text)
    SPI1_IRQHandler                          0x08000293   Thumb Code     0  startup_stm32f103xe.o(.text)
    SPI2_IRQHandler                          0x08000293   Thumb Code     0  startup_stm32f103xe.o(.text)
    SPI3_IRQHandler                          0x08000293   Thumb Code     0  startup_stm32f103xe.o(.text)
    TAMPER_IRQHandler                        0x08000293   Thumb Code     0  startup_stm32f103xe.o(.text)
    TIM1_BRK_IRQHandler                      0x08000293   Thumb Code     0  startup_stm32f103xe.o(.text)
    TIM1_CC_IRQHandler                       0x08000293   Thumb Code     0  startup_stm32f103xe.o(.text)
    TIM1_TRG_COM_IRQHandler                  0x08000293   Thumb Code     0  startup_stm32f103xe.o(.text)
    TIM1_UP_IRQHandler                       0x08000293   Thumb Code     0  startup_stm32f103xe.o(.text)
    TIM2_IRQHandler                          0x08000293   Thumb Code     0  startup_stm32f103xe.o(.text)
    TIM3_IRQHandler                          0x08000293   Thumb Code     0  startup_stm32f103xe.o(.text)
    TIM4_IRQHandler                          0x08000293   Thumb Code     0  startup_stm32f103xe.o(.text)
    TIM5_IRQHandler                          0x08000293   Thumb Code     0  startup_stm32f103xe.o(.text)
    TIM6_IRQHandler                          0x08000293   Thumb Code     0  startup_stm32f103xe.o(.text)
    TIM8_BRK_IRQHandler                      0x08000293   Thumb Code     0  startup_stm32f103xe.o(.text)
    TIM8_CC_IRQHandler                       0x08000293   Thumb Code     0  startup_stm32f103xe.o(.text)
    TIM8_TRG_COM_IRQHandler                  0x08000293   Thumb Code     0  startup_stm32f103xe.o(.text)
    TIM8_UP_IRQHandler                       0x08000293   Thumb Code     0  startup_stm32f103xe.o(.text)
    UART4_IRQHandler                         0x08000293   Thumb Code     0  startup_stm32f103xe.o(.text)
    UART5_IRQHandler                         0x08000293   Thumb Code     0  startup_stm32f103xe.o(.text)
    USART1_IRQHandler                        0x08000293   Thumb Code     0  startup_stm32f103xe.o(.text)
    USART2_IRQHandler                        0x08000293   Thumb Code     0  startup_stm32f103xe.o(.text)
    USART3_IRQHandler                        0x08000293   Thumb Code     0  startup_stm32f103xe.o(.text)
    USBWakeUp_IRQHandler                     0x08000293   Thumb Code     0  startup_stm32f103xe.o(.text)
    USB_HP_CAN1_TX_IRQHandler                0x08000293   Thumb Code     0  startup_stm32f103xe.o(.text)
    USB_LP_CAN1_RX0_IRQHandler               0x08000293   Thumb Code     0  startup_stm32f103xe.o(.text)
    WWDG_IRQHandler                          0x08000293   Thumb Code     0  startup_stm32f103xe.o(.text)
    __user_initial_stackheap                 0x08000295   Thumb Code     0  startup_stm32f103xe.o(.text)
    __use_no_semihosting                     0x080002b9   Thumb Code     2  use_no_semi_2.o(.text)
    __aeabi_ldivmod                          0x080002bb   Thumb Code     0  llsdiv.o(.text)
    _ll_sdiv                                 0x080002bb   Thumb Code    72  llsdiv.o(.text)
    __2printf                                0x08000305   Thumb Code    20  noretval__2printf.o(.text)
    __2snprintf                              0x0800031d   Thumb Code    48  noretval__2snprintf.o(.text)
    _printf_pre_padding                      0x08000351   Thumb Code    44  _printf_pad.o(.text)
    _printf_post_padding                     0x0800037d   Thumb Code    34  _printf_pad.o(.text)
    _printf_str                              0x0800039f   Thumb Code    82  _printf_str.o(.text)
    _printf_int_dec                          0x080003f1   Thumb Code   104  _printf_dec.o(.text)
    __printf                                 0x08000469   Thumb Code   388  __printf_flags_ss_wp.o(.text)
    memcmp                                   0x080005f1   Thumb Code    88  memcmp.o(.text)
    strlen                                   0x08000649   Thumb Code    62  strlen.o(.text)
    __aeabi_memcpy                           0x08000687   Thumb Code     0  rt_memcpy_v6.o(.text)
    __rt_memcpy                              0x08000687   Thumb Code   138  rt_memcpy_v6.o(.text)
    _memcpy_lastbytes                        0x080006ed   Thumb Code     0  rt_memcpy_v6.o(.text)
    __aeabi_memset                           0x08000711   Thumb Code    16  aeabi_memset.o(.text)
    __aeabi_memclr4                          0x08000721   Thumb Code     0  rt_memclr_w.o(.text)
    __aeabi_memclr8                          0x08000721   Thumb Code     0  rt_memclr_w.o(.text)
    __rt_memclr_w                            0x08000721   Thumb Code    78  rt_memclr_w.o(.text)
    _memset_w                                0x08000725   Thumb Code     0  rt_memclr_w.o(.text)
    __use_two_region_memory                  0x0800076f   Thumb Code     2  heapauxi.o(.text)
    __rt_heap_escrow$2region                 0x08000771   Thumb Code     2  heapauxi.o(.text)
    __rt_heap_expand$2region                 0x08000773   Thumb Code     2  heapauxi.o(.text)
    __I$use$semihosting                      0x08000775   Thumb Code     0  use_no_semi.o(.text)
    __use_no_semihosting_swi                 0x08000775   Thumb Code     2  use_no_semi.o(.text)
    __aeabi_uldivmod                         0x08000777   Thumb Code     0  lludivv7m.o(.text)
    _ll_udiv                                 0x08000777   Thumb Code   238  lludivv7m.o(.text)
    __read_errno                             0x08000865   Thumb Code    10  _rserrno.o(.text)
    __set_errno                              0x0800086f   Thumb Code    12  _rserrno.o(.text)
    _printf_int_common                       0x0800087b   Thumb Code   178  _printf_intcommon.o(.text)
    _printf_char_common                      0x08000937   Thumb Code    32  _printf_char_common.o(.text)
    _sputc                                   0x0800095d   Thumb Code    10  _sputc.o(.text)
    _snputc                                  0x08000967   Thumb Code    16  _snputc.o(.text)
    _printf_cs_common                        0x08000977   Thumb Code    20  _printf_char.o(.text)
    _printf_char                             0x0800098b   Thumb Code    16  _printf_char.o(.text)
    _printf_string                           0x0800099b   Thumb Code     8  _printf_char.o(.text)
    _printf_char_file                        0x080009a5   Thumb Code    32  _printf_char_file.o(.text)
    __aeabi_memcpy4                          0x080009c9   Thumb Code     0  rt_memcpy_w.o(.text)
    __aeabi_memcpy8                          0x080009c9   Thumb Code     0  rt_memcpy_w.o(.text)
    __rt_memcpy_w                            0x080009c9   Thumb Code   100  rt_memcpy_w.o(.text)
    _memcpy_lastbytes_aligned                0x08000a11   Thumb Code     0  rt_memcpy_w.o(.text)
    __aeabi_memclr                           0x08000a2d   Thumb Code     0  rt_memclr.o(.text)
    __rt_memclr                              0x08000a2d   Thumb Code    68  rt_memclr.o(.text)
    _memset                                  0x08000a31   Thumb Code     0  rt_memclr.o(.text)
    __aeabi_errno_addr                       0x08000a71   Thumb Code     8  rt_errno_addr_intlibspace.o(.text)
    __errno$intlibspace                      0x08000a71   Thumb Code     0  rt_errno_addr_intlibspace.o(.text)
    __rt_errno_addr$intlibspace              0x08000a71   Thumb Code     0  rt_errno_addr_intlibspace.o(.text)
    ferror                                   0x08000a79   Thumb Code     8  ferror.o(.text)
    __user_libspace                          0x08000a81   Thumb Code     8  libspace.o(.text)
    __user_perproc_libspace                  0x08000a81   Thumb Code     0  libspace.o(.text)
    __user_perthread_libspace                0x08000a81   Thumb Code     0  libspace.o(.text)
    __user_setup_stackheap                   0x08000a89   Thumb Code    74  sys_stackheap_outer.o(.text)
    exit                                     0x08000ad3   Thumb Code    18  exit.o(.text)
    BusFault_Handler                         0x08000b01   Thumb Code     2  stm32f1xx_it.o(i.BusFault_Handler)
    DebugMon_Handler                         0x08000b03   Thumb Code     2  stm32f1xx_it.o(i.DebugMon_Handler)
    Error_Handler                            0x08000b05   Thumb Code     4  main.o(i.Error_Handler)
    HAL_Delay                                0x08000b09   Thumb Code    32  stm32f1xx_hal.o(i.HAL_Delay)
    HAL_GPIO_Init                            0x08000b2d   Thumb Code   462  stm32f1xx_hal_gpio.o(i.HAL_GPIO_Init)
    HAL_GPIO_ReadPin                         0x08000d25   Thumb Code    10  stm32f1xx_hal_gpio.o(i.HAL_GPIO_ReadPin)
    HAL_GPIO_WritePin                        0x08000d2f   Thumb Code    10  stm32f1xx_hal_gpio.o(i.HAL_GPIO_WritePin)
    HAL_GetTick                              0x08000d39   Thumb Code     6  stm32f1xx_hal.o(i.HAL_GetTick)
    HAL_IncTick                              0x08000d45   Thumb Code    12  stm32f1xx_hal.o(i.HAL_IncTick)
    HAL_Init                                 0x08000d55   Thumb Code    32  stm32f1xx_hal.o(i.HAL_Init)
    HAL_InitTick                             0x08000d79   Thumb Code   132  stm32f1xx_hal_timebase_tim.o(i.HAL_InitTick)
    HAL_MspInit                              0x08000e11   Thumb Code    62  stm32f1xx_hal_msp.o(i.HAL_MspInit)
    HAL_NVIC_EnableIRQ                       0x08000e59   Thumb Code    26  stm32f1xx_hal_cortex.o(i.HAL_NVIC_EnableIRQ)
    HAL_NVIC_SetPriority                     0x08000e75   Thumb Code    60  stm32f1xx_hal_cortex.o(i.HAL_NVIC_SetPriority)
    HAL_NVIC_SetPriorityGrouping             0x08000eb5   Thumb Code    26  stm32f1xx_hal_cortex.o(i.HAL_NVIC_SetPriorityGrouping)
    HAL_RCC_ClockConfig                      0x08000ed9   Thumb Code   280  stm32f1xx_hal_rcc.o(i.HAL_RCC_ClockConfig)
    HAL_RCC_GetClockConfig                   0x08001005   Thumb Code    54  stm32f1xx_hal_rcc.o(i.HAL_RCC_GetClockConfig)
    HAL_RCC_GetPCLK1Freq                     0x08001045   Thumb Code    20  stm32f1xx_hal_rcc.o(i.HAL_RCC_GetPCLK1Freq)
    HAL_RCC_GetPCLK2Freq                     0x08001065   Thumb Code    20  stm32f1xx_hal_rcc.o(i.HAL_RCC_GetPCLK2Freq)
    HAL_RCC_GetSysClockFreq                  0x08001085   Thumb Code    58  stm32f1xx_hal_rcc.o(i.HAL_RCC_GetSysClockFreq)
    HAL_RCC_OscConfig                        0x080010d1   Thumb Code   778  stm32f1xx_hal_rcc.o(i.HAL_RCC_OscConfig)
    HAL_TIMEx_BreakCallback                  0x080013f1   Thumb Code     2  stm32f1xx_hal_tim_ex.o(i.HAL_TIMEx_BreakCallback)
    HAL_TIMEx_CommutCallback                 0x080013f3   Thumb Code     2  stm32f1xx_hal_tim_ex.o(i.HAL_TIMEx_CommutCallback)
    HAL_TIMEx_MasterConfigSynchronization    0x080013f5   Thumb Code   104  stm32f1xx_hal_tim_ex.o(i.HAL_TIMEx_MasterConfigSynchronization)
    HAL_TIM_Base_Init                        0x08001471   Thumb Code    90  stm32f1xx_hal_tim.o(i.HAL_TIM_Base_Init)
    HAL_TIM_Base_MspInit                     0x080014cd   Thumb Code    30  tim.o(i.HAL_TIM_Base_MspInit)
    HAL_TIM_Base_Start_IT                    0x080014f5   Thumb Code    88  stm32f1xx_hal_tim.o(i.HAL_TIM_Base_Start_IT)
    HAL_TIM_ConfigClockSource                0x08001561   Thumb Code   220  stm32f1xx_hal_tim.o(i.HAL_TIM_ConfigClockSource)
    HAL_TIM_Encoder_Init                     0x0800163d   Thumb Code   164  stm32f1xx_hal_tim.o(i.HAL_TIM_Encoder_Init)
    HAL_TIM_Encoder_MspInit                  0x080016e1   Thumb Code   118  tim.o(i.HAL_TIM_Encoder_MspInit)
    HAL_TIM_IC_CaptureCallback               0x0800176d   Thumb Code     2  stm32f1xx_hal_tim.o(i.HAL_TIM_IC_CaptureCallback)
    HAL_TIM_IRQHandler                       0x0800176f   Thumb Code   304  stm32f1xx_hal_tim.o(i.HAL_TIM_IRQHandler)
    HAL_TIM_MspPostInit                      0x080018a1   Thumb Code    94  tim.o(i.HAL_TIM_MspPostInit)
    HAL_TIM_OC_DelayElapsedCallback          0x08001911   Thumb Code     2  stm32f1xx_hal_tim.o(i.HAL_TIM_OC_DelayElapsedCallback)
    HAL_TIM_PWM_ConfigChannel                0x08001913   Thumb Code   204  stm32f1xx_hal_tim.o(i.HAL_TIM_PWM_ConfigChannel)
    HAL_TIM_PWM_Init                         0x080019df   Thumb Code    90  stm32f1xx_hal_tim.o(i.HAL_TIM_PWM_Init)
    HAL_TIM_PWM_MspInit                      0x08001a39   Thumb Code     2  stm32f1xx_hal_tim.o(i.HAL_TIM_PWM_MspInit)
    HAL_TIM_PWM_PulseFinishedCallback        0x08001a3b   Thumb Code     2  stm32f1xx_hal_tim.o(i.HAL_TIM_PWM_PulseFinishedCallback)
    HAL_TIM_PeriodElapsedCallback            0x08001a3d   Thumb Code    14  main.o(i.HAL_TIM_PeriodElapsedCallback)
    HAL_TIM_TriggerCallback                  0x08001a51   Thumb Code     2  stm32f1xx_hal_tim.o(i.HAL_TIM_TriggerCallback)
    HAL_UART_Init                            0x08001a53   Thumb Code   100  stm32f1xx_hal_uart.o(i.HAL_UART_Init)
    HAL_UART_MspInit                         0x08001ab9   Thumb Code   100  usart.o(i.HAL_UART_MspInit)
    HAL_UART_Transmit                        0x08001b29   Thumb Code   160  stm32f1xx_hal_uart.o(i.HAL_UART_Transmit)
    HardFault_Handler                        0x08001bc9   Thumb Code     2  stm32f1xx_it.o(i.HardFault_Handler)
    MPU_getdata                              0x080020b5   Thumb Code   476  mpu6050.o(i.MPU_getdata)
    MPU_init                                 0x08002299   Thumb Code   204  mpu6050.o(i.MPU_init)
    MX_FREERTOS_Init                         0x08002589   Thumb Code    52  freertos.o(i.MX_FREERTOS_Init)
    MX_GPIO_Init                             0x0800260d   Thumb Code   142  gpio.o(i.MX_GPIO_Init)
    MX_TIM3_Init                             0x080026a9   Thumb Code   192  tim.o(i.MX_TIM3_Init)
    MX_TIM4_Init                             0x08002771   Thumb Code   100  tim.o(i.MX_TIM4_Init)
    MX_TIM8_Init                             0x080027dd   Thumb Code   102  tim.o(i.MX_TIM8_Init)
    MX_USART1_UART_Init                      0x0800284d   Thumb Code    48  usart.o(i.MX_USART1_UART_Init)
    MemManage_Handler                        0x08002885   Thumb Code     2  stm32f1xx_it.o(i.MemManage_Handler)
    NMI_Handler                              0x08002887   Thumb Code     2  stm32f1xx_it.o(i.NMI_Handler)
    StartDefaultTask                         0x08002889   Thumb Code     8  freertos.o(i.StartDefaultTask)
    StartMPUTask                             0x08002891   Thumb Code   480  freertos.o(i.StartMPUTask)
    SysTick_Handler                          0x08002b51   Thumb Code    26  cmsis_os2.o(i.SysTick_Handler)
    SystemClock_Config                       0x08002b6b   Thumb Code    94  main.o(i.SystemClock_Config)
    SystemInit                               0x08002bc9   Thumb Code     2  system_stm32f1xx.o(i.SystemInit)
    TIM7_IRQHandler                          0x08002bcd   Thumb Code     6  stm32f1xx_it.o(i.TIM7_IRQHandler)
    TIM_Base_SetConfig                       0x08002bd9   Thumb Code   134  stm32f1xx_hal_tim.o(i.TIM_Base_SetConfig)
    TIM_ETR_SetConfig                        0x08002c75   Thumb Code    20  stm32f1xx_hal_tim.o(i.TIM_ETR_SetConfig)
    TIM_OC2_SetConfig                        0x08002cf9   Thumb Code    98  stm32f1xx_hal_tim.o(i.TIM_OC2_SetConfig)
    UsageFault_Handler                       0x08002fdb   Thumb Code     2  stm32f1xx_it.o(i.UsageFault_Handler)
    __ARM_fpclassify                         0x08002fdd   Thumb Code    40  fpclassify.o(i.__ARM_fpclassify)
    __kernel_poly                            0x08003025   Thumb Code   170  poly.o(i.__kernel_poly)
    __mathlib_dbl_infnan                     0x080030cf   Thumb Code     6  dunder.o(i.__mathlib_dbl_infnan)
    __mathlib_dbl_infnan2                    0x080030d5   Thumb Code     4  dunder.o(i.__mathlib_dbl_infnan2)
    __mathlib_dbl_invalid                    0x080030d9   Thumb Code    12  dunder.o(i.__mathlib_dbl_invalid)
    __mathlib_dbl_underflow                  0x080030e5   Thumb Code    10  dunder.o(i.__mathlib_dbl_underflow)
    _is_digit                                0x080030f5   Thumb Code    14  __printf_wp.o(i._is_digit)
    _sys_exit                                0x08003103   Thumb Code     2  usart.o(i._sys_exit)
    asin                                     0x08003185   Thumb Code   572  asin.o(i.asin)
    atan                                     0x080033f5   Thumb Code   474  atan.o(i.atan)
    atan2                                    0x08003615   Thumb Code   374  atan2.o(i.atan2)
    dmp_enable_6x_lp_quat                    0x080037b1   Thumb Code    58  inv_mpu_dmp_motion_driver.o(i.dmp_enable_6x_lp_quat)
    dmp_enable_feature                       0x080037ed   Thumb Code   464  inv_mpu_dmp_motion_driver.o(i.dmp_enable_feature)
    dmp_enable_gyro_cal                      0x080039c5   Thumb Code    34  inv_mpu_dmp_motion_driver.o(i.dmp_enable_gyro_cal)
    dmp_enable_lp_quat                       0x08003a01   Thumb Code    58  inv_mpu_dmp_motion_driver.o(i.dmp_enable_lp_quat)
    dmp_load_motion_driver_firmware          0x08003a3d   Thumb Code    16  inv_mpu_dmp_motion_driver.o(i.dmp_load_motion_driver_firmware)
    dmp_read_fifo                            0x08003a51   Thumb Code   346  inv_mpu_dmp_motion_driver.o(i.dmp_read_fifo)
    dmp_set_accel_bias                       0x08003bb1   Thumb Code   210  inv_mpu_dmp_motion_driver.o(i.dmp_set_accel_bias)
    dmp_set_fifo_rate                        0x08003c89   Thumb Code    82  inv_mpu_dmp_motion_driver.o(i.dmp_set_fifo_rate)
    dmp_set_gyro_bias                        0x08003ced   Thumb Code   196  inv_mpu_dmp_motion_driver.o(i.dmp_set_gyro_bias)
    dmp_set_orientation                      0x08003db9   Thumb Code   246  inv_mpu_dmp_motion_driver.o(i.dmp_set_orientation)
    dmp_set_shake_reject_thresh              0x08003ec5   Thumb Code    48  inv_mpu_dmp_motion_driver.o(i.dmp_set_shake_reject_thresh)
    dmp_set_shake_reject_time                0x08003ef5   Thumb Code    32  inv_mpu_dmp_motion_driver.o(i.dmp_set_shake_reject_time)
    dmp_set_shake_reject_timeout             0x08003f15   Thumb Code    32  inv_mpu_dmp_motion_driver.o(i.dmp_set_shake_reject_timeout)
    dmp_set_tap_axes                         0x08003f35   Thumb Code    64  inv_mpu_dmp_motion_driver.o(i.dmp_set_tap_axes)
    dmp_set_tap_count                        0x08003f75   Thumb Code    34  inv_mpu_dmp_motion_driver.o(i.dmp_set_tap_count)
    dmp_set_tap_thresh                       0x08003f99   Thumb Code   274  inv_mpu_dmp_motion_driver.o(i.dmp_set_tap_thresh)
    dmp_set_tap_time                         0x080040c1   Thumb Code    32  inv_mpu_dmp_motion_driver.o(i.dmp_set_tap_time)
    dmp_set_tap_time_multi                   0x080040e1   Thumb Code    32  inv_mpu_dmp_motion_driver.o(i.dmp_set_tap_time_multi)
    fputc                                    0x08004101   Thumb Code    20  usart.o(i.fputc)
    i2cInit                                  0x080045ad   Thumb Code    42  stm32_i2c.o(i.i2cInit)
    i2cRead                                  0x080045dd   Thumb Code   262  stm32_i2c.o(i.i2cRead)
    i2cUnstick                               0x080046e9   Thumb Code    90  stm32_i2c.o(i.i2cUnstick)
    i2cWriteBuffer                           0x08004749   Thumb Code    84  stm32_i2c.o(i.i2cWriteBuffer)
    i2cread                                  0x0800479d   Thumb Code    18  stm32_i2c.o(i.i2cread)
    i2cwrite                                 0x080047af   Thumb Code    18  stm32_i2c.o(i.i2cwrite)
    main                                     0x08004809   Thumb Code    42  main.o(i.main)
    mpu_configure_fifo                       0x08004835   Thumb Code    78  inv_mpu.o(i.mpu_configure_fifo)
    mpu_get_accel_fsr                        0x08004889   Thumb Code    54  inv_mpu.o(i.mpu_get_accel_fsr)
    mpu_get_accel_reg                        0x080048c5   Thumb Code    76  inv_mpu.o(i.mpu_get_accel_reg)
    mpu_get_accel_sens                       0x08004915   Thumb Code    62  inv_mpu.o(i.mpu_get_accel_sens)
    mpu_get_gyro_fsr                         0x08004959   Thumb Code    48  inv_mpu.o(i.mpu_get_gyro_fsr)
    mpu_get_gyro_reg                         0x0800498d   Thumb Code    78  inv_mpu.o(i.mpu_get_gyro_reg)
    mpu_get_gyro_sens                        0x080049e1   Thumb Code    44  inv_mpu.o(i.mpu_get_gyro_sens)
    mpu_get_lpf                              0x08004a21   Thumb Code    52  inv_mpu.o(i.mpu_get_lpf)
    mpu_get_sample_rate                      0x08004a59   Thumb Code    22  inv_mpu.o(i.mpu_get_sample_rate)
    mpu_init                                 0x08004a75   Thumb Code   342  inv_mpu.o(i.mpu_init)
    mpu_load_firmware                        0x08004c65   Thumb Code   154  inv_mpu.o(i.mpu_load_firmware)
    mpu_lp_accel_mode                        0x08004d05   Thumb Code   178  inv_mpu.o(i.mpu_lp_accel_mode)
    mpu_read_fifo_stream                     0x08004dbd   Thumb Code   140  inv_mpu.o(i.mpu_read_fifo_stream)
    mpu_read_mem                             0x08004e4d   Thumb Code    80  inv_mpu.o(i.mpu_read_mem)
    mpu_reset_fifo                           0x08004ea1   Thumb Code   346  inv_mpu.o(i.mpu_reset_fifo)
    mpu_run_self_test                        0x08005001   Thumb Code   236  inv_mpu.o(i.mpu_run_self_test)
    mpu_set_accel_fsr                        0x080050f1   Thumb Code    98  inv_mpu.o(i.mpu_set_accel_fsr)
    mpu_set_bypass                           0x08005159   Thumb Code   214  inv_mpu.o(i.mpu_set_bypass)
    mpu_set_dmp_state                        0x08005235   Thumb Code   114  inv_mpu.o(i.mpu_set_dmp_state)
    mpu_set_gyro_fsr                         0x080052ad   Thumb Code   104  inv_mpu.o(i.mpu_set_gyro_fsr)
    mpu_set_int_latched                      0x08005319   Thumb Code    94  inv_mpu.o(i.mpu_set_int_latched)
    mpu_set_lpf                              0x0800537d   Thumb Code   102  inv_mpu.o(i.mpu_set_lpf)
    mpu_set_sample_rate                      0x080053e9   Thumb Code   124  inv_mpu.o(i.mpu_set_sample_rate)
    mpu_set_sensors                          0x08005469   Thumb Code   178  inv_mpu.o(i.mpu_set_sensors)
    mpu_write_mem                            0x08005521   Thumb Code    80  inv_mpu.o(i.mpu_write_mem)
    osDelay                                  0x08005575   Thumb Code    26  cmsis_os2.o(i.osDelay)
    osDelayUntil                             0x0800558f   Thumb Code    46  cmsis_os2.o(i.osDelayUntil)
    osKernelGetTickCount                     0x080055bd   Thumb Code    14  cmsis_os2.o(i.osKernelGetTickCount)
    osKernelInitialize                       0x080055cd   Thumb Code    32  cmsis_os2.o(i.osKernelInitialize)
    osKernelStart                            0x080055f1   Thumb Code    48  cmsis_os2.o(i.osKernelStart)
    osThreadNew                              0x08005629   Thumb Code   138  cmsis_os2.o(i.osThreadNew)
    pvPortMalloc                             0x08005e49   Thumb Code   216  heap_4.o(i.pvPortMalloc)
    pxPortInitialiseStack                    0x08005f25   Thumb Code    32  port.o(i.pxPortInitialiseStack)
    sqrt                                     0x08006069   Thumb Code    76  sqrt.o(i.sqrt)
    uxListRemove                             0x080060b5   Thumb Code    38  list.o(i.uxListRemove)
    vApplicationGetIdleTaskMemory            0x080060dd   Thumb Code    16  cmsis_os2.o(i.vApplicationGetIdleTaskMemory)
    vApplicationGetTimerTaskMemory           0x080060f1   Thumb Code    18  cmsis_os2.o(i.vApplicationGetTimerTaskMemory)
    vListInitialise                          0x08006109   Thumb Code    22  list.o(i.vListInitialise)
    vListInitialiseItem                      0x0800611f   Thumb Code     6  list.o(i.vListInitialiseItem)
    vListInsert                              0x08006125   Thumb Code    48  list.o(i.vListInsert)
    vListInsertEnd                           0x08006155   Thumb Code    24  list.o(i.vListInsertEnd)
    vPortEnterCritical                       0x0800616d   Thumb Code    54  port.o(i.vPortEnterCritical)
    vPortExitCritical                        0x080061ad   Thumb Code    34  port.o(i.vPortExitCritical)
    vPortFree                                0x080061d5   Thumb Code    94  heap_4.o(i.vPortFree)
    vPortSetupTimerInterrupt                 0x08006239   Thumb Code    32  port.o(i.vPortSetupTimerInterrupt)
    vPortValidateInterruptPriority           0x0800625d   Thumb Code    74  port.o(i.vPortValidateInterruptPriority)
    vQueueAddToRegistry                      0x080062b1   Thumb Code    34  queue.o(i.vQueueAddToRegistry)
    vQueueWaitForMessageRestricted           0x080062d9   Thumb Code    68  queue.o(i.vQueueWaitForMessageRestricted)
    vTaskDelay                               0x0800631d   Thumb Code    66  tasks.o(i.vTaskDelay)
    vTaskDelayUntil                          0x08006369   Thumb Code   132  tasks.o(i.vTaskDelayUntil)
    vTaskInternalSetTimeOutState             0x080063f5   Thumb Code    12  tasks.o(i.vTaskInternalSetTimeOutState)
    vTaskMissedYield                         0x08006405   Thumb Code     8  tasks.o(i.vTaskMissedYield)
    vTaskPlaceOnEventList                    0x08006411   Thumb Code    44  tasks.o(i.vTaskPlaceOnEventList)
    vTaskPlaceOnEventListRestricted          0x08006441   Thumb Code    52  tasks.o(i.vTaskPlaceOnEventListRestricted)
    vTaskStartScheduler                      0x08006479   Thumb Code   118  tasks.o(i.vTaskStartScheduler)
    vTaskSuspendAll                          0x08006501   Thumb Code    10  tasks.o(i.vTaskSuspendAll)
    vTaskSwitchContext                       0x08006511   Thumb Code    90  tasks.o(i.vTaskSwitchContext)
    xPortStartScheduler                      0x08006575   Thumb Code   154  port.o(i.xPortStartScheduler)
    xPortSysTickHandler                      0x0800661d   Thumb Code    38  port.o(i.xPortSysTickHandler)
    xQueueGenericCreateStatic                0x08006649   Thumb Code   102  queue.o(i.xQueueGenericCreateStatic)
    xQueueGenericReset                       0x080066b1   Thumb Code   132  queue.o(i.xQueueGenericReset)
    xQueueGenericSend                        0x08006739   Thumb Code   346  queue.o(i.xQueueGenericSend)
    xQueueGenericSendFromISR                 0x08006899   Thumb Code   190  queue.o(i.xQueueGenericSendFromISR)
    xQueueReceive                            0x08006959   Thumb Code   308  queue.o(i.xQueueReceive)
    xTaskCheckForTimeOut                     0x08006a91   Thumb Code   112  tasks.o(i.xTaskCheckForTimeOut)
    xTaskCreate                              0x08006b05   Thumb Code    90  tasks.o(i.xTaskCreate)
    xTaskCreateStatic                        0x08006b5f   Thumb Code    86  tasks.o(i.xTaskCreateStatic)
    xTaskGetSchedulerState                   0x08006bb5   Thumb Code    22  tasks.o(i.xTaskGetSchedulerState)
    xTaskGetTickCount                        0x08006bd1   Thumb Code     6  tasks.o(i.xTaskGetTickCount)
    xTaskGetTickCountFromISR                 0x08006bdd   Thumb Code    12  tasks.o(i.xTaskGetTickCountFromISR)
    xTaskIncrementTick                       0x08006bed   Thumb Code   192  tasks.o(i.xTaskIncrementTick)
    xTaskPriorityDisinherit                  0x08006cb5   Thumb Code   118  tasks.o(i.xTaskPriorityDisinherit)
    xTaskRemoveFromEventList                 0x08006d35   Thumb Code    98  tasks.o(i.xTaskRemoveFromEventList)
    xTaskResumeAll                           0x08006da5   Thumb Code   182  tasks.o(i.xTaskResumeAll)
    xTimerCreateTimerTask                    0x08006e69   Thumb Code    78  timers.o(i.xTimerCreateTimerTask)
    xTimerGenericCommand                     0x08006ec9   Thumb Code    98  timers.o(i.xTimerGenericCommand)
    __aeabi_d2f                              0x08006f31   Thumb Code     0  d2f.o(x$fpl$d2f)
    _d2f                                     0x08006f31   Thumb Code    98  d2f.o(x$fpl$d2f)
    __aeabi_dadd                             0x08006f95   Thumb Code     0  daddsub_clz.o(x$fpl$dadd)
    _dadd                                    0x08006f95   Thumb Code   332  daddsub_clz.o(x$fpl$dadd)
    __fpl_dcheck_NaN1                        0x080070e5   Thumb Code    10  dcheck1.o(x$fpl$dcheck1)
    __fpl_dcmp_Inf                           0x080070f5   Thumb Code    24  dcmpi.o(x$fpl$dcmpinf)
    __aeabi_ddiv                             0x0800710d   Thumb Code     0  ddiv.o(x$fpl$ddiv)
    _ddiv                                    0x0800710d   Thumb Code   552  ddiv.o(x$fpl$ddiv)
    __aeabi_cdcmpeq                          0x080073bd   Thumb Code     0  deqf.o(x$fpl$deqf)
    _dcmpeq                                  0x080073bd   Thumb Code   120  deqf.o(x$fpl$deqf)
    __aeabi_dmul                             0x08007435   Thumb Code     0  dmul.o(x$fpl$dmul)
    _dmul                                    0x08007435   Thumb Code   332  dmul.o(x$fpl$dmul)
    __fpl_dnaninf                            0x08007589   Thumb Code   156  dnaninf.o(x$fpl$dnaninf)
    __fpl_dretinf                            0x08007625   Thumb Code    12  dretinf.o(x$fpl$dretinf)
    __aeabi_drsub                            0x08007631   Thumb Code     0  daddsub_clz.o(x$fpl$drsb)
    _drsb                                    0x08007631   Thumb Code    22  daddsub_clz.o(x$fpl$drsb)
    _dsqrt                                   0x08007649   Thumb Code   456  dsqrt_noumaal.o(x$fpl$dsqrt)
    __aeabi_dsub                             0x08007815   Thumb Code     0  daddsub_clz.o(x$fpl$dsub)
    _dsub                                    0x08007815   Thumb Code   464  daddsub_clz.o(x$fpl$dsub)
    __aeabi_f2d                              0x080079e9   Thumb Code     0  f2d.o(x$fpl$f2d)
    _f2d                                     0x080079e9   Thumb Code    86  f2d.o(x$fpl$f2d)
    __aeabi_fadd                             0x08007a41   Thumb Code     0  faddsub_clz.o(x$fpl$fadd)
    _fadd                                    0x08007a41   Thumb Code   196  faddsub_clz.o(x$fpl$fadd)
    __fpl_fcheck_NaN1                        0x08007b05   Thumb Code     6  fcheck1.o(x$fpl$fcheck1)
    __aeabi_fdiv                             0x08007b11   Thumb Code     0  fdiv.o(x$fpl$fdiv)
    _fdiv                                    0x08007b11   Thumb Code   384  fdiv.o(x$fpl$fdiv)
    __aeabi_f2iz                             0x08007c95   Thumb Code     0  ffix.o(x$fpl$ffix)
    _ffix                                    0x08007c95   Thumb Code    54  ffix.o(x$fpl$ffix)
    __aeabi_f2uiz                            0x08007ccd   Thumb Code     0  ffixu.o(x$fpl$ffixu)
    _ffixu                                   0x08007ccd   Thumb Code    62  ffixu.o(x$fpl$ffixu)
    __aeabi_i2f                              0x08007d0d   Thumb Code     0  fflt_clz.o(x$fpl$fflt)
    _fflt                                    0x08007d0d   Thumb Code    48  fflt_clz.o(x$fpl$fflt)
    __aeabi_ui2f                             0x08007d3d   Thumb Code     0  fflt_clz.o(x$fpl$ffltu)
    _ffltu                                   0x08007d3d   Thumb Code    38  fflt_clz.o(x$fpl$ffltu)
    __aeabi_fmul                             0x08007d65   Thumb Code     0  fmul.o(x$fpl$fmul)
    _fmul                                    0x08007d65   Thumb Code   258  fmul.o(x$fpl$fmul)
    __fpl_fnaninf                            0x08007e67   Thumb Code   140  fnaninf.o(x$fpl$fnaninf)
    __fpl_fretinf                            0x08007ef3   Thumb Code    10  fretinf.o(x$fpl$fretinf)
    __aeabi_fsub                             0x08007efd   Thumb Code     0  faddsub_clz.o(x$fpl$fsub)
    _fsub                                    0x08007efd   Thumb Code   234  faddsub_clz.o(x$fpl$fsub)
    __fpl_return_NaN                         0x08007fe7   Thumb Code   100  retnan.o(x$fpl$retnan)
    __ARM_scalbn                             0x0800804b   Thumb Code    92  scalbn.o(x$fpl$scalbn)
    __ARM_scalbnf                            0x080080a7   Thumb Code    76  scalbnf.o(x$fpl$scalbnf)
    __fpl_cmpreturn                          0x080080f3   Thumb Code    48  trapv.o(x$fpl$trapveneer)
    __I$use$fp                               0x08008122   Number         0  usenofp.o(x$fpl$usenofp)
    defaultTask_attributes                   0x08008124   Data          36  freertos.o(.constdata)
    mpuTask_attributes                       0x08008148   Data          36  freertos.o(.constdata)
    AHBPrescTable                            0x0800817e   Data          16  system_stm32f1xx.o(.constdata)
    APBPrescTable                            0x0800818e   Data           8  system_stm32f1xx.o(.constdata)
    hw                                       0x08008196   Data          12  inv_mpu.o(.constdata)
    reg                                      0x080081a2   Data          27  inv_mpu.o(.constdata)
    test                                     0x080081c0   Data          40  inv_mpu.o(.constdata)
    __mathlib_zero                           0x08008ed8   Data           8  qnan.o(.constdata)
    Region$$Table$$Base                      0x08008fd4   Number         0  anon$$obj.o(Region$$Table)
    Region$$Table$$Limit                     0x08008ff4   Number         0  anon$$obj.o(Region$$Table)
    defaultTaskHandle                        0x20000004   Data           4  freertos.o(.data)
    mpuTaskHandle                            0x20000008   Data           4  freertos.o(.data)
    __stdout                                 0x2000000c   Data           4  usart.o(.data)
    uwTickFreq                               0x20000010   Data           1  stm32f1xx_hal.o(.data)
    uwTickPrio                               0x20000014   Data           4  stm32f1xx_hal.o(.data)
    uwTick                                   0x20000018   Data           4  stm32f1xx_hal.o(.data)
    SystemCoreClock                          0x2000001c   Data           4  system_stm32f1xx.o(.data)
    pxCurrentTCB                             0x20000020   Data           4  tasks.o(.data)
    ax                                       0x200000cc   Data           2  mpu6050.o(.data)
    ay                                       0x200000ce   Data           2  mpu6050.o(.data)
    az                                       0x200000d0   Data           2  mpu6050.o(.data)
    gx                                       0x200000d2   Data           2  mpu6050.o(.data)
    gy                                       0x200000d4   Data           2  mpu6050.o(.data)
    gz                                       0x200000d6   Data           2  mpu6050.o(.data)
    q0                                       0x200000d8   Data           4  mpu6050.o(.data)
    q1                                       0x200000dc   Data           4  mpu6050.o(.data)
    q2                                       0x200000e0   Data           4  mpu6050.o(.data)
    q3                                       0x200000e4   Data           4  mpu6050.o(.data)
    fAX                                      0x200000e8   Data           4  mpu6050.o(.data)
    fAY                                      0x200000ec   Data           4  mpu6050.o(.data)
    fAZ                                      0x200000f0   Data           4  mpu6050.o(.data)
    htim3                                    0x20000100   Data          72  tim.o(.bss)
    htim4                                    0x20000148   Data          72  tim.o(.bss)
    htim8                                    0x20000190   Data          72  tim.o(.bss)
    huart1                                   0x200001d8   Data          72  usart.o(.bss)
    htim7                                    0x20000220   Data          72  stm32f1xx_hal_timebase_tim.o(.bss)
    xQueueRegistry                           0x20000268   Data          64  queue.o(.bss)
    __libspace_start                         0x20002f4c   Data          96  libspace.o(.bss)
    __temporary_stack_top$libspace           0x20002fac   Data           0  libspace.o(.bss)



==============================================================================

Memory Map of the image

  Image Entry point : 0x08000131

  Load Region LR_IROM1 (Base: 0x08000000, Size: 0x000090f4, Max: 0x00040000, ABSOLUTE)

    Execution Region ER_IROM1 (Exec base: 0x08000000, Load base: 0x08000000, Size: 0x00008ff4, Max: 0x00040000, ABSOLUTE)

    Exec Addr    Load Addr    Size         Type   Attr      Idx    E Section Name        Object

    0x08000000   0x08000000   0x00000130   Data   RO            3    RESET               startup_stm32f103xe.o
    0x08000130   0x08000130   0x00000008   Code   RO         5534  * !!!main             c_w.l(__main.o)
    0x08000138   0x08000138   0x00000034   Code   RO         5865    !!!scatter          c_w.l(__scatter.o)
    0x0800016c   0x0800016c   0x0000001a   Code   RO         5867    !!handler_copy      c_w.l(__scatter_copy.o)
    0x08000186   0x08000186   0x00000002   PAD
    0x08000188   0x08000188   0x0000001c   Code   RO         5869    !!handler_zi        c_w.l(__scatter_zi.o)
    0x080001a4   0x080001a4   0x00000000   Code   RO         5519    .ARM.Collect$$_printf_percent$$00000000  c_w.l(_printf_percent.o)
    0x080001a4   0x080001a4   0x00000006   Code   RO         5517    .ARM.Collect$$_printf_percent$$00000009  c_w.l(_printf_d.o)
    0x080001aa   0x080001aa   0x00000006   Code   RO         5518    .ARM.Collect$$_printf_percent$$0000000A  c_w.l(_printf_u.o)
    0x080001b0   0x080001b0   0x00000006   Code   RO         5516    .ARM.Collect$$_printf_percent$$00000014  c_w.l(_printf_s.o)
    0x080001b6   0x080001b6   0x00000004   Code   RO         5631    .ARM.Collect$$_printf_percent$$00000017  c_w.l(_printf_percent_end.o)
    0x080001ba   0x080001ba   0x00000002   Code   RO         5734    .ARM.Collect$$libinit$$00000000  c_w.l(libinit.o)
    0x080001bc   0x080001bc   0x00000000   Code   RO         5744    .ARM.Collect$$libinit$$00000002  c_w.l(libinit2.o)
    0x080001bc   0x080001bc   0x00000000   Code   RO         5746    .ARM.Collect$$libinit$$00000004  c_w.l(libinit2.o)
    0x080001bc   0x080001bc   0x00000000   Code   RO         5749    .ARM.Collect$$libinit$$0000000A  c_w.l(libinit2.o)
    0x080001bc   0x080001bc   0x00000000   Code   RO         5751    .ARM.Collect$$libinit$$0000000C  c_w.l(libinit2.o)
    0x080001bc   0x080001bc   0x00000000   Code   RO         5753    .ARM.Collect$$libinit$$0000000E  c_w.l(libinit2.o)
    0x080001bc   0x080001bc   0x00000000   Code   RO         5756    .ARM.Collect$$libinit$$00000011  c_w.l(libinit2.o)
    0x080001bc   0x080001bc   0x00000000   Code   RO         5758    .ARM.Collect$$libinit$$00000013  c_w.l(libinit2.o)
    0x080001bc   0x080001bc   0x00000000   Code   RO         5760    .ARM.Collect$$libinit$$00000015  c_w.l(libinit2.o)
    0x080001bc   0x080001bc   0x00000000   Code   RO         5762    .ARM.Collect$$libinit$$00000017  c_w.l(libinit2.o)
    0x080001bc   0x080001bc   0x00000000   Code   RO         5764    .ARM.Collect$$libinit$$00000019  c_w.l(libinit2.o)
    0x080001bc   0x080001bc   0x00000000   Code   RO         5766    .ARM.Collect$$libinit$$0000001B  c_w.l(libinit2.o)
    0x080001bc   0x080001bc   0x00000000   Code   RO         5768    .ARM.Collect$$libinit$$0000001D  c_w.l(libinit2.o)
    0x080001bc   0x080001bc   0x00000000   Code   RO         5770    .ARM.Collect$$libinit$$0000001F  c_w.l(libinit2.o)
    0x080001bc   0x080001bc   0x00000000   Code   RO         5772    .ARM.Collect$$libinit$$00000021  c_w.l(libinit2.o)
    0x080001bc   0x080001bc   0x00000000   Code   RO         5774    .ARM.Collect$$libinit$$00000023  c_w.l(libinit2.o)
    0x080001bc   0x080001bc   0x00000000   Code   RO         5776    .ARM.Collect$$libinit$$00000025  c_w.l(libinit2.o)
    0x080001bc   0x080001bc   0x00000000   Code   RO         5780    .ARM.Collect$$libinit$$0000002C  c_w.l(libinit2.o)
    0x080001bc   0x080001bc   0x00000000   Code   RO         5782    .ARM.Collect$$libinit$$0000002E  c_w.l(libinit2.o)
    0x080001bc   0x080001bc   0x00000000   Code   RO         5784    .ARM.Collect$$libinit$$00000030  c_w.l(libinit2.o)
    0x080001bc   0x080001bc   0x00000000   Code   RO         5786    .ARM.Collect$$libinit$$00000032  c_w.l(libinit2.o)
    0x080001bc   0x080001bc   0x00000002   Code   RO         5787    .ARM.Collect$$libinit$$00000033  c_w.l(libinit2.o)
    0x080001be   0x080001be   0x00000002   Code   RO         5815    .ARM.Collect$$libshutdown$$00000000  c_w.l(libshutdown.o)
    0x080001c0   0x080001c0   0x00000000   Code   RO         5829    .ARM.Collect$$libshutdown$$00000002  c_w.l(libshutdown2.o)
    0x080001c0   0x080001c0   0x00000000   Code   RO         5831    .ARM.Collect$$libshutdown$$00000004  c_w.l(libshutdown2.o)
    0x080001c0   0x080001c0   0x00000000   Code   RO         5833    .ARM.Collect$$libshutdown$$00000006  c_w.l(libshutdown2.o)
    0x080001c0   0x080001c0   0x00000000   Code   RO         5836    .ARM.Collect$$libshutdown$$00000009  c_w.l(libshutdown2.o)
    0x080001c0   0x080001c0   0x00000000   Code   RO         5839    .ARM.Collect$$libshutdown$$0000000C  c_w.l(libshutdown2.o)
    0x080001c0   0x080001c0   0x00000000   Code   RO         5841    .ARM.Collect$$libshutdown$$0000000E  c_w.l(libshutdown2.o)
    0x080001c0   0x080001c0   0x00000000   Code   RO         5844    .ARM.Collect$$libshutdown$$00000011  c_w.l(libshutdown2.o)
    0x080001c0   0x080001c0   0x00000002   Code   RO         5845    .ARM.Collect$$libshutdown$$00000012  c_w.l(libshutdown2.o)
    0x080001c2   0x080001c2   0x00000000   Code   RO         5614    .ARM.Collect$$rtentry$$00000000  c_w.l(__rtentry.o)
    0x080001c2   0x080001c2   0x00000000   Code   RO         5685    .ARM.Collect$$rtentry$$00000002  c_w.l(__rtentry2.o)
    0x080001c2   0x080001c2   0x00000006   Code   RO         5697    .ARM.Collect$$rtentry$$00000004  c_w.l(__rtentry4.o)
    0x080001c8   0x080001c8   0x00000000   Code   RO         5687    .ARM.Collect$$rtentry$$00000009  c_w.l(__rtentry2.o)
    0x080001c8   0x080001c8   0x00000004   Code   RO         5688    .ARM.Collect$$rtentry$$0000000A  c_w.l(__rtentry2.o)
    0x080001cc   0x080001cc   0x00000000   Code   RO         5690    .ARM.Collect$$rtentry$$0000000C  c_w.l(__rtentry2.o)
    0x080001cc   0x080001cc   0x00000008   Code   RO         5691    .ARM.Collect$$rtentry$$0000000D  c_w.l(__rtentry2.o)
    0x080001d4   0x080001d4   0x00000002   Code   RO         5737    .ARM.Collect$$rtexit$$00000000  c_w.l(rtexit.o)
    0x080001d6   0x080001d6   0x00000000   Code   RO         5789    .ARM.Collect$$rtexit$$00000002  c_w.l(rtexit2.o)
    0x080001d6   0x080001d6   0x00000004   Code   RO         5790    .ARM.Collect$$rtexit$$00000003  c_w.l(rtexit2.o)
    0x080001da   0x080001da   0x00000006   Code   RO         5791    .ARM.Collect$$rtexit$$00000004  c_w.l(rtexit2.o)
    0x080001e0   0x080001e0   0x00000096   Code   RO         4727    .emb_text           port.o
    0x08000276   0x08000276   0x00000002   PAD
    0x08000278   0x08000278   0x00000040   Code   RO            4    .text               startup_stm32f103xe.o
    0x080002b8   0x080002b8   0x00000002   Code   RO         5474    .text               c_w.l(use_no_semi_2.o)
    0x080002ba   0x080002ba   0x00000048   Code   RO         5478    .text               c_w.l(llsdiv.o)
    0x08000302   0x08000302   0x00000002   PAD
    0x08000304   0x08000304   0x00000018   Code   RO         5484    .text               c_w.l(noretval__2printf.o)
    0x0800031c   0x0800031c   0x00000034   Code   RO         5486    .text               c_w.l(noretval__2snprintf.o)
    0x08000350   0x08000350   0x0000004e   Code   RO         5490    .text               c_w.l(_printf_pad.o)
    0x0800039e   0x0800039e   0x00000052   Code   RO         5492    .text               c_w.l(_printf_str.o)
    0x080003f0   0x080003f0   0x00000078   Code   RO         5494    .text               c_w.l(_printf_dec.o)
    0x08000468   0x08000468   0x00000188   Code   RO         5513    .text               c_w.l(__printf_flags_ss_wp.o)
    0x080005f0   0x080005f0   0x00000058   Code   RO         5520    .text               c_w.l(memcmp.o)
    0x08000648   0x08000648   0x0000003e   Code   RO         5522    .text               c_w.l(strlen.o)
    0x08000686   0x08000686   0x0000008a   Code   RO         5524    .text               c_w.l(rt_memcpy_v6.o)
    0x08000710   0x08000710   0x00000010   Code   RO         5528    .text               c_w.l(aeabi_memset.o)
    0x08000720   0x08000720   0x0000004e   Code   RO         5530    .text               c_w.l(rt_memclr_w.o)
    0x0800076e   0x0800076e   0x00000006   Code   RO         5532    .text               c_w.l(heapauxi.o)
    0x08000774   0x08000774   0x00000002   Code   RO         5612    .text               c_w.l(use_no_semi.o)
    0x08000776   0x08000776   0x000000ee   Code   RO         5615    .text               c_w.l(lludivv7m.o)
    0x08000864   0x08000864   0x00000016   Code   RO         5617    .text               c_w.l(_rserrno.o)
    0x0800087a   0x0800087a   0x000000b2   Code   RO         5619    .text               c_w.l(_printf_intcommon.o)
    0x0800092c   0x0800092c   0x00000030   Code   RO         5621    .text               c_w.l(_printf_char_common.o)
    0x0800095c   0x0800095c   0x0000000a   Code   RO         5623    .text               c_w.l(_sputc.o)
    0x08000966   0x08000966   0x00000010   Code   RO         5625    .text               c_w.l(_snputc.o)
    0x08000976   0x08000976   0x0000002c   Code   RO         5627    .text               c_w.l(_printf_char.o)
    0x080009a2   0x080009a2   0x00000002   PAD
    0x080009a4   0x080009a4   0x00000024   Code   RO         5629    .text               c_w.l(_printf_char_file.o)
    0x080009c8   0x080009c8   0x00000064   Code   RO         5632    .text               c_w.l(rt_memcpy_w.o)
    0x08000a2c   0x08000a2c   0x00000044   Code   RO         5634    .text               c_w.l(rt_memclr.o)
    0x08000a70   0x08000a70   0x00000008   Code   RO         5706    .text               c_w.l(rt_errno_addr_intlibspace.o)
    0x08000a78   0x08000a78   0x00000008   Code   RO         5710    .text               c_w.l(ferror.o)
    0x08000a80   0x08000a80   0x00000008   Code   RO         5720    .text               c_w.l(libspace.o)
    0x08000a88   0x08000a88   0x0000004a   Code   RO         5723    .text               c_w.l(sys_stackheap_outer.o)
    0x08000ad2   0x08000ad2   0x00000012   Code   RO         5727    .text               c_w.l(exit.o)
    0x08000ae4   0x08000ae4   0x0000001c   Code   RO          211    i.App_SendText      freertos.o
    0x08000b00   0x08000b00   0x00000002   Code   RO          535    i.BusFault_Handler  stm32f1xx_it.o
    0x08000b02   0x08000b02   0x00000002   Code   RO          536    i.DebugMon_Handler  stm32f1xx_it.o
    0x08000b04   0x08000b04   0x00000004   Code   RO           13    i.Error_Handler     main.o
    0x08000b08   0x08000b08   0x00000024   Code   RO         1678    i.HAL_Delay         stm32f1xx_hal.o
    0x08000b2c   0x08000b2c   0x000001f8   Code   RO         1988    i.HAL_GPIO_Init     stm32f1xx_hal_gpio.o
    0x08000d24   0x08000d24   0x0000000a   Code   RO         1990    i.HAL_GPIO_ReadPin  stm32f1xx_hal_gpio.o
    0x08000d2e   0x08000d2e   0x0000000a   Code   RO         1992    i.HAL_GPIO_WritePin  stm32f1xx_hal_gpio.o
    0x08000d38   0x08000d38   0x0000000c   Code   RO         1682    i.HAL_GetTick       stm32f1xx_hal.o
    0x08000d44   0x08000d44   0x00000010   Code   RO         1688    i.HAL_IncTick       stm32f1xx_hal.o
    0x08000d54   0x08000d54   0x00000024   Code   RO         1689    i.HAL_Init          stm32f1xx_hal.o
    0x08000d78   0x08000d78   0x00000098   Code   RO          623    i.HAL_InitTick      stm32f1xx_hal_timebase_tim.o
    0x08000e10   0x08000e10   0x00000048   Code   RO          599    i.HAL_MspInit       stm32f1xx_hal_msp.o
    0x08000e58   0x08000e58   0x0000001a   Code   RO         2148    i.HAL_NVIC_EnableIRQ  stm32f1xx_hal_cortex.o
    0x08000e72   0x08000e72   0x00000002   PAD
    0x08000e74   0x08000e74   0x00000040   Code   RO         2154    i.HAL_NVIC_SetPriority  stm32f1xx_hal_cortex.o
    0x08000eb4   0x08000eb4   0x00000024   Code   RO         2155    i.HAL_NVIC_SetPriorityGrouping  stm32f1xx_hal_cortex.o
    0x08000ed8   0x08000ed8   0x0000012c   Code   RO         1846    i.HAL_RCC_ClockConfig  stm32f1xx_hal_rcc.o
    0x08001004   0x08001004   0x00000040   Code   RO         1850    i.HAL_RCC_GetClockConfig  stm32f1xx_hal_rcc.o
    0x08001044   0x08001044   0x00000020   Code   RO         1853    i.HAL_RCC_GetPCLK1Freq  stm32f1xx_hal_rcc.o
    0x08001064   0x08001064   0x00000020   Code   RO         1854    i.HAL_RCC_GetPCLK2Freq  stm32f1xx_hal_rcc.o
    0x08001084   0x08001084   0x0000004c   Code   RO         1855    i.HAL_RCC_GetSysClockFreq  stm32f1xx_hal_rcc.o
    0x080010d0   0x080010d0   0x00000320   Code   RO         1858    i.HAL_RCC_OscConfig  stm32f1xx_hal_rcc.o
    0x080013f0   0x080013f0   0x00000002   Code   RO         1404    i.HAL_TIMEx_BreakCallback  stm32f1xx_hal_tim_ex.o
    0x080013f2   0x080013f2   0x00000002   Code   RO         1405    i.HAL_TIMEx_CommutCallback  stm32f1xx_hal_tim_ex.o
    0x080013f4   0x080013f4   0x0000007c   Code   RO         1423    i.HAL_TIMEx_MasterConfigSynchronization  stm32f1xx_hal_tim_ex.o
    0x08001470   0x08001470   0x0000005a   Code   RO          700    i.HAL_TIM_Base_Init  stm32f1xx_hal_tim.o
    0x080014ca   0x080014ca   0x00000002   PAD
    0x080014cc   0x080014cc   0x00000028   Code   RO          405    i.HAL_TIM_Base_MspInit  tim.o
    0x080014f4   0x080014f4   0x0000006c   Code   RO          705    i.HAL_TIM_Base_Start_IT  stm32f1xx_hal_tim.o
    0x08001560   0x08001560   0x000000dc   Code   RO          709    i.HAL_TIM_ConfigClockSource  stm32f1xx_hal_tim.o
    0x0800163c   0x0800163c   0x000000a4   Code   RO          721    i.HAL_TIM_Encoder_Init  stm32f1xx_hal_tim.o
    0x080016e0   0x080016e0   0x0000008c   Code   RO          407    i.HAL_TIM_Encoder_MspInit  tim.o
    0x0800176c   0x0800176c   0x00000002   Code   RO          734    i.HAL_TIM_IC_CaptureCallback  stm32f1xx_hal_tim.o
    0x0800176e   0x0800176e   0x00000130   Code   RO          748    i.HAL_TIM_IRQHandler  stm32f1xx_hal_tim.o
    0x0800189e   0x0800189e   0x00000002   PAD
    0x080018a0   0x080018a0   0x00000070   Code   RO          408    i.HAL_TIM_MspPostInit  tim.o
    0x08001910   0x08001910   0x00000002   Code   RO          751    i.HAL_TIM_OC_DelayElapsedCallback  stm32f1xx_hal_tim.o
    0x08001912   0x08001912   0x000000cc   Code   RO          772    i.HAL_TIM_PWM_ConfigChannel  stm32f1xx_hal_tim.o
    0x080019de   0x080019de   0x0000005a   Code   RO          775    i.HAL_TIM_PWM_Init  stm32f1xx_hal_tim.o
    0x08001a38   0x08001a38   0x00000002   Code   RO          777    i.HAL_TIM_PWM_MspInit  stm32f1xx_hal_tim.o
    0x08001a3a   0x08001a3a   0x00000002   Code   RO          778    i.HAL_TIM_PWM_PulseFinishedCallback  stm32f1xx_hal_tim.o
    0x08001a3c   0x08001a3c   0x00000014   Code   RO           14    i.HAL_TIM_PeriodElapsedCallback  main.o
    0x08001a50   0x08001a50   0x00000002   Code   RO          791    i.HAL_TIM_TriggerCallback  stm32f1xx_hal_tim.o
    0x08001a52   0x08001a52   0x00000064   Code   RO         2678    i.HAL_UART_Init     stm32f1xx_hal_uart.o
    0x08001ab6   0x08001ab6   0x00000002   PAD
    0x08001ab8   0x08001ab8   0x00000070   Code   RO          477    i.HAL_UART_MspInit  usart.o
    0x08001b28   0x08001b28   0x000000a0   Code   RO         2686    i.HAL_UART_Transmit  stm32f1xx_hal_uart.o
    0x08001bc8   0x08001bc8   0x00000002   Code   RO          537    i.HardFault_Handler  stm32f1xx_it.o
    0x08001bca   0x08001bca   0x00000002   PAD
    0x08001bcc   0x08001bcc   0x00000060   Code   RO         5384    i.I2C_SendByte      stm32_i2c.o
    0x08001c2c   0x08001c2c   0x0000005c   Code   RO         5385    i.I2C_Start         stm32_i2c.o
    0x08001c88   0x08001c88   0x0000004c   Code   RO         5386    i.I2C_Stop          stm32_i2c.o
    0x08001cd4   0x08001cd4   0x0000005c   Code   RO         5387    i.I2C_WaitAck       stm32_i2c.o
    0x08001d30   0x08001d30   0x0000000e   Code   RO         5388    i.I2C_delay         stm32_i2c.o
    0x08001d3e   0x08001d3e   0x00000002   PAD
    0x08001d40   0x08001d40   0x00000094   Code   RO          212    i.MPUTask_FormatFloat  freertos.o
    0x08001dd4   0x08001dd4   0x00000124   Code   RO          213    i.MPUTask_SendBanner  freertos.o
    0x08001ef8   0x08001ef8   0x000001bc   Code   RO          214    i.MPUTask_SendTelemetry  freertos.o
    0x080020b4   0x080020b4   0x000001e4   Code   RO         5330    i.MPU_getdata       mpu6050.o
    0x08002298   0x08002298   0x000002f0   Code   RO         5331    i.MPU_init          mpu6050.o
    0x08002588   0x08002588   0x00000084   Code   RO          215    i.MX_FREERTOS_Init  freertos.o
    0x0800260c   0x0800260c   0x0000009c   Code   RO          187    i.MX_GPIO_Init      gpio.o
    0x080026a8   0x080026a8   0x000000c8   Code   RO          409    i.MX_TIM3_Init      tim.o
    0x08002770   0x08002770   0x0000006c   Code   RO          410    i.MX_TIM4_Init      tim.o
    0x080027dc   0x080027dc   0x00000070   Code   RO          411    i.MX_TIM8_Init      tim.o
    0x0800284c   0x0800284c   0x00000038   Code   RO          478    i.MX_USART1_UART_Init  usart.o
    0x08002884   0x08002884   0x00000002   Code   RO          538    i.MemManage_Handler  stm32f1xx_it.o
    0x08002886   0x08002886   0x00000002   Code   RO          539    i.NMI_Handler       stm32f1xx_it.o
    0x08002888   0x08002888   0x00000008   Code   RO          219    i.StartDefaultTask  freertos.o
    0x08002890   0x08002890   0x000002c0   Code   RO          220    i.StartMPUTask      freertos.o
    0x08002b50   0x08002b50   0x0000001a   Code   RO         4159    i.SysTick_Handler   cmsis_os2.o
    0x08002b6a   0x08002b6a   0x0000005e   Code   RO           15    i.SystemClock_Config  main.o
    0x08002bc8   0x08002bc8   0x00000002   Code   RO         3012    i.SystemInit        system_stm32f1xx.o
    0x08002bca   0x08002bca   0x00000002   PAD
    0x08002bcc   0x08002bcc   0x0000000c   Code   RO          540    i.TIM7_IRQHandler   stm32f1xx_it.o
    0x08002bd8   0x08002bd8   0x0000009c   Code   RO          793    i.TIM_Base_SetConfig  stm32f1xx_hal_tim.o
    0x08002c74   0x08002c74   0x00000014   Code   RO          804    i.TIM_ETR_SetConfig  stm32f1xx_hal_tim.o
    0x08002c88   0x08002c88   0x00000010   Code   RO          805    i.TIM_ITRx_SetConfig  stm32f1xx_hal_tim.o
    0x08002c98   0x08002c98   0x00000060   Code   RO          806    i.TIM_OC1_SetConfig  stm32f1xx_hal_tim.o
    0x08002cf8   0x08002cf8   0x0000006c   Code   RO          807    i.TIM_OC2_SetConfig  stm32f1xx_hal_tim.o
    0x08002d64   0x08002d64   0x00000068   Code   RO          808    i.TIM_OC3_SetConfig  stm32f1xx_hal_tim.o
    0x08002dcc   0x08002dcc   0x00000050   Code   RO          809    i.TIM_OC4_SetConfig  stm32f1xx_hal_tim.o
    0x08002e1c   0x08002e1c   0x00000022   Code   RO          811    i.TIM_TI1_ConfigInputStage  stm32f1xx_hal_tim.o
    0x08002e3e   0x08002e3e   0x00000024   Code   RO          813    i.TIM_TI2_ConfigInputStage  stm32f1xx_hal_tim.o
    0x08002e62   0x08002e62   0x0000004e   Code   RO         2701    i.UART_EndRxTransfer  stm32f1xx_hal_uart.o
    0x08002eb0   0x08002eb0   0x000000b8   Code   RO         2704    i.UART_SetConfig    stm32f1xx_hal_uart.o
    0x08002f68   0x08002f68   0x00000072   Code   RO         2707    i.UART_WaitOnFlagUntilTimeout  stm32f1xx_hal_uart.o
    0x08002fda   0x08002fda   0x00000002   Code   RO          541    i.UsageFault_Handler  stm32f1xx_it.o
    0x08002fdc   0x08002fdc   0x00000028   Code   RO         5679    i.__ARM_fpclassify  m_ws.l(fpclassify.o)
    0x08003004   0x08003004   0x00000020   Code   RO         2161    i.__NVIC_SetPriority  stm32f1xx_hal_cortex.o
    0x08003024   0x08003024   0x000000aa   Code   RO         5681    i.__kernel_poly     m_ws.l(poly.o)
    0x080030ce   0x080030ce   0x00000006   Code   RO         5666    i.__mathlib_dbl_infnan  m_ws.l(dunder.o)
    0x080030d4   0x080030d4   0x00000004   Code   RO         5667    i.__mathlib_dbl_infnan2  m_ws.l(dunder.o)
    0x080030d8   0x080030d8   0x0000000c   Code   RO         5668    i.__mathlib_dbl_invalid  m_ws.l(dunder.o)
    0x080030e4   0x080030e4   0x00000010   Code   RO         5671    i.__mathlib_dbl_underflow  m_ws.l(dunder.o)
    0x080030f4   0x080030f4   0x0000000e   Code   RO         5506    i._is_digit         c_w.l(__printf_wp.o)
    0x08003102   0x08003102   0x00000002   Code   RO          479    i._sys_exit         usart.o
    0x08003104   0x08003104   0x00000080   Code   RO         4807    i.accel_self_test   inv_mpu.o
    0x08003184   0x08003184   0x00000270   Code   RO         5587    i.asin              m_ws.l(asin.o)
    0x080033f4   0x080033f4   0x00000220   Code   RO         5656    i.atan              m_ws.l(atan.o)
    0x08003614   0x08003614   0x0000019c   Code   RO         5597    i.atan2             m_ws.l(atan2.o)
    0x080037b0   0x080037b0   0x0000003a   Code   RO         5138    i.dmp_enable_6x_lp_quat  inv_mpu_dmp_motion_driver.o
    0x080037ea   0x080037ea   0x00000002   PAD
    0x080037ec   0x080037ec   0x000001d8   Code   RO         5139    i.dmp_enable_feature  inv_mpu_dmp_motion_driver.o
    0x080039c4   0x080039c4   0x0000003c   Code   RO         5140    i.dmp_enable_gyro_cal  inv_mpu_dmp_motion_driver.o
    0x08003a00   0x08003a00   0x0000003a   Code   RO         5141    i.dmp_enable_lp_quat  inv_mpu_dmp_motion_driver.o
    0x08003a3a   0x08003a3a   0x00000002   PAD
    0x08003a3c   0x08003a3c   0x00000014   Code   RO         5146    i.dmp_load_motion_driver_firmware  inv_mpu_dmp_motion_driver.o
    0x08003a50   0x08003a50   0x00000160   Code   RO         5147    i.dmp_read_fifo     inv_mpu_dmp_motion_driver.o
    0x08003bb0   0x08003bb0   0x000000d8   Code   RO         5150    i.dmp_set_accel_bias  inv_mpu_dmp_motion_driver.o
    0x08003c88   0x08003c88   0x00000064   Code   RO         5151    i.dmp_set_fifo_rate  inv_mpu_dmp_motion_driver.o
    0x08003cec   0x08003cec   0x000000cc   Code   RO         5152    i.dmp_set_gyro_bias  inv_mpu_dmp_motion_driver.o
    0x08003db8   0x08003db8   0x0000010c   Code   RO         5154    i.dmp_set_orientation  inv_mpu_dmp_motion_driver.o
    0x08003ec4   0x08003ec4   0x00000030   Code   RO         5157    i.dmp_set_shake_reject_thresh  inv_mpu_dmp_motion_driver.o
    0x08003ef4   0x08003ef4   0x00000020   Code   RO         5158    i.dmp_set_shake_reject_time  inv_mpu_dmp_motion_driver.o
    0x08003f14   0x08003f14   0x00000020   Code   RO         5159    i.dmp_set_shake_reject_timeout  inv_mpu_dmp_motion_driver.o
    0x08003f34   0x08003f34   0x00000040   Code   RO         5160    i.dmp_set_tap_axes  inv_mpu_dmp_motion_driver.o
    0x08003f74   0x08003f74   0x00000022   Code   RO         5161    i.dmp_set_tap_count  inv_mpu_dmp_motion_driver.o
    0x08003f96   0x08003f96   0x00000002   PAD
    0x08003f98   0x08003f98   0x00000128   Code   RO         5162    i.dmp_set_tap_thresh  inv_mpu_dmp_motion_driver.o
    0x080040c0   0x080040c0   0x00000020   Code   RO         5163    i.dmp_set_tap_time  inv_mpu_dmp_motion_driver.o
    0x080040e0   0x080040e0   0x00000020   Code   RO         5164    i.dmp_set_tap_time_multi  inv_mpu_dmp_motion_driver.o
    0x08004100   0x08004100   0x00000018   Code   RO          480    i.fputc             usart.o
    0x08004118   0x08004118   0x000000ac   Code   RO         4810    i.get_accel_prod_shift  inv_mpu.o
    0x080041c4   0x080041c4   0x00000314   Code   RO         4812    i.get_st_biases     inv_mpu.o
    0x080044d8   0x080044d8   0x000000d4   Code   RO         4813    i.gyro_self_test    inv_mpu.o
    0x080045ac   0x080045ac   0x00000030   Code   RO         5390    i.i2cInit           stm32_i2c.o
    0x080045dc   0x080045dc   0x0000010c   Code   RO         5391    i.i2cRead           stm32_i2c.o
    0x080046e8   0x080046e8   0x00000060   Code   RO         5392    i.i2cUnstick        stm32_i2c.o
    0x08004748   0x08004748   0x00000054   Code   RO         5394    i.i2cWriteBuffer    stm32_i2c.o
    0x0800479c   0x0800479c   0x00000012   Code   RO         5395    i.i2cread           stm32_i2c.o
    0x080047ae   0x080047ae   0x00000012   Code   RO         5396    i.i2cwrite          stm32_i2c.o
    0x080047c0   0x080047c0   0x00000048   Code   RO         5332    i.inv_row_2_scale   mpu6050.o
    0x08004808   0x08004808   0x0000002a   Code   RO           16    i.main              main.o
    0x08004832   0x08004832   0x00000002   PAD
    0x08004834   0x08004834   0x00000054   Code   RO         4814    i.mpu_configure_fifo  inv_mpu.o
    0x08004888   0x08004888   0x0000003c   Code   RO         4815    i.mpu_get_accel_fsr  inv_mpu.o
    0x080048c4   0x080048c4   0x00000050   Code   RO         4816    i.mpu_get_accel_reg  inv_mpu.o
    0x08004914   0x08004914   0x00000044   Code   RO         4817    i.mpu_get_accel_sens  inv_mpu.o
    0x08004958   0x08004958   0x00000034   Code   RO         4823    i.mpu_get_gyro_fsr  inv_mpu.o
    0x0800498c   0x0800498c   0x00000054   Code   RO         4824    i.mpu_get_gyro_reg  inv_mpu.o
    0x080049e0   0x080049e0   0x00000040   Code   RO         4825    i.mpu_get_gyro_sens  inv_mpu.o
    0x08004a20   0x08004a20   0x00000038   Code   RO         4827    i.mpu_get_lpf       inv_mpu.o
    0x08004a58   0x08004a58   0x0000001c   Code   RO         4829    i.mpu_get_sample_rate  inv_mpu.o
    0x08004a74   0x08004a74   0x000001f0   Code   RO         4832    i.mpu_init          inv_mpu.o
    0x08004c64   0x08004c64   0x000000a0   Code   RO         4833    i.mpu_load_firmware  inv_mpu.o
    0x08004d04   0x08004d04   0x000000b8   Code   RO         4834    i.mpu_lp_accel_mode  inv_mpu.o
    0x08004dbc   0x08004dbc   0x00000090   Code   RO         4837    i.mpu_read_fifo_stream  inv_mpu.o
    0x08004e4c   0x08004e4c   0x00000054   Code   RO         4838    i.mpu_read_mem      inv_mpu.o
    0x08004ea0   0x08004ea0   0x00000160   Code   RO         4841    i.mpu_reset_fifo    inv_mpu.o
    0x08005000   0x08005000   0x000000f0   Code   RO         4842    i.mpu_run_self_test  inv_mpu.o
    0x080050f0   0x080050f0   0x00000068   Code   RO         4844    i.mpu_set_accel_fsr  inv_mpu.o
    0x08005158   0x08005158   0x000000dc   Code   RO         4845    i.mpu_set_bypass    inv_mpu.o
    0x08005234   0x08005234   0x00000078   Code   RO         4847    i.mpu_set_dmp_state  inv_mpu.o
    0x080052ac   0x080052ac   0x0000006c   Code   RO         4848    i.mpu_set_gyro_fsr  inv_mpu.o
    0x08005318   0x08005318   0x00000064   Code   RO         4849    i.mpu_set_int_latched  inv_mpu.o
    0x0800537c   0x0800537c   0x0000006c   Code   RO         4851    i.mpu_set_lpf       inv_mpu.o
    0x080053e8   0x080053e8   0x00000080   Code   RO         4852    i.mpu_set_sample_rate  inv_mpu.o
    0x08005468   0x08005468   0x000000b8   Code   RO         4853    i.mpu_set_sensors   inv_mpu.o
    0x08005520   0x08005520   0x00000054   Code   RO         4854    i.mpu_write_mem     inv_mpu.o
    0x08005574   0x08005574   0x0000001a   Code   RO         4161    i.osDelay           cmsis_os2.o
    0x0800558e   0x0800558e   0x0000002e   Code   RO         4162    i.osDelayUntil      cmsis_os2.o
    0x080055bc   0x080055bc   0x0000000e   Code   RO         4173    i.osKernelGetTickCount  cmsis_os2.o
    0x080055ca   0x080055ca   0x00000002   PAD
    0x080055cc   0x080055cc   0x00000024   Code   RO         4175    i.osKernelInitialize  cmsis_os2.o
    0x080055f0   0x080055f0   0x00000038   Code   RO         4178    i.osKernelStart     cmsis_os2.o
    0x08005628   0x08005628   0x0000008a   Code   RO         4220    i.osThreadNew       cmsis_os2.o
    0x080056b2   0x080056b2   0x00000002   PAD
    0x080056b4   0x080056b4   0x0000005c   Code   RO         3620    i.prvAddCurrentTaskToDelayedList  tasks.o
    0x08005710   0x08005710   0x000000d0   Code   RO         3621    i.prvAddNewTaskToReadyList  tasks.o
    0x080057e0   0x080057e0   0x00000058   Code   RO         3985    i.prvCheckForValidListAndQueue  timers.o
    0x08005838   0x08005838   0x00000026   Code   RO         3217    i.prvCopyDataFromQueue  queue.o
    0x0800585e   0x0800585e   0x0000006c   Code   RO         3218    i.prvCopyDataToQueue  queue.o
    0x080058ca   0x080058ca   0x00000034   Code   RO         3622    i.prvDeleteTCB      tasks.o
    0x080058fe   0x080058fe   0x00000002   PAD
    0x08005900   0x08005900   0x0000004c   Code   RO         4672    i.prvHeapInit       heap_4.o
    0x0800594c   0x0800594c   0x00000060   Code   RO         3623    i.prvIdleTask       tasks.o
    0x080059ac   0x080059ac   0x00000022   Code   RO         3220    i.prvInitialiseNewQueue  queue.o
    0x080059ce   0x080059ce   0x00000002   PAD
    0x080059d0   0x080059d0   0x000000b0   Code   RO         3624    i.prvInitialiseNewTask  tasks.o
    0x08005a80   0x08005a80   0x0000004c   Code   RO         4673    i.prvInsertBlockIntoFreeList  heap_4.o
    0x08005acc   0x08005acc   0x00000038   Code   RO         3987    i.prvInsertTimerInActiveList  timers.o
    0x08005b04   0x08005b04   0x0000001c   Code   RO         3221    i.prvIsQueueEmpty   queue.o
    0x08005b20   0x08005b20   0x000000fc   Code   RO         3988    i.prvProcessReceivedCommands  timers.o
    0x08005c1c   0x08005c1c   0x000000c0   Code   RO         3989    i.prvProcessTimerOrBlockTask  timers.o
    0x08005cdc   0x08005cdc   0x00000020   Code   RO         3626    i.prvResetNextTaskUnblockTime  tasks.o
    0x08005cfc   0x08005cfc   0x00000028   Code   RO         3990    i.prvSampleTimeNow  timers.o
    0x08005d24   0x08005d24   0x0000006c   Code   RO         3991    i.prvSwitchTimerLists  timers.o
    0x08005d90   0x08005d90   0x00000028   Code   RO         4728    i.prvTaskExitError  port.o
    0x08005db8   0x08005db8   0x00000024   Code   RO         3992    i.prvTimerTask      timers.o
    0x08005ddc   0x08005ddc   0x0000006a   Code   RO         3222    i.prvUnlockQueue    queue.o
    0x08005e46   0x08005e46   0x00000002   PAD
    0x08005e48   0x08005e48   0x000000dc   Code   RO         4674    i.pvPortMalloc      heap_4.o
    0x08005f24   0x08005f24   0x00000024   Code   RO         4729    i.pxPortInitialiseStack  port.o
    0x08005f48   0x08005f48   0x000000c8   Code   RO         5333    i.run_self_test     mpu6050.o
    0x08006010   0x08006010   0x00000058   Code   RO         4855    i.set_int_enable    inv_mpu.o
    0x08006068   0x08006068   0x0000004c   Code   RO         5605    i.sqrt              m_ws.l(sqrt.o)
    0x080060b4   0x080060b4   0x00000026   Code   RO         3177    i.uxListRemove      list.o
    0x080060da   0x080060da   0x00000002   PAD
    0x080060dc   0x080060dc   0x00000014   Code   RO         4232    i.vApplicationGetIdleTaskMemory  cmsis_os2.o
    0x080060f0   0x080060f0   0x00000018   Code   RO         4233    i.vApplicationGetTimerTaskMemory  cmsis_os2.o
    0x08006108   0x08006108   0x00000016   Code   RO         3178    i.vListInitialise   list.o
    0x0800611e   0x0800611e   0x00000006   Code   RO         3179    i.vListInitialiseItem  list.o
    0x08006124   0x08006124   0x00000030   Code   RO         3180    i.vListInsert       list.o
    0x08006154   0x08006154   0x00000018   Code   RO         3181    i.vListInsertEnd    list.o
    0x0800616c   0x0800616c   0x00000040   Code   RO         4731    i.vPortEnterCritical  port.o
    0x080061ac   0x080061ac   0x00000028   Code   RO         4732    i.vPortExitCritical  port.o
    0x080061d4   0x080061d4   0x00000064   Code   RO         4675    i.vPortFree         heap_4.o
    0x08006238   0x08006238   0x00000024   Code   RO         4733    i.vPortSetupTimerInterrupt  port.o
    0x0800625c   0x0800625c   0x00000054   Code   RO         4734    i.vPortValidateInterruptPriority  port.o
    0x080062b0   0x080062b0   0x00000028   Code   RO         3228    i.vQueueAddToRegistry  queue.o
    0x080062d8   0x080062d8   0x00000044   Code   RO         3232    i.vQueueWaitForMessageRestricted  queue.o
    0x0800631c   0x0800631c   0x0000004c   Code   RO         3639    i.vTaskDelay        tasks.o
    0x08006368   0x08006368   0x0000008c   Code   RO         3640    i.vTaskDelayUntil   tasks.o
    0x080063f4   0x080063f4   0x00000010   Code   RO         3644    i.vTaskInternalSetTimeOutState  tasks.o
    0x08006404   0x08006404   0x0000000c   Code   RO         3645    i.vTaskMissedYield  tasks.o
    0x08006410   0x08006410   0x00000030   Code   RO         3647    i.vTaskPlaceOnEventList  tasks.o
    0x08006440   0x08006440   0x00000038   Code   RO         3648    i.vTaskPlaceOnEventListRestricted  tasks.o
    0x08006478   0x08006478   0x00000088   Code   RO         3656    i.vTaskStartScheduler  tasks.o
    0x08006500   0x08006500   0x00000010   Code   RO         3658    i.vTaskSuspendAll   tasks.o
    0x08006510   0x08006510   0x00000064   Code   RO         3659    i.vTaskSwitchContext  tasks.o
    0x08006574   0x08006574   0x000000a8   Code   RO         4735    i.xPortStartScheduler  port.o
    0x0800661c   0x0800661c   0x0000002c   Code   RO         4736    i.xPortSysTickHandler  port.o
    0x08006648   0x08006648   0x00000066   Code   RO         3238    i.xQueueGenericCreateStatic  queue.o
    0x080066ae   0x080066ae   0x00000002   PAD
    0x080066b0   0x080066b0   0x00000088   Code   RO         3239    i.xQueueGenericReset  queue.o
    0x08006738   0x08006738   0x00000160   Code   RO         3240    i.xQueueGenericSend  queue.o
    0x08006898   0x08006898   0x000000be   Code   RO         3241    i.xQueueGenericSendFromISR  queue.o
    0x08006956   0x08006956   0x00000002   PAD
    0x08006958   0x08006958   0x00000138   Code   RO         3250    i.xQueueReceive     queue.o
    0x08006a90   0x08006a90   0x00000074   Code   RO         3661    i.xTaskCheckForTimeOut  tasks.o
    0x08006b04   0x08006b04   0x0000005a   Code   RO         3662    i.xTaskCreate       tasks.o
    0x08006b5e   0x08006b5e   0x00000056   Code   RO         3663    i.xTaskCreateStatic  tasks.o
    0x08006bb4   0x08006bb4   0x0000001c   Code   RO         3667    i.xTaskGetSchedulerState  tasks.o
    0x08006bd0   0x08006bd0   0x0000000c   Code   RO         3668    i.xTaskGetTickCount  tasks.o
    0x08006bdc   0x08006bdc   0x00000010   Code   RO         3669    i.xTaskGetTickCountFromISR  tasks.o
    0x08006bec   0x08006bec   0x000000c8   Code   RO         3670    i.xTaskIncrementTick  tasks.o
    0x08006cb4   0x08006cb4   0x00000080   Code   RO         3673    i.xTaskPriorityDisinherit  tasks.o
    0x08006d34   0x08006d34   0x00000070   Code   RO         3675    i.xTaskRemoveFromEventList  tasks.o
    0x08006da4   0x08006da4   0x000000c4   Code   RO         3676    i.xTaskResumeAll    tasks.o
    0x08006e68   0x08006e68   0x00000060   Code   RO         4001    i.xTimerCreateTimerTask  timers.o
    0x08006ec8   0x08006ec8   0x00000068   Code   RO         4002    i.xTimerGenericCommand  timers.o
    0x08006f30   0x08006f30   0x00000062   Code   RO         5536    x$fpl$d2f           fz_ws.l(d2f.o)
    0x08006f92   0x08006f92   0x00000002   PAD
    0x08006f94   0x08006f94   0x00000150   Code   RO         5538    x$fpl$dadd          fz_ws.l(daddsub_clz.o)
    0x080070e4   0x080070e4   0x00000010   Code   RO         5714    x$fpl$dcheck1       fz_ws.l(dcheck1.o)
    0x080070f4   0x080070f4   0x00000018   Code   RO         5716    x$fpl$dcmpinf       fz_ws.l(dcmpi.o)
    0x0800710c   0x0800710c   0x000002b0   Code   RO         5545    x$fpl$ddiv          fz_ws.l(ddiv.o)
    0x080073bc   0x080073bc   0x00000078   Code   RO         5636    x$fpl$deqf          fz_ws.l(deqf.o)
    0x08007434   0x08007434   0x00000154   Code   RO         5554    x$fpl$dmul          fz_ws.l(dmul.o)
    0x08007588   0x08007588   0x0000009c   Code   RO         5640    x$fpl$dnaninf       fz_ws.l(dnaninf.o)
    0x08007624   0x08007624   0x0000000c   Code   RO         5642    x$fpl$dretinf       fz_ws.l(dretinf.o)
    0x08007630   0x08007630   0x00000016   Code   RO         5539    x$fpl$drsb          fz_ws.l(daddsub_clz.o)
    0x08007646   0x08007646   0x00000002   PAD
    0x08007648   0x08007648   0x000001cc   Code   RO         5644    x$fpl$dsqrt         fz_ws.l(dsqrt_noumaal.o)
    0x08007814   0x08007814   0x000001d4   Code   RO         5540    x$fpl$dsub          fz_ws.l(daddsub_clz.o)
    0x080079e8   0x080079e8   0x00000056   Code   RO         5556    x$fpl$f2d           fz_ws.l(f2d.o)
    0x08007a3e   0x08007a3e   0x00000002   PAD
    0x08007a40   0x08007a40   0x000000c4   Code   RO         5558    x$fpl$fadd          fz_ws.l(faddsub_clz.o)
    0x08007b04   0x08007b04   0x0000000c   Code   RO         5646    x$fpl$fcheck1       fz_ws.l(fcheck1.o)
    0x08007b10   0x08007b10   0x00000184   Code   RO         5565    x$fpl$fdiv          fz_ws.l(fdiv.o)
    0x08007c94   0x08007c94   0x00000036   Code   RO         5568    x$fpl$ffix          fz_ws.l(ffix.o)
    0x08007cca   0x08007cca   0x00000002   PAD
    0x08007ccc   0x08007ccc   0x0000003e   Code   RO         5572    x$fpl$ffixu         fz_ws.l(ffixu.o)
    0x08007d0a   0x08007d0a   0x00000002   PAD
    0x08007d0c   0x08007d0c   0x00000030   Code   RO         5577    x$fpl$fflt          fz_ws.l(fflt_clz.o)
    0x08007d3c   0x08007d3c   0x00000026   Code   RO         5576    x$fpl$ffltu         fz_ws.l(fflt_clz.o)
    0x08007d62   0x08007d62   0x00000002   PAD
    0x08007d64   0x08007d64   0x00000102   Code   RO         5582    x$fpl$fmul          fz_ws.l(fmul.o)
    0x08007e66   0x08007e66   0x0000008c   Code   RO         5648    x$fpl$fnaninf       fz_ws.l(fnaninf.o)
    0x08007ef2   0x08007ef2   0x0000000a   Code   RO         5650    x$fpl$fretinf       fz_ws.l(fretinf.o)
    0x08007efc   0x08007efc   0x000000ea   Code   RO         5560    x$fpl$fsub          fz_ws.l(faddsub_clz.o)
    0x08007fe6   0x08007fe6   0x00000064   Code   RO         5718    x$fpl$retnan        fz_ws.l(retnan.o)
    0x0800804a   0x0800804a   0x0000005c   Code   RO         5652    x$fpl$scalbn        fz_ws.l(scalbn.o)
    0x080080a6   0x080080a6   0x0000004c   Code   RO         5584    x$fpl$scalbnf       fz_ws.l(scalbnf.o)
    0x080080f2   0x080080f2   0x00000030   Code   RO         5735    x$fpl$trapveneer    fz_ws.l(trapv.o)
    0x08008122   0x08008122   0x00000000   Code   RO         5654    x$fpl$usenofp       fz_ws.l(usenofp.o)
    0x08008122   0x08008122   0x00000002   PAD
    0x08008124   0x08008124   0x00000048   Data   RO          222    .constdata          freertos.o
    0x0800816c   0x0800816c   0x00000012   Data   RO         1859    .constdata          stm32f1xx_hal_rcc.o
    0x0800817e   0x0800817e   0x00000010   Data   RO         3013    .constdata          system_stm32f1xx.o
    0x0800818e   0x0800818e   0x00000008   Data   RO         3014    .constdata          system_stm32f1xx.o
    0x08008196   0x08008196   0x0000000c   Data   RO         4856    .constdata          inv_mpu.o
    0x080081a2   0x080081a2   0x0000001b   Data   RO         4857    .constdata          inv_mpu.o
    0x080081bd   0x080081bd   0x00000003   PAD
    0x080081c0   0x080081c0   0x00000028   Data   RO         4858    .constdata          inv_mpu.o
    0x080081e8   0x080081e8   0x00000bf6   Data   RO         5166    .constdata          inv_mpu_dmp_motion_driver.o
    0x08008dde   0x08008dde   0x00000011   Data   RO         5514    .constdata          c_w.l(__printf_flags_ss_wp.o)
    0x08008def   0x08008def   0x00000001   PAD
    0x08008df0   0x08008df0   0x00000050   Data   RO         5588    .constdata          m_ws.l(asin.o)
    0x08008e40   0x08008e40   0x00000098   Data   RO         5657    .constdata          m_ws.l(atan.o)
    0x08008ed8   0x08008ed8   0x00000008   Data   RO         5683    .constdata          m_ws.l(qnan.o)
    0x08008ee0   0x08008ee0   0x000000a4   Data   RO          224    .conststring        freertos.o
    0x08008f84   0x08008f84   0x0000004d   Data   RO         4859    .conststring        inv_mpu.o
    0x08008fd1   0x08008fd1   0x00000003   PAD
    0x08008fd4   0x08008fd4   0x00000020   Data   RO         5863    Region$$Table       anon$$obj.o


    Execution Region RW_IRAM1 (Exec base: 0x20000000, Load base: 0x08008ff4, Size: 0x000035b0, Max: 0x0000c000, ABSOLUTE)

    Exec Addr    Load Addr    Size         Type   Attr      Idx    E Section Name        Object

    0x20000000   0x08008ff4   0x0000000c   Data   RW          226    .data               freertos.o
    0x2000000c   0x08009000   0x00000004   Data   RW          482    .data               usart.o
    0x20000010   0x08009004   0x0000000c   Data   RW         1696    .data               stm32f1xx_hal.o
    0x2000001c   0x08009010   0x00000004   Data   RW         3015    .data               system_stm32f1xx.o
    0x20000020   0x08009014   0x0000003c   Data   RW         3679    .data               tasks.o
    0x2000005c   0x08009050   0x00000014   Data   RW         4010    .data               timers.o
    0x20000070   0x08009064   0x00000004   Data   RW         4235    .data               cmsis_os2.o
    0x20000074   0x08009068   0x00000020   Data   RW         4681    .data               heap_4.o
    0x20000094   0x08009088   0x0000000c   Data   RW         4737    .data               port.o
    0x200000a0   0x08009094   0x0000002c   Data   RW         4860    .data               inv_mpu.o
    0x200000cc   0x080090c0   0x00000031   Data   RW         5334    .data               mpu6050.o
    0x200000fd   0x080090f1   0x00000003   PAD
    0x20000100        -       0x000000d8   Zero   RW          412    .bss                tim.o
    0x200001d8        -       0x00000048   Zero   RW          481    .bss                usart.o
    0x20000220        -       0x00000048   Zero   RW          626    .bss                stm32f1xx_hal_timebase_tim.o
    0x20000268        -       0x00000040   Zero   RW         3254    .bss                queue.o
    0x200002a8        -       0x000004c4   Zero   RW         3678    .bss                tasks.o
    0x2000076c        -       0x00000118   Zero   RW         4009    .bss                timers.o
    0x20000884        -       0x000006b8   Zero   RW         4234    .bss                cmsis_os2.o
    0x20000f3c        -       0x00002000   Zero   RW         4680    .bss                heap_4.o
    0x20002f3c        -       0x00000010   Zero   RW         5165    .bss                inv_mpu_dmp_motion_driver.o
    0x20002f4c        -       0x00000060   Zero   RW         5721    .bss                c_w.l(libspace.o)
    0x20002fac   0x080090f1   0x00000004   PAD
    0x20002fb0        -       0x00000200   Zero   RW            2    HEAP                startup_stm32f103xe.o
    0x200031b0        -       0x00000400   Zero   RW            1    STACK               startup_stm32f103xe.o


==============================================================================

Image component sizes


      Code (inc. data)   RO Data    RW Data    ZI Data      Debug   Object Name

       386         22          0          4       1720      59617   cmsis_os2.o
         0          0          0          0          0      19484   event_groups.o
      1756        600        236         12          0       9751   freertos.o
       156         14          0          0          0        907   gpio.o
       472         24          0         32       8192       4603   heap_4.o
      4780        360        156         44          0      27704   inv_mpu.o
      2378        120       3062          0         16      19502   inv_mpu_dmp_motion_driver.o
       138          0          0          0          0       3238   list.o
       160          6          0          0          0     499072   main.o
      1508        622          0         49          0       4213   mpu6050.o
       662         70          0         12          0      10397   port.o
      1514         20          0          0         64      16640   queue.o
        64         26        304          0       1536        780   startup_stm32f103xe.o
       902         38          0          0          0       7515   stm32_i2c.o
       100         18          0         12          0       5662   stm32f1xx_hal.o
       158         14          0          0          0      28054   stm32f1xx_hal_cortex.o
       524         42          0          0          0       3423   stm32f1xx_hal_gpio.o
        72         10          0          0          0        818   stm32f1xx_hal_msp.o
      1304         94         18          0          0       5545   stm32f1xx_hal_rcc.o
      1840         78          0          0          0      15137   stm32f1xx_hal_tim.o
       128         20          0          0          0       2293   stm32f1xx_hal_tim_ex.o
       152         20          0          0         72       1395   stm32f1xx_hal_timebase_tim.o
       636          6          0          0          0       4480   stm32f1xx_hal_uart.o
        24          6          0          0          0       2831   stm32f1xx_it.o
         0          0          0          0          0        396   stream_buffer.o
         2          0         24          4          0       1035   system_stm32f1xx.o
      2240        180          0         60       1220      27141   tasks.o
       712         76          0          0        216       4136   tim.o
       972         80          0         20        280      31571   timers.o
       194         24          0          4         72       3738   usart.o

    ----------------------------------------------------------------------
     23974       2590       3838        256      13388     821078   Object Totals
         0          0         32          0          0          0   (incl. Generated)
        40          0          6          3          0          0   (incl. Padding)

    ----------------------------------------------------------------------

      Code (inc. data)   RO Data    RW Data    ZI Data      Debug   Library Member Name

         8          0          0          0          0         68   __main.o
       392          4         17          0          0         92   __printf_flags_ss_wp.o
        14          0          0          0          0         68   __printf_wp.o
         0          0          0          0          0          0   __rtentry.o
        12          0          0          0          0          0   __rtentry2.o
         6          0          0          0          0          0   __rtentry4.o
        52          8          0          0          0          0   __scatter.o
        26          0          0          0          0          0   __scatter_copy.o
        28          0          0          0          0          0   __scatter_zi.o
        44          0          0          0          0        108   _printf_char.o
        48          6          0          0          0         96   _printf_char_common.o
        36          4          0          0          0         80   _printf_char_file.o
         6          0          0          0          0          0   _printf_d.o
       120         16          0          0          0         92   _printf_dec.o
       178          0          0          0          0         88   _printf_intcommon.o
        78          0          0          0          0        108   _printf_pad.o
         0          0          0          0          0          0   _printf_percent.o
         4          0          0          0          0          0   _printf_percent_end.o
         6          0          0          0          0          0   _printf_s.o
        82          0          0          0          0         80   _printf_str.o
         6          0          0          0          0          0   _printf_u.o
        22          0          0          0          0        100   _rserrno.o
        16          0          0          0          0         68   _snputc.o
        10          0          0          0          0         68   _sputc.o
        16          0          0          0          0         68   aeabi_memset.o
        18          0          0          0          0         80   exit.o
         8          0          0          0          0         68   ferror.o
         6          0          0          0          0        152   heapauxi.o
         2          0          0          0          0          0   libinit.o
         2          0          0          0          0          0   libinit2.o
         2          0          0          0          0          0   libshutdown.o
         2          0          0          0          0          0   libshutdown2.o
         8          4          0          0         96         68   libspace.o
        72          0          0          0          0         76   llsdiv.o
       238          0          0          0          0        100   lludivv7m.o
        88          0          0          0          0         76   memcmp.o
        24          4          0          0          0         84   noretval__2printf.o
        52          4          0          0          0         84   noretval__2snprintf.o
         8          4          0          0          0         68   rt_errno_addr_intlibspace.o
        68          0          0          0          0         68   rt_memclr.o
        78          0          0          0          0         80   rt_memclr_w.o
       138          0          0          0          0         68   rt_memcpy_v6.o
       100          0          0          0          0         80   rt_memcpy_w.o
         2          0          0          0          0          0   rtexit.o
        10          0          0          0          0          0   rtexit2.o
        62          0          0          0          0         76   strlen.o
        74          0          0          0          0         80   sys_stackheap_outer.o
         2          0          0          0          0         68   use_no_semi.o
         2          0          0          0          0         68   use_no_semi_2.o
        98          4          0          0          0         92   d2f.o
       826         16          0          0          0        348   daddsub_clz.o
        16          4          0          0          0         68   dcheck1.o
        24          0          0          0          0         68   dcmpi.o
       688        140          0          0          0        208   ddiv.o
       120          4          0          0          0         92   deqf.o
       340         12          0          0          0        104   dmul.o
       156          4          0          0          0         92   dnaninf.o
        12          0          0          0          0         68   dretinf.o
       460         56          0          0          0        120   dsqrt_noumaal.o
        86          4          0          0          0         84   f2d.o
       430          8          0          0          0        168   faddsub_clz.o
        12          4          0          0          0         68   fcheck1.o
       388         76          0          0          0         96   fdiv.o
        54          4          0          0          0         84   ffix.o
        62          4          0          0          0         84   ffixu.o
        86          0          0          0          0        136   fflt_clz.o
       258          4          0          0          0         84   fmul.o
       140          4          0          0          0         84   fnaninf.o
        10          0          0          0          0         68   fretinf.o
       100          0          0          0          0         68   retnan.o
        92          0          0          0          0         68   scalbn.o
        76          0          0          0          0         68   scalbnf.o
        48          0          0          0          0         68   trapv.o
         0          0          0          0          0          0   usenofp.o
       624         52         80          0          0        168   asin.o
       544         70        152          0          0        124   atan.o
       412         38          0          0          0        144   atan2.o
        38          6          0          0          0        272   dunder.o
        40          0          0          0          0         68   fpclassify.o
       170          0          0          0          0         96   poly.o
         0          0          8          0          0          0   qnan.o
        76          0          0          0          0         84   sqrt.o

    ----------------------------------------------------------------------
      8782        568        258          0        100       6072   Library Totals
        20          0          1          0          4          0   (incl. Padding)

    ----------------------------------------------------------------------

      Code (inc. data)   RO Data    RW Data    ZI Data      Debug   Library Name

      2276         54         17          0         96       2628   c_w.l
      4582        348          0          0          0       2488   fz_ws.l
      1904        166        240          0          0        956   m_ws.l

    ----------------------------------------------------------------------
      8782        568        258          0        100       6072   Library Totals

    ----------------------------------------------------------------------

==============================================================================


      Code (inc. data)   RO Data    RW Data    ZI Data      Debug   

     32756       3158       4096        256      13488     812898   Grand Totals
     32756       3158       4096        256      13488     812898   ELF Image Totals
     32756       3158       4096        256          0          0   ROM Totals

==============================================================================

    Total RO  Size (Code + RO Data)                36852 (  35.99kB)
    Total RW  Size (RW Data + ZI Data)             13744 (  13.42kB)
    Total ROM Size (Code + RO Data + RW Data)      37108 (  36.24kB)

==============================================================================

