Component: ARM Compiler 5.06 update 7 (build 960) Tool: armlink [4d3601]

==============================================================================

Section Cross References

    startup_stm32f103xe.o(STACK) refers (Special) to heapauxi.o(.text) for __use_two_region_memory
    startup_stm32f103xe.o(HEAP) refers (Special) to heapauxi.o(.text) for __use_two_region_memory
    startup_stm32f103xe.o(RESET) refers (Special) to heapauxi.o(.text) for __use_two_region_memory
    startup_stm32f103xe.o(RESET) refers to startup_stm32f103xe.o(STACK) for __initial_sp
    startup_stm32f103xe.o(RESET) refers to startup_stm32f103xe.o(.text) for Reset_Handler
    startup_stm32f103xe.o(RESET) refers to stm32f1xx_it.o(i.NMI_Handler) for NMI_Handler
    startup_stm32f103xe.o(RESET) refers to stm32f1xx_it.o(i.HardFault_Handler) for HardFault_Handler
    startup_stm32f103xe.o(RESET) refers to stm32f1xx_it.o(i.MemManage_Handler) for MemManage_Handler
    startup_stm32f103xe.o(RESET) refers to stm32f1xx_it.o(i.BusFault_Handler) for BusFault_Handler
    startup_stm32f103xe.o(RESET) refers to stm32f1xx_it.o(i.UsageFault_Handler) for UsageFault_Handler
    startup_stm32f103xe.o(RESET) refers to port.o(.emb_text) for SVC_Handler
    startup_stm32f103xe.o(RESET) refers to stm32f1xx_it.o(i.DebugMon_Handler) for DebugMon_Handler
    startup_stm32f103xe.o(RESET) refers to cmsis_os2.o(i.SysTick_Handler) for SysTick_Handler
    startup_stm32f103xe.o(RESET) refers to stm32f1xx_it.o(i.TIM7_IRQHandler) for TIM7_IRQHandler
    startup_stm32f103xe.o(.text) refers (Special) to heapauxi.o(.text) for __use_two_region_memory
    startup_stm32f103xe.o(.text) refers to system_stm32f1xx.o(i.SystemInit) for SystemInit
    startup_stm32f103xe.o(.text) refers to __main.o(!!!main) for __main
    startup_stm32f103xe.o(.text) refers to startup_stm32f103xe.o(HEAP) for Heap_Mem
    startup_stm32f103xe.o(.text) refers to startup_stm32f103xe.o(STACK) for Stack_Mem
    main.o(i.HAL_TIM_PeriodElapsedCallback) refers to stm32f1xx_hal.o(i.HAL_IncTick) for HAL_IncTick
    main.o(i.SystemClock_Config) refers to rt_memclr_w.o(.text) for __aeabi_memclr4
    main.o(i.SystemClock_Config) refers to stm32f1xx_hal_rcc.o(i.HAL_RCC_OscConfig) for HAL_RCC_OscConfig
    main.o(i.SystemClock_Config) refers to stm32f1xx_hal_rcc.o(i.HAL_RCC_ClockConfig) for HAL_RCC_ClockConfig
    main.o(i.main) refers to stm32f1xx_hal.o(i.HAL_Init) for HAL_Init
    main.o(i.main) refers to main.o(i.SystemClock_Config) for SystemClock_Config
    main.o(i.main) refers to gpio.o(i.MX_GPIO_Init) for MX_GPIO_Init
    main.o(i.main) refers to tim.o(i.MX_TIM3_Init) for MX_TIM3_Init
    main.o(i.main) refers to usart.o(i.MX_USART1_UART_Init) for MX_USART1_UART_Init
    main.o(i.main) refers to tim.o(i.MX_TIM4_Init) for MX_TIM4_Init
    main.o(i.main) refers to tim.o(i.MX_TIM8_Init) for MX_TIM8_Init
    main.o(i.main) refers to cmsis_os2.o(i.osKernelInitialize) for osKernelInitialize
    main.o(i.main) refers to freertos.o(i.MX_FREERTOS_Init) for MX_FREERTOS_Init
    main.o(i.main) refers to cmsis_os2.o(i.osKernelStart) for osKernelStart
    gpio.o(i.MX_GPIO_Init) refers to stm32f1xx_hal_gpio.o(i.HAL_GPIO_WritePin) for HAL_GPIO_WritePin
    gpio.o(i.MX_GPIO_Init) refers to stm32f1xx_hal_gpio.o(i.HAL_GPIO_Init) for HAL_GPIO_Init
    freertos.o(i.MX_FREERTOS_Init) refers to cmsis_os2.o(i.osThreadNew) for osThreadNew
    freertos.o(i.MX_FREERTOS_Init) refers to freertos.o(.constdata) for .constdata
    freertos.o(i.MX_FREERTOS_Init) refers to freertos.o(i.StartDefaultTask) for StartDefaultTask
    freertos.o(i.MX_FREERTOS_Init) refers to freertos.o(.data) for .data
    freertos.o(i.MX_FREERTOS_Init) refers to freertos.o(i.StartmotorTask) for StartmotorTask
    freertos.o(i.MX_FREERTOS_Init) refers to freertos.o(i.StartDataTask) for StartDataTask
    freertos.o(i.StartDataTask) refers to _printf_pad.o(.text) for _printf_pre_padding
    freertos.o(i.StartDataTask) refers to _printf_percent.o(.ARM.Collect$$_printf_percent$$00000000) for _printf_percent
    freertos.o(i.StartDataTask) refers to _printf_d.o(.ARM.Collect$$_printf_percent$$00000009) for _printf_d
    freertos.o(i.StartDataTask) refers to _printf_f.o(.ARM.Collect$$_printf_percent$$00000003) for _printf_f
    freertos.o(i.StartDataTask) refers to _printf_dec.o(.text) for _printf_int_dec
    freertos.o(i.StartDataTask) refers to printf1.o(x$fpl$printf1) for _printf_fp_dec
    freertos.o(i.StartDataTask) refers to mpu6050.o(i.MPU_init) for MPU_init
    freertos.o(i.StartDataTask) refers to cmsis_os2.o(i.osDelay) for osDelay
    freertos.o(i.StartDataTask) refers to mpu6050.o(i.MPU_getdata) for MPU_getdata
    freertos.o(i.StartDataTask) refers to f2d.o(x$fpl$f2d) for __aeabi_f2d
    freertos.o(i.StartDataTask) refers to noretval__2printf.o(.text) for __2printf
    freertos.o(i.StartDataTask) refers to mpu6050.o(.data) for fAZ
    freertos.o(i.StartDefaultTask) refers to cmsis_os2.o(i.osDelay) for osDelay
[...]
    __rt_exit_prels_1                        0x080001e1   Thumb Code     0  rtexit2.o(.ARM.Collect$$rtexit$$00000002)
    __rt_exit_exit                           0x080001e5   Thumb Code     0  rtexit2.o(.ARM.Collect$$rtexit$$00000004)
    SVC_Handler                              0x080001ed   Thumb Code    32  port.o(.emb_text)
    __asm___6_port_c_39a90d8d__prvStartFirstTask 0x08000211   Thumb Code    28  port.o(.emb_text)
    PendSV_Handler                           0x08000231   Thumb Code    72  port.o(.emb_text)
    vPortGetIPSR                             0x0800027d   Thumb Code     6  port.o(.emb_text)
    Reset_Handler                            0x08000285   Thumb Code     8  startup_stm32f103xe.o(.text)
    ADC1_2_IRQHandler                        0x0800029f   Thumb Code     0  startup_stm32f103xe.o(.text)
    ADC3_IRQHandler                          0x0800029f   Thumb Code     0  startup_stm32f103xe.o(.text)
    CAN1_RX1_IRQHandler                      0x0800029f   Thumb Code     0  startup_stm32f103xe.o(.text)
    CAN1_SCE_IRQHandler                      0x0800029f   Thumb Code     0  startup_stm32f103xe.o(.text)
    DMA1_Channel1_IRQHandler                 0x0800029f   Thumb Code     0  startup_stm32f103xe.o(.text)
    DMA1_Channel2_IRQHandler                 0x0800029f   Thumb Code     0  startup_stm32f103xe.o(.text)
    DMA1_Channel3_IRQHandler                 0x0800029f   Thumb Code     0  startup_stm32f103xe.o(.text)
    DMA1_Channel4_IRQHandler                 0x0800029f   Thumb Code     0  startup_stm32f103xe.o(.text)
    DMA1_Channel5_IRQHandler                 0x0800029f   Thumb Code     0  startup_stm32f103xe.o(.text)
    DMA1_Channel6_IRQHandler                 0x0800029f   Thumb Code     0  startup_stm32f103xe.o(.text)
    DMA1_Channel7_IRQHandler                 0x0800029f   Thumb Code     0  startup_stm32f103xe.o(.text)
    DMA2_Channel1_IRQHandler                 0x0800029f   Thumb Code     0  startup_stm32f103xe.o(.text)
    DMA2_Channel2_IRQHandler                 0x0800029f   Thumb Code     0  startup_stm32f103xe.o(.text)
    DMA2_Channel3_IRQHandler                 0x0800029f   Thumb Code     0  startup_stm32f103xe.o(.text)
    DMA2_Channel4_5_IRQHandler               0x0800029f   Thumb Code     0  startup_stm32f103xe.o(.text)
    EXTI0_IRQHandler                         0x0800029f   Thumb Code     0  startup_stm32f103xe.o(.text)
    EXTI15_10_IRQHandler                     0x0800029f   Thumb Code     0  startup_stm32f103xe.o(.text)
    EXTI1_IRQHandler                         0x0800029f   Thumb Code     0  startup_stm32f103xe.o(.text)
    EXTI2_IRQHandler                         0x0800029f   Thumb Code     0  startup_stm32f103xe.o(.text)
    EXTI3_IRQHandler                         0x0800029f   Thumb Code     0  startup_stm32f103xe.o(.text)
    EXTI4_IRQHandler                         0x0800029f   Thumb Code     0  startup_stm32f103xe.o(.text)
    EXTI9_5_IRQHandler                       0x0800029f   Thumb Code     0  startup_stm32f103xe.o(.text)
    FLASH_IRQHandler                         0x0800029f   Thumb Code     0  startup_stm32f103xe.o(.text)
    FSMC_IRQHandler                          0x0800029f   Thumb Code     0  startup_stm32f103xe.o(.text)
    I2C1_ER_IRQHandler                       0x0800029f   Thumb Code     0  startup_stm32f103xe.o(.text)
    I2C1_EV_IRQHandler                       0x0800029f   Thumb Code     0  startup_stm32f103xe.o(.text)
    I2C2_ER_IRQHandler                       0x0800029f   Thumb Code     0  startup_stm32f103xe.o(.text)
    I2C2_EV_IRQHandler                       0x0800029f   Thumb Code     0  startup_stm32f103xe.o(.text)
    PVD_IRQHandler                           0x0800029f   Thumb Code     0  startup_stm32f103xe.o(.text)
    RCC_IRQHandler                           0x0800029f   Thumb Code     0  startup_stm32f103xe.o(.text)
    RTC_Alarm_IRQHandler                     0x0800029f   Thumb Code     0  startup_stm32f103xe.o(.text)
    RTC_IRQHandler                           0x0800029f   Thumb Code     0  startup_stm32f103xe.o(.text)
    SDIO_IRQHandler                          0x0800029f   Thumb Code     0  startup_stm32f103xe.o(.text)
    SPI1_IRQHandler                          0x0800029f   Thumb Code     0  startup_stm32f103xe.o(.text)
    SPI2_IRQHandler                          0x0800029f   Thumb Code     0  startup_stm32f103xe.o(.text)
    SPI3_IRQHandler                          0x0800029f   Thumb Code     0  startup_stm32f103xe.o(.text)
    TAMPER_IRQHandler                        0x0800029f   Thumb Code     0  startup_stm32f103xe.o(.text)
    TIM1_BRK_IRQHandler                      0x0800029f   Thumb Code     0  startup_stm32f103xe.o(.text)
    TIM1_CC_IRQHandler                       0x0800029f   Thumb Code     0  startup_stm32f103xe.o(.text)
    TIM1_TRG_COM_IRQHandler                  0x0800029f   Thumb Code     0  startup_stm32f103xe.o(.text)
    TIM1_UP_IRQHandler                       0x0800029f   Thumb Code     0  startup_stm32f103xe.o(.text)
    TIM2_IRQHandler                          0x0800029f   Thumb Code     0  startup_stm32f103xe.o(.text)
    TIM3_IRQHandler                          0x0800029f   Thumb Code     0  startup_stm32f103xe.o(.text)
    TIM4_IRQHandler                          0x0800029f   Thumb Code     0  startup_stm32f103xe.o(.text)
    TIM5_IRQHandler                          0x0800029f   Thumb Code     0  startup_stm32f103xe.o(.text)
    TIM6_IRQHandler                          0x0800029f   Thumb Code     0  startup_stm32f103xe.o(.text)
    TIM8_BRK_IRQHandler                      0x0800029f   Thumb Code     0  startup_stm32f103xe.o(.text)
    TIM8_CC_IRQHandler                       0x0800029f   Thumb Code     0  startup_stm32f103xe.o(.text)
    TIM8_TRG_COM_IRQHandler                  0x0800029f   Thumb Code     0  startup_stm32f103xe.o(.text)
    TIM8_UP_IRQHandler                       0x0800029f   Thumb Code     0  startup_stm32f103xe.o(.text)
    UART4_IRQHandler                         0x0800029f   Thumb Code     0  startup_stm32f103xe.o(.text)
    UART5_IRQHandler                         0x0800029f   Thumb Code     0  startup_stm32f103xe.o(.text)
    USART1_IRQHandler                        0x0800029f   Thumb Code     0  startup_stm32f103xe.o(.text)
    USART2_IRQHandler                        0x0800029f   Thumb Code     0  startup_stm32f103xe.o(.text)
    USART3_IRQHandler                        0x0800029f   Thumb Code     0  startup_stm32f103xe.o(.text)
    USBWakeUp_IRQHandler                     0x0800029f   Thumb Code     0  startup_stm32f103xe.o(.text)
    USB_HP_CAN1_TX_IRQHandler                0x0800029f   Thumb Code     0  startup_stm32f103xe.o(.text)
    USB_LP_CAN1_RX0_IRQHandler               0x0800029f   Thumb Code     0  startup_stm32f103xe.o(.text)
    WWDG_IRQHandler                          0x0800029f   Thumb Code     0  startup_stm32f103xe.o(.text)
    __user_initial_stackheap                 0x080002a1   Thumb Code     0  startup_stm32f103xe.o(.text)
    __use_no_semihosting                     0x080002c5   Thumb Code     2  use_no_semi_2.o(.text)
    __aeabi_ldivmod                          0x080002c7   Thumb Code     0  llsdiv.o(.text)
    _ll_sdiv                                 0x080002c7   Thumb Code    72  llsdiv.o(.text)
    __2printf                                0x08000311   Thumb Code    20  noretval__2printf.o(.text)
    _printf_pre_padding                      0x08000329   Thumb Code    44  _printf_pad.o(.text)
    _printf_post_padding                     0x08000355   Thumb Code    34  _printf_pad.o(.text)
    _printf_int_dec                          0x08000379   Thumb Code   104  _printf_dec.o(.text)
    __printf                                 0x080003f1   Thumb Code   270  __printf_wp.o(.text)
    memcmp                                   0x080004ff   Thumb Code    88  memcmp.o(.text)
    __aeabi_memcpy                           0x08000557   Thumb Code     0  rt_memcpy_v6.o(.text)
    __rt_memcpy                              0x08000557   Thumb Code   138  rt_memcpy_v6.o(.text)
    _memcpy_lastbytes                        0x080005bd   Thumb Code     0  rt_memcpy_v6.o(.text)
    __aeabi_memset                           0x080005e1   Thumb Code    16  aeabi_memset.o(.text)
    __aeabi_memclr4                          0x080005f1   Thumb Code     0  rt_memclr_w.o(.text)
    __aeabi_memclr8                          0x080005f1   Thumb Code     0  rt_memclr_w.o(.text)
    __rt_memclr_w                            0x080005f1   Thumb Code    78  rt_memclr_w.o(.text)
    _memset_w                                0x080005f5   Thumb Code     0  rt_memclr_w.o(.text)
    __use_two_region_memory                  0x0800063f   Thumb Code     2  heapauxi.o(.text)
    __rt_heap_escrow$2region                 0x08000641   Thumb Code     2  heapauxi.o(.text)
    __rt_heap_expand$2region                 0x08000643   Thumb Code     2  heapauxi.o(.text)
    __I$use$semihosting                      0x08000645   Thumb Code     0  use_no_semi.o(.text)
    __use_no_semihosting_swi                 0x08000645   Thumb Code     2  use_no_semi.o(.text)
    __aeabi_uldivmod                         0x08000647   Thumb Code     0  lludivv7m.o(.text)
    _ll_udiv                                 0x08000647   Thumb Code   238  lludivv7m.o(.text)
    __read_errno                             0x08000735   Thumb Code    10  _rserrno.o(.text)
    __set_errno                              0x0800073f   Thumb Code    12  _rserrno.o(.text)
    _printf_int_common                       0x0800074b   Thumb Code   178  _printf_intcommon.o(.text)
    __lib_sel_fp_printf                      0x080007fd   Thumb Code     2  _printf_fp_dec.o(.text)
    _printf_fp_dec_real                      0x080009af   Thumb Code   620  _printf_fp_dec.o(.text)
    _printf_char_file                        0x08000c1d   Thumb Code    32  _printf_char_file.o(.text)
    __aeabi_memcpy4                          0x08000c41   Thumb Code     0  rt_memcpy_w.o(.text)
    __aeabi_memcpy8                          0x08000c41   Thumb Code     0  rt_memcpy_w.o(.text)
    __rt_memcpy_w                            0x08000c41   Thumb Code   100  rt_memcpy_w.o(.text)
    _memcpy_lastbytes_aligned                0x08000c89   Thumb Code     0  rt_memcpy_w.o(.text)
    __aeabi_memclr                           0x08000ca5   Thumb Code     0  rt_memclr.o(.text)
    __rt_memclr                              0x08000ca5   Thumb Code    68  rt_memclr.o(.text)
    _memset                                  0x08000ca9   Thumb Code     0  rt_memclr.o(.text)
    __rt_locale                              0x08000ce9   Thumb Code     8  rt_locale_intlibspace.o(.text)
    __aeabi_errno_addr                       0x08000cf1   Thumb Code     8  rt_errno_addr_intlibspace.o(.text)
    __errno$intlibspace                      0x08000cf1   Thumb Code     0  rt_errno_addr_intlibspace.o(.text)
    __rt_errno_addr$intlibspace              0x08000cf1   Thumb Code     0  rt_errno_addr_intlibspace.o(.text)
    _ll_udiv10                               0x08000cf9   Thumb Code   138  lludiv10.o(.text)
    _printf_char_common                      0x08000d8f   Thumb Code    32  _printf_char_common.o(.text)
    _printf_fp_infnan                        0x08000db5   Thumb Code   112  _printf_fp_infnan.o(.text)
    _btod_etento                             0x08000e35   Thumb Code   224  bigflt0.o(.text)
    ferror                                   0x08000f19   Thumb Code     8  ferror.o(.text)
    __user_libspace                          0x08000f21   Thumb Code     8  libspace.o(.text)
    __user_perproc_libspace                  0x08000f21   Thumb Code     0  libspace.o(.text)
    __user_perthread_libspace                0x08000f21   Thumb Code     0  libspace.o(.text)
    __user_setup_stackheap                   0x08000f29   Thumb Code    74  sys_stackheap_outer.o(.text)
    exit                                     0x08000f73   Thumb Code    18  exit.o(.text)
    strcmp                                   0x08000f85   Thumb Code   128  strcmpv7m.o(.text)
    _btod_d2e                                0x08001005   Thumb Code    62  btod.o(CL$$btod_d2e)
    _d2e_denorm_low                          0x08001043   Thumb Code    70  btod.o(CL$$btod_d2e_denorm_low)
    _d2e_norm_op1                            0x08001089   Thumb Code    96  btod.o(CL$$btod_d2e_norm_op1)
    __btod_div_common                        0x080010e9   Thumb Code   696  btod.o(CL$$btod_div_common)
    _e2e                                     0x08001421   Thumb Code   220  btod.o(CL$$btod_e2e)
    _btod_ediv                               0x080014fd   Thumb Code    42  btod.o(CL$$btod_ediv)
    _btod_emul                               0x08001527   Thumb Code    42  btod.o(CL$$btod_emul)
    __btod_mult_common                       0x08001551   Thumb Code   580  btod.o(CL$$btod_mult_common)
    BusFault_Handler                         0x08001795   Thumb Code     2  stm32f1xx_it.o(i.BusFault_Handler)
    DebugMon_Handler                         0x08001797   Thumb Code     2  stm32f1xx_it.o(i.DebugMon_Handler)
    Error_Handler                            0x08001799   Thumb Code     4  main.o(i.Error_Handler)
    HAL_Delay                                0x0800179d   Thumb Code    32  stm32f1xx_hal.o(i.HAL_Delay)
    HAL_GPIO_Init                            0x080017c1   Thumb Code   462  stm32f1xx_hal_gpio.o(i.HAL_GPIO_Init)
    HAL_GPIO_ReadPin                         0x080019b9   Thumb Code    10  stm32f1xx_hal_gpio.o(i.HAL_GPIO_ReadPin)
    HAL_GPIO_WritePin                        0x080019c3   Thumb Code    10  stm32f1xx_hal_gpio.o(i.HAL_GPIO_WritePin)
    HAL_GetTick                              0x080019cd   Thumb Code     6  stm32f1xx_hal.o(i.HAL_GetTick)
    HAL_IncTick                              0x080019d9   Thumb Code    12  stm32f1xx_hal.o(i.HAL_IncTick)
    HAL_Init                                 0x080019e9   Thumb Code    32  stm32f1xx_hal.o(i.HAL_Init)
    HAL_InitTick                             0x08001a0d   Thumb Code   132  stm32f1xx_hal_timebase_tim.o(i.HAL_InitTick)
    HAL_MspInit                              0x08001aa5   Thumb Code    62  stm32f1xx_hal_msp.o(i.HAL_MspInit)
    HAL_NVIC_EnableIRQ                       0x08001aed   Thumb Code    26  stm32f1xx_hal_cortex.o(i.HAL_NVIC_EnableIRQ)
    HAL_NVIC_SetPriority                     0x08001b09   Thumb Code    60  stm32f1xx_hal_cortex.o(i.HAL_NVIC_SetPriority)
    HAL_NVIC_SetPriorityGrouping             0x08001b49   Thumb Code    26  stm32f1xx_hal_cortex.o(i.HAL_NVIC_SetPriorityGrouping)
    HAL_RCC_ClockConfig                      0x08001b6d   Thumb Code   280  stm32f1xx_hal_rcc.o(i.HAL_RCC_ClockConfig)
    HAL_RCC_GetClockConfig                   0x08001c99   Thumb Code    54  stm32f1xx_hal_rcc.o(i.HAL_RCC_GetClockConfig)
    HAL_RCC_GetPCLK1Freq                     0x08001cd9   Thumb Code    20  stm32f1xx_hal_rcc.o(i.HAL_RCC_GetPCLK1Freq)
    HAL_RCC_GetPCLK2Freq                     0x08001cf9   Thumb Code    20  stm32f1xx_hal_rcc.o(i.HAL_RCC_GetPCLK2Freq)
    HAL_RCC_GetSysClockFreq                  0x08001d19   Thumb Code    58  stm32f1xx_hal_rcc.o(i.HAL_RCC_GetSysClockFreq)
    HAL_RCC_OscConfig                        0x08001d65   Thumb Code   778  stm32f1xx_hal_rcc.o(i.HAL_RCC_OscConfig)
    HAL_TIMEx_BreakCallback                  0x08002085   Thumb Code     2  stm32f1xx_hal_tim_ex.o(i.HAL_TIMEx_BreakCallback)
    HAL_TIMEx_CommutCallback                 0x08002087   Thumb Code     2  stm32f1xx_hal_tim_ex.o(i.HAL_TIMEx_CommutCallback)
    HAL_TIMEx_MasterConfigSynchronization    0x08002089   Thumb Code   104  stm32f1xx_hal_tim_ex.o(i.HAL_TIMEx_MasterConfigSynchronization)
    HAL_TIM_Base_Init                        0x08002105   Thumb Code    90  stm32f1xx_hal_tim.o(i.HAL_TIM_Base_Init)
    HAL_TIM_Base_MspInit                     0x08002161   Thumb Code    30  tim.o(i.HAL_TIM_Base_MspInit)
    HAL_TIM_Base_Start_IT                    0x08002189   Thumb Code    88  stm32f1xx_hal_tim.o(i.HAL_TIM_Base_Start_IT)
    HAL_TIM_ConfigClockSource                0x080021f5   Thumb Code   220  stm32f1xx_hal_tim.o(i.HAL_TIM_ConfigClockSource)
    HAL_TIM_Encoder_Init                     0x080022d1   Thumb Code   164  stm32f1xx_hal_tim.o(i.HAL_TIM_Encoder_Init)
    HAL_TIM_Encoder_MspInit                  0x08002375   Thumb Code   118  tim.o(i.HAL_TIM_Encoder_MspInit)
    HAL_TIM_IC_CaptureCallback               0x08002401   Thumb Code     2  stm32f1xx_hal_tim.o(i.HAL_TIM_IC_CaptureCallback)
    HAL_TIM_IRQHandler                       0x08002403   Thumb Code   304  stm32f1xx_hal_tim.o(i.HAL_TIM_IRQHandler)
    HAL_TIM_MspPostInit                      0x08002535   Thumb Code    94  tim.o(i.HAL_TIM_MspPostInit)
    HAL_TIM_OC_DelayElapsedCallback          0x080025a5   Thumb Code     2  stm32f1xx_hal_tim.o(i.HAL_TIM_OC_DelayElapsedCallback)
    HAL_TIM_PWM_ConfigChannel                0x080025a7   Thumb Code   204  stm32f1xx_hal_tim.o(i.HAL_TIM_PWM_ConfigChannel)
    HAL_TIM_PWM_Init                         0x08002673   Thumb Code    90  stm32f1xx_hal_tim.o(i.HAL_TIM_PWM_Init)
    HAL_TIM_PWM_MspInit                      0x080026cd   Thumb Code     2  stm32f1xx_hal_tim.o(i.HAL_TIM_PWM_MspInit)
    HAL_TIM_PWM_PulseFinishedCallback        0x080026cf   Thumb Code     2  stm32f1xx_hal_tim.o(i.HAL_TIM_PWM_PulseFinishedCallback)
    HAL_TIM_PeriodElapsedCallback            0x080026d1   Thumb Code    14  main.o(i.HAL_TIM_PeriodElapsedCallback)
    HAL_TIM_TriggerCallback                  0x080026e5   Thumb Code     2  stm32f1xx_hal_tim.o(i.HAL_TIM_TriggerCallback)
    HAL_UART_Init                            0x080026e7   Thumb Code   100  stm32f1xx_hal_uart.o(i.HAL_UART_Init)
    HAL_UART_MspInit                         0x0800274d   Thumb Code   100  usart.o(i.HAL_UART_MspInit)
    HAL_UART_Transmit                        0x080027bd   Thumb Code   160  stm32f1xx_hal_uart.o(i.HAL_UART_Transmit)
    HardFault_Handler                        0x0800285d   Thumb Code     2  stm32f1xx_it.o(i.HardFault_Handler)
    MPU_getdata                              0x080029d5   Thumb Code   476  mpu6050.o(i.MPU_getdata)
    MPU_init                                 0x08002bb9   Thumb Code   204  mpu6050.o(i.MPU_init)
    MX_FREERTOS_Init                         0x08002f55   Thumb Code    46  freertos.o(i.MX_FREERTOS_Init)
    MX_GPIO_Init                             0x08002f99   Thumb Code   142  gpio.o(i.MX_GPIO_Init)
    MX_TIM3_Init                             0x08003035   Thumb Code   192  tim.o(i.MX_TIM3_Init)
    MX_TIM4_Init                             0x080030fd   Thumb Code    98  tim.o(i.MX_TIM4_Init)
    MX_TIM8_Init                             0x08003169   Thumb Code   100  tim.o(i.MX_TIM8_Init)
    MX_USART1_UART_Init                      0x080031d5   Thumb Code    48  usart.o(i.MX_USART1_UART_Init)
    MemManage_Handler                        0x0800320d   Thumb Code     2  stm32f1xx_it.o(i.MemManage_Handler)
    NMI_Handler                              0x0800320f   Thumb Code     2  stm32f1xx_it.o(i.NMI_Handler)
    StartDataTask                            0x08003211   Thumb Code   152  freertos.o(i.StartDataTask)
    StartDefaultTask                         0x08003301   Thumb Code     8  freertos.o(i.StartDefaultTask)
    StartmotorTask                           0x08003309   Thumb Code     8  freertos.o(i.StartmotorTask)
    SysTick_Handler                          0x08003311   Thumb Code    26  cmsis_os2.o(i.SysTick_Handler)
    SystemClock_Config                       0x0800332b   Thumb Code    94  main.o(i.SystemClock_Config)
    SystemInit                               0x08003389   Thumb Code     2  system_stm32f1xx.o(i.SystemInit)
    TIM7_IRQHandler                          0x0800338d   Thumb Code     6  stm32f1xx_it.o(i.TIM7_IRQHandler)
    TIM_Base_SetConfig                       0x08003399   Thumb Code   134  stm32f1xx_hal_tim.o(i.TIM_Base_SetConfig)
    TIM_ETR_SetConfig                        0x08003435   Thumb Code    20  stm32f1xx_hal_tim.o(i.TIM_ETR_SetConfig)
    TIM_OC2_SetConfig                        0x080034b9   Thumb Code    98  stm32f1xx_hal_tim.o(i.TIM_OC2_SetConfig)
    UsageFault_Handler                       0x0800379b   Thumb Code     2  stm32f1xx_it.o(i.UsageFault_Handler)
    __ARM_fpclassify                         0x0800379d   Thumb Code    40  fpclassify.o(i.__ARM_fpclassify)
    __kernel_poly                            0x080037e5   Thumb Code   170  poly.o(i.__kernel_poly)
    __mathlib_dbl_infnan                     0x0800388f   Thumb Code     6  dunder.o(i.__mathlib_dbl_infnan)
    __mathlib_dbl_infnan2                    0x08003895   Thumb Code     4  dunder.o(i.__mathlib_dbl_infnan2)
    __mathlib_dbl_invalid                    0x08003899   Thumb Code    12  dunder.o(i.__mathlib_dbl_invalid)
    __mathlib_dbl_underflow                  0x080038a5   Thumb Code    10  dunder.o(i.__mathlib_dbl_underflow)
    _is_digit                                0x080038b5   Thumb Code    14  __printf_wp.o(i._is_digit)
    _sys_exit                                0x080038c3   Thumb Code     2  usart.o(i._sys_exit)
    asin                                     0x08003945   Thumb Code   572  asin.o(i.asin)
    atan                                     0x08003bb5   Thumb Code   474  atan.o(i.atan)
    atan2                                    0x08003dd5   Thumb Code   374  atan2.o(i.atan2)
    dmp_enable_6x_lp_quat                    0x08003f71   Thumb Code    58  inv_mpu_dmp_motion_driver.o(i.dmp_enable_6x_lp_quat)
    dmp_enable_feature                       0x08003fad   Thumb Code   464  inv_mpu_dmp_motion_driver.o(i.dmp_enable_feature)
    dmp_enable_gyro_cal                      0x08004185   Thumb Code    34  inv_mpu_dmp_motion_driver.o(i.dmp_enable_gyro_cal)
    dmp_enable_lp_quat                       0x080041c1   Thumb Code    58  inv_mpu_dmp_motion_driver.o(i.dmp_enable_lp_quat)
    dmp_load_motion_driver_firmware          0x080041fd   Thumb Code    16  inv_mpu_dmp_motion_driver.o(i.dmp_load_motion_driver_firmware)
    dmp_read_fifo                            0x08004211   Thumb Code   346  inv_mpu_dmp_motion_driver.o(i.dmp_read_fifo)
    dmp_set_accel_bias                       0x08004371   Thumb Code   210  inv_mpu_dmp_motion_driver.o(i.dmp_set_accel_bias)
    dmp_set_fifo_rate                        0x08004449   Thumb Code    82  inv_mpu_dmp_motion_driver.o(i.dmp_set_fifo_rate)
    dmp_set_gyro_bias                        0x080044ad   Thumb Code   196  inv_mpu_dmp_motion_driver.o(i.dmp_set_gyro_bias)
    dmp_set_orientation                      0x08004579   Thumb Code   246  inv_mpu_dmp_motion_driver.o(i.dmp_set_orientation)
    dmp_set_shake_reject_thresh              0x08004685   Thumb Code    48  inv_mpu_dmp_motion_driver.o(i.dmp_set_shake_reject_thresh)
    dmp_set_shake_reject_time                0x080046b5   Thumb Code    32  inv_mpu_dmp_motion_driver.o(i.dmp_set_shake_reject_time)
    dmp_set_shake_reject_timeout             0x080046d5   Thumb Code    32  inv_mpu_dmp_motion_driver.o(i.dmp_set_shake_reject_timeout)
    dmp_set_tap_axes                         0x080046f5   Thumb Code    64  inv_mpu_dmp_motion_driver.o(i.dmp_set_tap_axes)
    dmp_set_tap_count                        0x08004735   Thumb Code    34  inv_mpu_dmp_motion_driver.o(i.dmp_set_tap_count)
    dmp_set_tap_thresh                       0x08004759   Thumb Code   274  inv_mpu_dmp_motion_driver.o(i.dmp_set_tap_thresh)
    dmp_set_tap_time                         0x08004881   Thumb Code    32  inv_mpu_dmp_motion_driver.o(i.dmp_set_tap_time)
    dmp_set_tap_time_multi                   0x080048a1   Thumb Code    32  inv_mpu_dmp_motion_driver.o(i.dmp_set_tap_time_multi)
    fputc                                    0x080048c1   Thumb Code    20  usart.o(i.fputc)
    i2cRead                                  0x08004d6d   Thumb Code   262  stm32_i2c.o(i.i2cRead)
    i2cWriteBuffer                           0x08004e79   Thumb Code    84  stm32_i2c.o(i.i2cWriteBuffer)
    i2cread                                  0x08004ecd   Thumb Code    18  stm32_i2c.o(i.i2cread)
    i2cwrite                                 0x08004edf   Thumb Code    18  stm32_i2c.o(i.i2cwrite)
    main                                     0x08004f39   Thumb Code    42  main.o(i.main)
    mpu_configure_fifo                       0x08004f65   Thumb Code    78  inv_mpu.o(i.mpu_configure_fifo)
    mpu_get_accel_fsr                        0x08004fb9   Thumb Code    54  inv_mpu.o(i.mpu_get_accel_fsr)
    mpu_get_accel_sens                       0x08004ff5   Thumb Code    62  inv_mpu.o(i.mpu_get_accel_sens)
    mpu_get_gyro_fsr                         0x08005039   Thumb Code    48  inv_mpu.o(i.mpu_get_gyro_fsr)
    mpu_get_gyro_sens                        0x0800506d   Thumb Code    44  inv_mpu.o(i.mpu_get_gyro_sens)
    mpu_get_lpf                              0x080050ad   Thumb Code    52  inv_mpu.o(i.mpu_get_lpf)
    mpu_get_sample_rate                      0x080050e5   Thumb Code    22  inv_mpu.o(i.mpu_get_sample_rate)
    mpu_init                                 0x08005101   Thumb Code   342  inv_mpu.o(i.mpu_init)
    mpu_load_firmware                        0x080052f1   Thumb Code   154  inv_mpu.o(i.mpu_load_firmware)
    mpu_lp_accel_mode                        0x08005391   Thumb Code   178  inv_mpu.o(i.mpu_lp_accel_mode)
    mpu_read_fifo_stream                     0x08005449   Thumb Code   140  inv_mpu.o(i.mpu_read_fifo_stream)
    mpu_read_mem                             0x080054d9   Thumb Code    80  inv_mpu.o(i.mpu_read_mem)
    mpu_reset_fifo                           0x0800552d   Thumb Code   346  inv_mpu.o(i.mpu_reset_fifo)
    mpu_run_self_test                        0x0800568d   Thumb Code   236  inv_mpu.o(i.mpu_run_self_test)
    mpu_set_accel_fsr                        0x0800577d   Thumb Code    98  inv_mpu.o(i.mpu_set_accel_fsr)
    mpu_set_bypass                           0x080057e5   Thumb Code   214  inv_mpu.o(i.mpu_set_bypass)
    mpu_set_dmp_state                        0x080058c1   Thumb Code   114  inv_mpu.o(i.mpu_set_dmp_state)
    mpu_set_gyro_fsr                         0x08005939   Thumb Code   104  inv_mpu.o(i.mpu_set_gyro_fsr)
    mpu_set_int_latched                      0x080059a5   Thumb Code    94  inv_mpu.o(i.mpu_set_int_latched)
    mpu_set_lpf                              0x08005a09   Thumb Code   102  inv_mpu.o(i.mpu_set_lpf)
    mpu_set_sample_rate                      0x08005a75   Thumb Code   124  inv_mpu.o(i.mpu_set_sample_rate)
    mpu_set_sensors                          0x08005af5   Thumb Code   178  inv_mpu.o(i.mpu_set_sensors)
    mpu_write_mem                            0x08005bad   Thumb Code    80  inv_mpu.o(i.mpu_write_mem)
    osDelay                                  0x08005c01   Thumb Code    26  cmsis_os2.o(i.osDelay)
    osKernelInitialize                       0x08005c1d   Thumb Code    32  cmsis_os2.o(i.osKernelInitialize)
    osKernelStart                            0x08005c41   Thumb Code    48  cmsis_os2.o(i.osKernelStart)
    osThreadNew                              0x08005c79   Thumb Code   138  cmsis_os2.o(i.osThreadNew)
    pvPortMalloc                             0x08006499   Thumb Code   216  heap_4.o(i.pvPortMalloc)
    pxPortInitialiseStack                    0x08006575   Thumb Code    32  port.o(i.pxPortInitialiseStack)
    sqrt                                     0x080066c1   Thumb Code    76  sqrt.o(i.sqrt)
    uxListRemove                             0x0800670d   Thumb Code    38  list.o(i.uxListRemove)
    vApplicationGetIdleTaskMemory            0x08006735   Thumb Code    16  cmsis_os2.o(i.vApplicationGetIdleTaskMemory)
    vApplicationGetTimerTaskMemory           0x08006749   Thumb Code    18  cmsis_os2.o(i.vApplicationGetTimerTaskMemory)
    vListInitialise                          0x08006761   Thumb Code    22  list.o(i.vListInitialise)
    vListInitialiseItem                      0x08006777   Thumb Code     6  list.o(i.vListInitialiseItem)
    vListInsert                              0x0800677d   Thumb Code    48  list.o(i.vListInsert)
    vListInsertEnd                           0x080067ad   Thumb Code    24  list.o(i.vListInsertEnd)
    vPortEnterCritical                       0x080067c5   Thumb Code    54  port.o(i.vPortEnterCritical)
    vPortExitCritical                        0x08006805   Thumb Code    34  port.o(i.vPortExitCritical)
    vPortFree                                0x0800682d   Thumb Code    94  heap_4.o(i.vPortFree)
    vPortSetupTimerInterrupt                 0x08006891   Thumb Code    32  port.o(i.vPortSetupTimerInterrupt)
    vPortValidateInterruptPriority           0x080068b5   Thumb Code    74  port.o(i.vPortValidateInterruptPriority)
    vQueueAddToRegistry                      0x08006909   Thumb Code    34  queue.o(i.vQueueAddToRegistry)
    vQueueWaitForMessageRestricted           0x08006931   Thumb Code    68  queue.o(i.vQueueWaitForMessageRestricted)
    vTaskDelay                               0x08006975   Thumb Code    66  tasks.o(i.vTaskDelay)
    vTaskInternalSetTimeOutState             0x080069c1   Thumb Code    12  tasks.o(i.vTaskInternalSetTimeOutState)
    vTaskMissedYield                         0x080069d1   Thumb Code     8  tasks.o(i.vTaskMissedYield)
    vTaskPlaceOnEventList                    0x080069dd   Thumb Code    44  tasks.o(i.vTaskPlaceOnEventList)
    vTaskPlaceOnEventListRestricted          0x08006a0d   Thumb Code    52  tasks.o(i.vTaskPlaceOnEventListRestricted)
    vTaskStartScheduler                      0x08006a45   Thumb Code   118  tasks.o(i.vTaskStartScheduler)
    vTaskSuspendAll                          0x08006acd   Thumb Code    10  tasks.o(i.vTaskSuspendAll)
    vTaskSwitchContext                       0x08006add   Thumb Code    90  tasks.o(i.vTaskSwitchContext)
    xPortStartScheduler                      0x08006b41   Thumb Code   154  port.o(i.xPortStartScheduler)
    xPortSysTickHandler                      0x08006be9   Thumb Code    38  port.o(i.xPortSysTickHandler)
    xQueueGenericCreateStatic                0x08006c15   Thumb Code   102  queue.o(i.xQueueGenericCreateStatic)
    xQueueGenericReset                       0x08006c7d   Thumb Code   132  queue.o(i.xQueueGenericReset)
    xQueueGenericSend                        0x08006d05   Thumb Code   346  queue.o(i.xQueueGenericSend)
    xQueueGenericSendFromISR                 0x08006e65   Thumb Code   190  queue.o(i.xQueueGenericSendFromISR)
    xQueueReceive                            0x08006f25   Thumb Code   308  queue.o(i.xQueueReceive)
    xTaskCheckForTimeOut                     0x0800705d   Thumb Code   112  tasks.o(i.xTaskCheckForTimeOut)
    xTaskCreate                              0x080070d1   Thumb Code    90  tasks.o(i.xTaskCreate)
    xTaskCreateStatic                        0x0800712b   Thumb Code    86  tasks.o(i.xTaskCreateStatic)
    xTaskGetSchedulerState                   0x08007181   Thumb Code    22  tasks.o(i.xTaskGetSchedulerState)
    xTaskGetTickCount                        0x0800719d   Thumb Code     6  tasks.o(i.xTaskGetTickCount)
    xTaskIncrementTick                       0x080071a9   Thumb Code   192  tasks.o(i.xTaskIncrementTick)
    xTaskPriorityDisinherit                  0x08007271   Thumb Code   118  tasks.o(i.xTaskPriorityDisinherit)
    xTaskRemoveFromEventList                 0x080072f1   Thumb Code    98  tasks.o(i.xTaskRemoveFromEventList)
    xTaskResumeAll                           0x08007361   Thumb Code   182  tasks.o(i.xTaskResumeAll)
    xTimerCreateTimerTask                    0x08007425   Thumb Code    78  timers.o(i.xTimerCreateTimerTask)
    xTimerGenericCommand                     0x08007485   Thumb Code    98  timers.o(i.xTimerGenericCommand)
    _get_lc_numeric                          0x080074ed   Thumb Code    44  lc_numeric_c.o(locale$$code)
    __aeabi_d2f                              0x08007519   Thumb Code     0  d2f.o(x$fpl$d2f)
    _d2f                                     0x08007519   Thumb Code    98  d2f.o(x$fpl$d2f)
    __aeabi_dadd                             0x0800757d   Thumb Code     0  daddsub_clz.o(x$fpl$dadd)
    _dadd                                    0x0800757d   Thumb Code   332  daddsub_clz.o(x$fpl$dadd)
    __fpl_dcheck_NaN1                        0x080076cd   Thumb Code    10  dcheck1.o(x$fpl$dcheck1)
    __fpl_dcmp_Inf                           0x080076dd   Thumb Code    24  dcmpi.o(x$fpl$dcmpinf)
    __aeabi_ddiv                             0x080076f5   Thumb Code     0  ddiv.o(x$fpl$ddiv)
    _ddiv                                    0x080076f5   Thumb Code   552  ddiv.o(x$fpl$ddiv)
    __aeabi_cdcmpeq                          0x080079a5   Thumb Code     0  deqf.o(x$fpl$deqf)
    _dcmpeq                                  0x080079a5   Thumb Code   120  deqf.o(x$fpl$deqf)
    __aeabi_dmul                             0x08007a1d   Thumb Code     0  dmul.o(x$fpl$dmul)
    _dmul                                    0x08007a1d   Thumb Code   332  dmul.o(x$fpl$dmul)
    __fpl_dnaninf                            0x08007b71   Thumb Code   156  dnaninf.o(x$fpl$dnaninf)
    __fpl_dretinf                            0x08007c0d   Thumb Code    12  dretinf.o(x$fpl$dretinf)
    __aeabi_drsub                            0x08007c19   Thumb Code     0  daddsub_clz.o(x$fpl$drsb)
    _drsb                                    0x08007c19   Thumb Code    22  daddsub_clz.o(x$fpl$drsb)
    _dsqrt                                   0x08007c31   Thumb Code   456  dsqrt_noumaal.o(x$fpl$dsqrt)
    __aeabi_dsub                             0x08007dfd   Thumb Code     0  daddsub_clz.o(x$fpl$dsub)
    _dsub                                    0x08007dfd   Thumb Code   464  daddsub_clz.o(x$fpl$dsub)
    __aeabi_f2d                              0x08007fd1   Thumb Code     0  f2d.o(x$fpl$f2d)
    _f2d                                     0x08007fd1   Thumb Code    86  f2d.o(x$fpl$f2d)
    __aeabi_fadd                             0x08008029   Thumb Code     0  faddsub_clz.o(x$fpl$fadd)
    _fadd                                    0x08008029   Thumb Code   196  faddsub_clz.o(x$fpl$fadd)
    __fpl_fcheck_NaN1                        0x080080ed   Thumb Code     6  fcheck1.o(x$fpl$fcheck1)
    __aeabi_fdiv                             0x080080f9   Thumb Code     0  fdiv.o(x$fpl$fdiv)
    _fdiv                                    0x080080f9   Thumb Code   384  fdiv.o(x$fpl$fdiv)
    __aeabi_f2iz                             0x0800827d   Thumb Code     0  ffix.o(x$fpl$ffix)
    _ffix                                    0x0800827d   Thumb Code    54  ffix.o(x$fpl$ffix)
    __aeabi_f2uiz                            0x080082b5   Thumb Code     0  ffixu.o(x$fpl$ffixu)
    _ffixu                                   0x080082b5   Thumb Code    62  ffixu.o(x$fpl$ffixu)
    __aeabi_i2f                              0x080082f5   Thumb Code     0  fflt_clz.o(x$fpl$fflt)
    _fflt                                    0x080082f5   Thumb Code    48  fflt_clz.o(x$fpl$fflt)
    __aeabi_ui2f                             0x08008325   Thumb Code     0  fflt_clz.o(x$fpl$ffltu)
    _ffltu                                   0x08008325   Thumb Code    38  fflt_clz.o(x$fpl$ffltu)
    __aeabi_fmul                             0x0800834d   Thumb Code     0  fmul.o(x$fpl$fmul)
    _fmul                                    0x0800834d   Thumb Code   258  fmul.o(x$fpl$fmul)
    __fpl_fnaninf                            0x0800844f   Thumb Code   140  fnaninf.o(x$fpl$fnaninf)
    __fpl_fretinf                            0x080084db   Thumb Code    10  fretinf.o(x$fpl$fretinf)
    __aeabi_fsub                             0x080084e5   Thumb Code     0  faddsub_clz.o(x$fpl$fsub)
    _fsub                                    0x080084e5   Thumb Code   234  faddsub_clz.o(x$fpl$fsub)
    _printf_fp_dec                           0x080085cf   Thumb Code     4  printf1.o(x$fpl$printf1)
    __fpl_return_NaN                         0x080085d3   Thumb Code   100  retnan.o(x$fpl$retnan)
    __ARM_scalbn                             0x08008637   Thumb Code    92  scalbn.o(x$fpl$scalbn)
    __ARM_scalbnf                            0x08008693   Thumb Code    76  scalbnf.o(x$fpl$scalbnf)
    __fpl_cmpreturn                          0x080086df   Thumb Code    48  trapv.o(x$fpl$trapveneer)
    __I$use$fp                               0x0800870e   Number         0  usenofp.o(x$fpl$usenofp)
    defaultTask_attributes                   0x08008710   Data          36  freertos.o(.constdata)
    motorTask_attributes                     0x08008734   Data          36  freertos.o(.constdata)
    DataTask_attributes                      0x08008758   Data          36  freertos.o(.constdata)
    AHBPrescTable                            0x0800878e   Data          16  system_stm32f1xx.o(.constdata)
    APBPrescTable                            0x0800879e   Data           8  system_stm32f1xx.o(.constdata)
    hw                                       0x080087a6   Data          12  inv_mpu.o(.constdata)
    reg                                      0x080087b2   Data          27  inv_mpu.o(.constdata)
    test                                     0x080087d0   Data          40  inv_mpu.o(.constdata)
    __mathlib_zero                           0x080094d8   Data           8  qnan.o(.constdata)
    Region$$Table$$Base                      0x080095e8   Number         0  anon$$obj.o(Region$$Table)
    Region$$Table$$Limit                     0x08009608   Number         0  anon$$obj.o(Region$$Table)
    defaultTaskHandle                        0x20000000   Data           4  freertos.o(.data)
    motorTaskHandle                          0x20000004   Data           4  freertos.o(.data)
    DataTaskHandle                           0x20000008   Data           4  freertos.o(.data)
    __stdout                                 0x2000000c   Data           4  usart.o(.data)
    uwTickFreq                               0x20000010   Data           1  stm32f1xx_hal.o(.data)
    uwTickPrio                               0x20000014   Data           4  stm32f1xx_hal.o(.data)
    uwTick                                   0x20000018   Data           4  stm32f1xx_hal.o(.data)
    SystemCoreClock                          0x2000001c   Data           4  system_stm32f1xx.o(.data)
    pxCurrentTCB                             0x20000020   Data           4  tasks.o(.data)
    ax                                       0x200000cc   Data           2  mpu6050.o(.data)
    ay                                       0x200000ce   Data           2  mpu6050.o(.data)
    az                                       0x200000d0   Data           2  mpu6050.o(.data)
    gx                                       0x200000d2   Data           2  mpu6050.o(.data)
    gy                                       0x200000d4   Data           2  mpu6050.o(.data)
    gz                                       0x200000d6   Data           2  mpu6050.o(.data)
    q0                                       0x200000d8   Data           4  mpu6050.o(.data)
    q1                                       0x200000dc   Data           4  mpu6050.o(.data)
    q2                                       0x200000e0   Data           4  mpu6050.o(.data)
    q3                                       0x200000e4   Data           4  mpu6050.o(.data)
    fAX                                      0x200000e8   Data           4  mpu6050.o(.data)
    fAY                                      0x200000ec   Data           4  mpu6050.o(.data)
    fAZ                                      0x200000f0   Data           4  mpu6050.o(.data)
    htim3                                    0x20000100   Data          72  tim.o(.bss)
    htim4                                    0x20000148   Data          72  tim.o(.bss)
    htim8                                    0x20000190   Data          72  tim.o(.bss)
    huart1                                   0x200001d8   Data          72  usart.o(.bss)
    htim7                                    0x20000220   Data          72  stm32f1xx_hal_timebase_tim.o(.bss)
    xQueueRegistry                           0x20000268   Data          64  queue.o(.bss)
    __libspace_start                         0x20001b4c   Data          96  libspace.o(.bss)
    __temporary_stack_top$libspace           0x20001bac   Data           0  libspace.o(.bss)



==============================================================================

Memory Map of the image

  Image Entry point : 0x08000131

  Load Region LR_IROM1 (Base: 0x08000000, Size: 0x00009724, Max: 0x00040000, ABSOLUTE)

    Execution Region ER_IROM1 (Exec base: 0x08000000, Load base: 0x08000000, Size: 0x00009624, Max: 0x00040000, ABSOLUTE)

    Exec Addr    Load Addr    Size         Type   Attr      Idx    E Section Name        Object

    0x08000000   0x08000000   0x00000130   Data   RO            3    RESET               startup_stm32f103xe.o
    0x08000130   0x08000130   0x00000008   Code   RO         5414  * !!!main             c_w.l(__main.o)
    0x08000138   0x08000138   0x00000034   Code   RO         5784    !!!scatter          c_w.l(__scatter.o)
    0x0800016c   0x0800016c   0x0000001a   Code   RO         5786    !!handler_copy      c_w.l(__scatter_copy.o)
    0x08000186   0x08000186   0x00000002   PAD
    0x08000188   0x08000188   0x0000001c   Code   RO         5788    !!handler_zi        c_w.l(__scatter_zi.o)
    0x080001a4   0x080001a4   0x00000000   Code   RO         5401    .ARM.Collect$$_printf_percent$$00000000  c_w.l(_printf_percent.o)
    0x080001a4   0x080001a4   0x00000006   Code   RO         5400    .ARM.Collect$$_printf_percent$$00000003  c_w.l(_printf_f.o)
    0x080001aa   0x080001aa   0x00000006   Code   RO         5399    .ARM.Collect$$_printf_percent$$00000009  c_w.l(_printf_d.o)
    0x080001b0   0x080001b0   0x00000004   Code   RO         5499    .ARM.Collect$$_printf_percent$$00000017  c_w.l(_printf_percent_end.o)
    0x080001b4   0x080001b4   0x00000002   Code   RO         5653    .ARM.Collect$$libinit$$00000000  c_w.l(libinit.o)
    0x080001b6   0x080001b6   0x00000000   Code   RO         5655    .ARM.Collect$$libinit$$00000002  c_w.l(libinit2.o)
    0x080001b6   0x080001b6   0x00000000   Code   RO         5657    .ARM.Collect$$libinit$$00000004  c_w.l(libinit2.o)
    0x080001b6   0x080001b6   0x00000000   Code   RO         5660    .ARM.Collect$$libinit$$0000000A  c_w.l(libinit2.o)
    0x080001b6   0x080001b6   0x00000000   Code   RO         5662    .ARM.Collect$$libinit$$0000000C  c_w.l(libinit2.o)
    0x080001b6   0x080001b6   0x00000000   Code   RO         5664    .ARM.Collect$$libinit$$0000000E  c_w.l(libinit2.o)
    0x080001b6   0x080001b6   0x00000006   Code   RO         5665    .ARM.Collect$$libinit$$0000000F  c_w.l(libinit2.o)
    0x080001bc   0x080001bc   0x00000000   Code   RO         5667    .ARM.Collect$$libinit$$00000011  c_w.l(libinit2.o)
    0x080001bc   0x080001bc   0x00000000   Code   RO         5669    .ARM.Collect$$libinit$$00000013  c_w.l(libinit2.o)
    0x080001bc   0x080001bc   0x00000000   Code   RO         5671    .ARM.Collect$$libinit$$00000015  c_w.l(libinit2.o)
    0x080001bc   0x080001bc   0x0000000a   Code   RO         5672    .ARM.Collect$$libinit$$00000016  c_w.l(libinit2.o)
    0x080001c6   0x080001c6   0x00000000   Code   RO         5673    .ARM.Collect$$libinit$$00000017  c_w.l(libinit2.o)
    0x080001c6   0x080001c6   0x00000000   Code   RO         5675    .ARM.Collect$$libinit$$00000019  c_w.l(libinit2.o)
    0x080001c6   0x080001c6   0x00000000   Code   RO         5677    .ARM.Collect$$libinit$$0000001B  c_w.l(libinit2.o)
    0x080001c6   0x080001c6   0x00000000   Code   RO         5679    .ARM.Collect$$libinit$$0000001D  c_w.l(libinit2.o)
    0x080001c6   0x080001c6   0x00000000   Code   RO         5681    .ARM.Collect$$libinit$$0000001F  c_w.l(libinit2.o)
    0x080001c6   0x080001c6   0x00000000   Code   RO         5683    .ARM.Collect$$libinit$$00000021  c_w.l(libinit2.o)
    0x080001c6   0x080001c6   0x00000000   Code   RO         5685    .ARM.Collect$$libinit$$00000023  c_w.l(libinit2.o)
    0x080001c6   0x080001c6   0x00000000   Code   RO         5687    .ARM.Collect$$libinit$$00000025  c_w.l(libinit2.o)
    0x080001c6   0x080001c6   0x00000000   Code   RO         5691    .ARM.Collect$$libinit$$0000002C  c_w.l(libinit2.o)
    0x080001c6   0x080001c6   0x00000000   Code   RO         5693    .ARM.Collect$$libinit$$0000002E  c_w.l(libinit2.o)
    0x080001c6   0x080001c6   0x00000000   Code   RO         5695    .ARM.Collect$$libinit$$00000030  c_w.l(libinit2.o)
    0x080001c6   0x080001c6   0x00000000   Code   RO         5697    .ARM.Collect$$libinit$$00000032  c_w.l(libinit2.o)
    0x080001c6   0x080001c6   0x00000002   Code   RO         5698    .ARM.Collect$$libinit$$00000033  c_w.l(libinit2.o)
    0x080001c8   0x080001c8   0x00000002   Code   RO         5742    .ARM.Collect$$libshutdown$$00000000  c_w.l(libshutdown.o)
    0x080001ca   0x080001ca   0x00000000   Code   RO         5751    .ARM.Collect$$libshutdown$$00000002  c_w.l(libshutdown2.o)
    0x080001ca   0x080001ca   0x00000000   Code   RO         5753    .ARM.Collect$$libshutdown$$00000004  c_w.l(libshutdown2.o)
    0x080001ca   0x080001ca   0x00000000   Code   RO         5755    .ARM.Collect$$libshutdown$$00000006  c_w.l(libshutdown2.o)
    0x080001ca   0x080001ca   0x00000000   Code   RO         5758    .ARM.Collect$$libshutdown$$00000009  c_w.l(libshutdown2.o)
    0x080001ca   0x080001ca   0x00000000   Code   RO         5761    .ARM.Collect$$libshutdown$$0000000C  c_w.l(libshutdown2.o)
    0x080001ca   0x080001ca   0x00000000   Code   RO         5763    .ARM.Collect$$libshutdown$$0000000E  c_w.l(libshutdown2.o)
    0x080001ca   0x080001ca   0x00000000   Code   RO         5766    .ARM.Collect$$libshutdown$$00000011  c_w.l(libshutdown2.o)
    0x080001ca   0x080001ca   0x00000002   Code   RO         5767    .ARM.Collect$$libshutdown$$00000012  c_w.l(libshutdown2.o)
    0x080001cc   0x080001cc   0x00000000   Code   RO         5488    .ARM.Collect$$rtentry$$00000000  c_w.l(__rtentry.o)
    0x080001cc   0x080001cc   0x00000000   Code   RO         5557    .ARM.Collect$$rtentry$$00000002  c_w.l(__rtentry2.o)
    0x080001cc   0x080001cc   0x00000006   Code   RO         5569    .ARM.Collect$$rtentry$$00000004  c_w.l(__rtentry4.o)
    0x080001d2   0x080001d2   0x00000000   Code   RO         5559    .ARM.Collect$$rtentry$$00000009  c_w.l(__rtentry2.o)
    0x080001d2   0x080001d2   0x00000004   Code   RO         5560    .ARM.Collect$$rtentry$$0000000A  c_w.l(__rtentry2.o)
    0x080001d6   0x080001d6   0x00000000   Code   RO         5562    .ARM.Collect$$rtentry$$0000000C  c_w.l(__rtentry2.o)
    0x080001d6   0x080001d6   0x00000008   Code   RO         5563    .ARM.Collect$$rtentry$$0000000D  c_w.l(__rtentry2.o)
    0x080001de   0x080001de   0x00000002   Code   RO         5701    .ARM.Collect$$rtexit$$00000000  c_w.l(rtexit.o)
    0x080001e0   0x080001e0   0x00000000   Code   RO         5712    .ARM.Collect$$rtexit$$00000002  c_w.l(rtexit2.o)
    0x080001e0   0x080001e0   0x00000004   Code   RO         5713    .ARM.Collect$$rtexit$$00000003  c_w.l(rtexit2.o)
    0x080001e4   0x080001e4   0x00000006   Code   RO         5714    .ARM.Collect$$rtexit$$00000004  c_w.l(rtexit2.o)
    0x080001ea   0x080001ea   0x00000002   PAD
    0x080001ec   0x080001ec   0x00000096   Code   RO         4606    .emb_text           port.o
    0x08000282   0x08000282   0x00000002   PAD
    0x08000284   0x08000284   0x00000040   Code   RO            4    .text               startup_stm32f103xe.o
    0x080002c4   0x080002c4   0x00000002   Code   RO         5363    .text               c_w.l(use_no_semi_2.o)
    0x080002c6   0x080002c6   0x00000048   Code   RO         5367    .text               c_w.l(llsdiv.o)
    0x0800030e   0x0800030e   0x00000002   PAD
    0x08000310   0x08000310   0x00000018   Code   RO         5371    .text               c_w.l(noretval__2printf.o)
    0x08000328   0x08000328   0x0000004e   Code   RO         5375    .text               c_w.l(_printf_pad.o)
    0x08000376   0x08000376   0x00000002   PAD
    0x08000378   0x08000378   0x00000078   Code   RO         5377    .text               c_w.l(_printf_dec.o)
    0x080003f0   0x080003f0   0x0000010e   Code   RO         5387    .text               c_w.l(__printf_wp.o)
    0x080004fe   0x080004fe   0x00000058   Code   RO         5402    .text               c_w.l(memcmp.o)
    0x08000556   0x08000556   0x0000008a   Code   RO         5404    .text               c_w.l(rt_memcpy_v6.o)
    0x080005e0   0x080005e0   0x00000010   Code   RO         5408    .text               c_w.l(aeabi_memset.o)
    0x080005f0   0x080005f0   0x0000004e   Code   RO         5410    .text               c_w.l(rt_memclr_w.o)
    0x0800063e   0x0800063e   0x00000006   Code   RO         5412    .text               c_w.l(heapauxi.o)
    0x08000644   0x08000644   0x00000002   Code   RO         5486    .text               c_w.l(use_no_semi.o)
    0x08000646   0x08000646   0x000000ee   Code   RO         5489    .text               c_w.l(lludivv7m.o)
    0x08000734   0x08000734   0x00000016   Code   RO         5491    .text               c_w.l(_rserrno.o)
    0x0800074a   0x0800074a   0x000000b2   Code   RO         5493    .text               c_w.l(_printf_intcommon.o)
    0x080007fc   0x080007fc   0x0000041e   Code   RO         5495    .text               c_w.l(_printf_fp_dec.o)
    0x08000c1a   0x08000c1a   0x00000002   PAD
    0x08000c1c   0x08000c1c   0x00000024   Code   RO         5497    .text               c_w.l(_printf_char_file.o)
    0x08000c40   0x08000c40   0x00000064   Code   RO         5500    .text               c_w.l(rt_memcpy_w.o)
    0x08000ca4   0x08000ca4   0x00000044   Code   RO         5502    .text               c_w.l(rt_memclr.o)
    0x08000ce8   0x08000ce8   0x00000008   Code   RO         5578    .text               c_w.l(rt_locale_intlibspace.o)
    0x08000cf0   0x08000cf0   0x00000008   Code   RO         5583    .text               c_w.l(rt_errno_addr_intlibspace.o)
    0x08000cf8   0x08000cf8   0x0000008a   Code   RO         5585    .text               c_w.l(lludiv10.o)
    0x08000d82   0x08000d82   0x00000002   PAD
    0x08000d84   0x08000d84   0x00000030   Code   RO         5587    .text               c_w.l(_printf_char_common.o)
    0x08000db4   0x08000db4   0x00000080   Code   RO         5589    .text               c_w.l(_printf_fp_infnan.o)
    0x08000e34   0x08000e34   0x000000e4   Code   RO         5591    .text               c_w.l(bigflt0.o)
    0x08000f18   0x08000f18   0x00000008   Code   RO         5616    .text               c_w.l(ferror.o)
    0x08000f20   0x08000f20   0x00000008   Code   RO         5635    .text               c_w.l(libspace.o)
    0x08000f28   0x08000f28   0x0000004a   Code   RO         5638    .text               c_w.l(sys_stackheap_outer.o)
    0x08000f72   0x08000f72   0x00000012   Code   RO         5644    .text               c_w.l(exit.o)
    0x08000f84   0x08000f84   0x00000080   Code   RO         5646    .text               c_w.l(strcmpv7m.o)
    0x08001004   0x08001004   0x0000003e   Code   RO         5594    CL$$btod_d2e        c_w.l(btod.o)
    0x08001042   0x08001042   0x00000046   Code   RO         5596    CL$$btod_d2e_denorm_low  c_w.l(btod.o)
    0x08001088   0x08001088   0x00000060   Code   RO         5595    CL$$btod_d2e_norm_op1  c_w.l(btod.o)
    0x080010e8   0x080010e8   0x00000338   Code   RO         5604    CL$$btod_div_common  c_w.l(btod.o)
    0x08001420   0x08001420   0x000000dc   Code   RO         5601    CL$$btod_e2e        c_w.l(btod.o)
    0x080014fc   0x080014fc   0x0000002a   Code   RO         5598    CL$$btod_ediv       c_w.l(btod.o)
    0x08001526   0x08001526   0x0000002a   Code   RO         5597    CL$$btod_emul       c_w.l(btod.o)
    0x08001550   0x08001550   0x00000244   Code   RO         5603    CL$$btod_mult_common  c_w.l(btod.o)
    0x08001794   0x08001794   0x00000002   Code   RO          414    i.BusFault_Handler  stm32f1xx_it.o
    0x08001796   0x08001796   0x00000002   Code   RO          415    i.DebugMon_Handler  stm32f1xx_it.o
    0x08001798   0x08001798   0x00000004   Code   RO           13    i.Error_Handler     main.o
    0x0800179c   0x0800179c   0x00000024   Code   RO         1557    i.HAL_Delay         stm32f1xx_hal.o
    0x080017c0   0x080017c0   0x000001f8   Code   RO         1867    i.HAL_GPIO_Init     stm32f1xx_hal_gpio.o
    0x080019b8   0x080019b8   0x0000000a   Code   RO         1869    i.HAL_GPIO_ReadPin  stm32f1xx_hal_gpio.o
    0x080019c2   0x080019c2   0x0000000a   Code   RO         1871    i.HAL_GPIO_WritePin  stm32f1xx_hal_gpio.o
    0x080019cc   0x080019cc   0x0000000c   Code   RO         1561    i.HAL_GetTick       stm32f1xx_hal.o
    0x080019d8   0x080019d8   0x00000010   Code   RO         1567    i.HAL_IncTick       stm32f1xx_hal.o
    0x080019e8   0x080019e8   0x00000024   Code   RO         1568    i.HAL_Init          stm32f1xx_hal.o
    0x08001a0c   0x08001a0c   0x00000098   Code   RO          502    i.HAL_InitTick      stm32f1xx_hal_timebase_tim.o
    0x08001aa4   0x08001aa4   0x00000048   Code   RO          478    i.HAL_MspInit       stm32f1xx_hal_msp.o
    0x08001aec   0x08001aec   0x0000001a   Code   RO         2027    i.HAL_NVIC_EnableIRQ  stm32f1xx_hal_cortex.o
    0x08001b06   0x08001b06   0x00000002   PAD
    0x08001b08   0x08001b08   0x00000040   Code   RO         2033    i.HAL_NVIC_SetPriority  stm32f1xx_hal_cortex.o
    0x08001b48   0x08001b48   0x00000024   Code   RO         2034    i.HAL_NVIC_SetPriorityGrouping  stm32f1xx_hal_cortex.o
    0x08001b6c   0x08001b6c   0x0000012c   Code   RO         1725    i.HAL_RCC_ClockConfig  stm32f1xx_hal_rcc.o
    0x08001c98   0x08001c98   0x00000040   Code   RO         1729    i.HAL_RCC_GetClockConfig  stm32f1xx_hal_rcc.o
    0x08001cd8   0x08001cd8   0x00000020   Code   RO         1732    i.HAL_RCC_GetPCLK1Freq  stm32f1xx_hal_rcc.o
    0x08001cf8   0x08001cf8   0x00000020   Code   RO         1733    i.HAL_RCC_GetPCLK2Freq  stm32f1xx_hal_rcc.o
    0x08001d18   0x08001d18   0x0000004c   Code   RO         1734    i.HAL_RCC_GetSysClockFreq  stm32f1xx_hal_rcc.o
    0x08001d64   0x08001d64   0x00000320   Code   RO         1737    i.HAL_RCC_OscConfig  stm32f1xx_hal_rcc.o
    0x08002084   0x08002084   0x00000002   Code   RO         1283    i.HAL_TIMEx_BreakCallback  stm32f1xx_hal_tim_ex.o
    0x08002086   0x08002086   0x00000002   Code   RO         1284    i.HAL_TIMEx_CommutCallback  stm32f1xx_hal_tim_ex.o
    0x08002088   0x08002088   0x0000007c   Code   RO         1302    i.HAL_TIMEx_MasterConfigSynchronization  stm32f1xx_hal_tim_ex.o
    0x08002104   0x08002104   0x0000005a   Code   RO          579    i.HAL_TIM_Base_Init  stm32f1xx_hal_tim.o
    0x0800215e   0x0800215e   0x00000002   PAD
    0x08002160   0x08002160   0x00000028   Code   RO          284    i.HAL_TIM_Base_MspInit  tim.o
    0x08002188   0x08002188   0x0000006c   Code   RO          584    i.HAL_TIM_Base_Start_IT  stm32f1xx_hal_tim.o
    0x080021f4   0x080021f4   0x000000dc   Code   RO          588    i.HAL_TIM_ConfigClockSource  stm32f1xx_hal_tim.o
    0x080022d0   0x080022d0   0x000000a4   Code   RO          600    i.HAL_TIM_Encoder_Init  stm32f1xx_hal_tim.o
    0x08002374   0x08002374   0x0000008c   Code   RO          286    i.HAL_TIM_Encoder_MspInit  tim.o
    0x08002400   0x08002400   0x00000002   Code   RO          613    i.HAL_TIM_IC_CaptureCallback  stm32f1xx_hal_tim.o
    0x08002402   0x08002402   0x00000130   Code   RO          627    i.HAL_TIM_IRQHandler  stm32f1xx_hal_tim.o
    0x08002532   0x08002532   0x00000002   PAD
    0x08002534   0x08002534   0x00000070   Code   RO          287    i.HAL_TIM_MspPostInit  tim.o
    0x080025a4   0x080025a4   0x00000002   Code   RO          630    i.HAL_TIM_OC_DelayElapsedCallback  stm32f1xx_hal_tim.o
    0x080025a6   0x080025a6   0x000000cc   Code   RO          651    i.HAL_TIM_PWM_ConfigChannel  stm32f1xx_hal_tim.o
    0x08002672   0x08002672   0x0000005a   Code   RO          654    i.HAL_TIM_PWM_Init  stm32f1xx_hal_tim.o
    0x080026cc   0x080026cc   0x00000002   Code   RO          656    i.HAL_TIM_PWM_MspInit  stm32f1xx_hal_tim.o
    0x080026ce   0x080026ce   0x00000002   Code   RO          657    i.HAL_TIM_PWM_PulseFinishedCallback  stm32f1xx_hal_tim.o
    0x080026d0   0x080026d0   0x00000014   Code   RO           14    i.HAL_TIM_PeriodElapsedCallback  main.o
    0x080026e4   0x080026e4   0x00000002   Code   RO          670    i.HAL_TIM_TriggerCallback  stm32f1xx_hal_tim.o
    0x080026e6   0x080026e6   0x00000064   Code   RO         2557    i.HAL_UART_Init     stm32f1xx_hal_uart.o
    0x0800274a   0x0800274a   0x00000002   PAD
    0x0800274c   0x0800274c   0x00000070   Code   RO          356    i.HAL_UART_MspInit  usart.o
    0x080027bc   0x080027bc   0x000000a0   Code   RO         2565    i.HAL_UART_Transmit  stm32f1xx_hal_uart.o
    0x0800285c   0x0800285c   0x00000002   Code   RO          416    i.HardFault_Handler  stm32f1xx_it.o
    0x0800285e   0x0800285e   0x00000002   PAD
    0x08002860   0x08002860   0x00000060   Code   RO         5279    i.I2C_SendByte      stm32_i2c.o
    0x080028c0   0x080028c0   0x0000005c   Code   RO         5280    i.I2C_Start         stm32_i2c.o
    0x0800291c   0x0800291c   0x0000004c   Code   RO         5281    i.I2C_Stop          stm32_i2c.o
    0x08002968   0x08002968   0x0000005c   Code   RO         5282    i.I2C_WaitAck       stm32_i2c.o
    0x080029c4   0x080029c4   0x0000000e   Code   RO         5283    i.I2C_delay         stm32_i2c.o
    0x080029d2   0x080029d2   0x00000002   PAD
    0x080029d4   0x080029d4   0x000001e4   Code   RO         5225    i.MPU_getdata       mpu6050.o
    0x08002bb8   0x08002bb8   0x0000039c   Code   RO         5226    i.MPU_init          mpu6050.o
    0x08002f54   0x08002f54   0x00000044   Code   RO          211    i.MX_FREERTOS_Init  freertos.o
    0x08002f98   0x08002f98   0x0000009c   Code   RO          187    i.MX_GPIO_Init      gpio.o
    0x08003034   0x08003034   0x000000c8   Code   RO          288    i.MX_TIM3_Init      tim.o
    0x080030fc   0x080030fc   0x0000006c   Code   RO          289    i.MX_TIM4_Init      tim.o
    0x08003168   0x08003168   0x0000006c   Code   RO          290    i.MX_TIM8_Init      tim.o
    0x080031d4   0x080031d4   0x00000038   Code   RO          357    i.MX_USART1_UART_Init  usart.o
    0x0800320c   0x0800320c   0x00000002   Code   RO          417    i.MemManage_Handler  stm32f1xx_it.o
    0x0800320e   0x0800320e   0x00000002   Code   RO          418    i.NMI_Handler       stm32f1xx_it.o
    0x08003210   0x08003210   0x000000f0   Code   RO          212    i.StartDataTask     freertos.o
    0x08003300   0x08003300   0x00000008   Code   RO          213    i.StartDefaultTask  freertos.o
    0x08003308   0x08003308   0x00000008   Code   RO          214    i.StartmotorTask    freertos.o
    0x08003310   0x08003310   0x0000001a   Code   RO         4038    i.SysTick_Handler   cmsis_os2.o
    0x0800332a   0x0800332a   0x0000005e   Code   RO           15    i.SystemClock_Config  main.o
    0x08003388   0x08003388   0x00000002   Code   RO         2891    i.SystemInit        system_stm32f1xx.o
    0x0800338a   0x0800338a   0x00000002   PAD
    0x0800338c   0x0800338c   0x0000000c   Code   RO          419    i.TIM7_IRQHandler   stm32f1xx_it.o
    0x08003398   0x08003398   0x0000009c   Code   RO          672    i.TIM_Base_SetConfig  stm32f1xx_hal_tim.o
    0x08003434   0x08003434   0x00000014   Code   RO          683    i.TIM_ETR_SetConfig  stm32f1xx_hal_tim.o
    0x08003448   0x08003448   0x00000010   Code   RO          684    i.TIM_ITRx_SetConfig  stm32f1xx_hal_tim.o
    0x08003458   0x08003458   0x00000060   Code   RO          685    i.TIM_OC1_SetConfig  stm32f1xx_hal_tim.o
    0x080034b8   0x080034b8   0x0000006c   Code   RO          686    i.TIM_OC2_SetConfig  stm32f1xx_hal_tim.o
    0x08003524   0x08003524   0x00000068   Code   RO          687    i.TIM_OC3_SetConfig  stm32f1xx_hal_tim.o
    0x0800358c   0x0800358c   0x00000050   Code   RO          688    i.TIM_OC4_SetConfig  stm32f1xx_hal_tim.o
    0x080035dc   0x080035dc   0x00000022   Code   RO          690    i.TIM_TI1_ConfigInputStage  stm32f1xx_hal_tim.o
    0x080035fe   0x080035fe   0x00000024   Code   RO          692    i.TIM_TI2_ConfigInputStage  stm32f1xx_hal_tim.o
    0x08003622   0x08003622   0x0000004e   Code   RO         2580    i.UART_EndRxTransfer  stm32f1xx_hal_uart.o
    0x08003670   0x08003670   0x000000b8   Code   RO         2583    i.UART_SetConfig    stm32f1xx_hal_uart.o
    0x08003728   0x08003728   0x00000072   Code   RO         2586    i.UART_WaitOnFlagUntilTimeout  stm32f1xx_hal_uart.o
    0x0800379a   0x0800379a   0x00000002   Code   RO          420    i.UsageFault_Handler  stm32f1xx_it.o
    0x0800379c   0x0800379c   0x00000028   Code   RO         5543    i.__ARM_fpclassify  m_ws.l(fpclassify.o)
    0x080037c4   0x080037c4   0x00000020   Code   RO         2040    i.__NVIC_SetPriority  stm32f1xx_hal_cortex.o
    0x080037e4   0x080037e4   0x000000aa   Code   RO         5545    i.__kernel_poly     m_ws.l(poly.o)
    0x0800388e   0x0800388e   0x00000006   Code   RO         5530    i.__mathlib_dbl_infnan  m_ws.l(dunder.o)
    0x08003894   0x08003894   0x00000004   Code   RO         5531    i.__mathlib_dbl_infnan2  m_ws.l(dunder.o)
    0x08003898   0x08003898   0x0000000c   Code   RO         5532    i.__mathlib_dbl_invalid  m_ws.l(dunder.o)
    0x080038a4   0x080038a4   0x00000010   Code   RO         5535    i.__mathlib_dbl_underflow  m_ws.l(dunder.o)
    0x080038b4   0x080038b4   0x0000000e   Code   RO         5389    i._is_digit         c_w.l(__printf_wp.o)
    0x080038c2   0x080038c2   0x00000002   Code   RO          358    i._sys_exit         usart.o
    0x080038c4   0x080038c4   0x00000080   Code   RO         4686    i.accel_self_test   inv_mpu.o
    0x08003944   0x08003944   0x00000270   Code   RO         5469    i.asin              m_ws.l(asin.o)
    0x08003bb4   0x08003bb4   0x00000220   Code   RO         5520    i.atan              m_ws.l(atan.o)
    0x08003dd4   0x08003dd4   0x0000019c   Code   RO         5479    i.atan2             m_ws.l(atan2.o)
    0x08003f70   0x08003f70   0x0000003a   Code   RO         5023    i.dmp_enable_6x_lp_quat  inv_mpu_dmp_motion_driver.o
    0x08003faa   0x08003faa   0x00000002   PAD
    0x08003fac   0x08003fac   0x000001d8   Code   RO         5024    i.dmp_enable_feature  inv_mpu_dmp_motion_driver.o
    0x08004184   0x08004184   0x0000003c   Code   RO         5025    i.dmp_enable_gyro_cal  inv_mpu_dmp_motion_driver.o
    0x080041c0   0x080041c0   0x0000003a   Code   RO         5026    i.dmp_enable_lp_quat  inv_mpu_dmp_motion_driver.o
    0x080041fa   0x080041fa   0x00000002   PAD
    0x080041fc   0x080041fc   0x00000014   Code   RO         5031    i.dmp_load_motion_driver_firmware  inv_mpu_dmp_motion_driver.o
    0x08004210   0x08004210   0x00000160   Code   RO         5032    i.dmp_read_fifo     inv_mpu_dmp_motion_driver.o
    0x08004370   0x08004370   0x000000d8   Code   RO         5035    i.dmp_set_accel_bias  inv_mpu_dmp_motion_driver.o
    0x08004448   0x08004448   0x00000064   Code   RO         5036    i.dmp_set_fifo_rate  inv_mpu_dmp_motion_driver.o
    0x080044ac   0x080044ac   0x000000cc   Code   RO         5037    i.dmp_set_gyro_bias  inv_mpu_dmp_motion_driver.o
    0x08004578   0x08004578   0x0000010c   Code   RO         5039    i.dmp_set_orientation  inv_mpu_dmp_motion_driver.o
    0x08004684   0x08004684   0x00000030   Code   RO         5042    i.dmp_set_shake_reject_thresh  inv_mpu_dmp_motion_driver.o
    0x080046b4   0x080046b4   0x00000020   Code   RO         5043    i.dmp_set_shake_reject_time  inv_mpu_dmp_motion_driver.o
    0x080046d4   0x080046d4   0x00000020   Code   RO         5044    i.dmp_set_shake_reject_timeout  inv_mpu_dmp_motion_driver.o
    0x080046f4   0x080046f4   0x00000040   Code   RO         5045    i.dmp_set_tap_axes  inv_mpu_dmp_motion_driver.o
    0x08004734   0x08004734   0x00000022   Code   RO         5046    i.dmp_set_tap_count  inv_mpu_dmp_motion_driver.o
    0x08004756   0x08004756   0x00000002   PAD
    0x08004758   0x08004758   0x00000128   Code   RO         5047    i.dmp_set_tap_thresh  inv_mpu_dmp_motion_driver.o
    0x08004880   0x08004880   0x00000020   Code   RO         5048    i.dmp_set_tap_time  inv_mpu_dmp_motion_driver.o
    0x080048a0   0x080048a0   0x00000020   Code   RO         5049    i.dmp_set_tap_time_multi  inv_mpu_dmp_motion_driver.o
    0x080048c0   0x080048c0   0x00000018   Code   RO          359    i.fputc             usart.o
    0x080048d8   0x080048d8   0x000000ac   Code   RO         4689    i.get_accel_prod_shift  inv_mpu.o
    0x08004984   0x08004984   0x00000314   Code   RO         4691    i.get_st_biases     inv_mpu.o
    0x08004c98   0x08004c98   0x000000d4   Code   RO         4692    i.gyro_self_test    inv_mpu.o
    0x08004d6c   0x08004d6c   0x0000010c   Code   RO         5286    i.i2cRead           stm32_i2c.o
    0x08004e78   0x08004e78   0x00000054   Code   RO         5288    i.i2cWriteBuffer    stm32_i2c.o
    0x08004ecc   0x08004ecc   0x00000012   Code   RO         5289    i.i2cread           stm32_i2c.o
    0x08004ede   0x08004ede   0x00000012   Code   RO         5290    i.i2cwrite          stm32_i2c.o
    0x08004ef0   0x08004ef0   0x00000048   Code   RO         5227    i.inv_row_2_scale   mpu6050.o
    0x08004f38   0x08004f38   0x0000002a   Code   RO           16    i.main              main.o
    0x08004f62   0x08004f62   0x00000002   PAD
    0x08004f64   0x08004f64   0x00000054   Code   RO         4693    i.mpu_configure_fifo  inv_mpu.o
    0x08004fb8   0x08004fb8   0x0000003c   Code   RO         4694    i.mpu_get_accel_fsr  inv_mpu.o
    0x08004ff4   0x08004ff4   0x00000044   Code   RO         4696    i.mpu_get_accel_sens  inv_mpu.o
    0x08005038   0x08005038   0x00000034   Code   RO         4702    i.mpu_get_gyro_fsr  inv_mpu.o
    0x0800506c   0x0800506c   0x00000040   Code   RO         4704    i.mpu_get_gyro_sens  inv_mpu.o
    0x080050ac   0x080050ac   0x00000038   Code   RO         4706    i.mpu_get_lpf       inv_mpu.o
    0x080050e4   0x080050e4   0x0000001c   Code   RO         4708    i.mpu_get_sample_rate  inv_mpu.o
    0x08005100   0x08005100   0x000001f0   Code   RO         4711    i.mpu_init          inv_mpu.o
    0x080052f0   0x080052f0   0x000000a0   Code   RO         4712    i.mpu_load_firmware  inv_mpu.o
    0x08005390   0x08005390   0x000000b8   Code   RO         4713    i.mpu_lp_accel_mode  inv_mpu.o
    0x08005448   0x08005448   0x00000090   Code   RO         4716    i.mpu_read_fifo_stream  inv_mpu.o
    0x080054d8   0x080054d8   0x00000054   Code   RO         4717    i.mpu_read_mem      inv_mpu.o
    0x0800552c   0x0800552c   0x00000160   Code   RO         4720    i.mpu_reset_fifo    inv_mpu.o
    0x0800568c   0x0800568c   0x000000f0   Code   RO         4721    i.mpu_run_self_test  inv_mpu.o
    0x0800577c   0x0800577c   0x00000068   Code   RO         4723    i.mpu_set_accel_fsr  inv_mpu.o
    0x080057e4   0x080057e4   0x000000dc   Code   RO         4724    i.mpu_set_bypass    inv_mpu.o
    0x080058c0   0x080058c0   0x00000078   Code   RO         4726    i.mpu_set_dmp_state  inv_mpu.o
    0x08005938   0x08005938   0x0000006c   Code   RO         4727    i.mpu_set_gyro_fsr  inv_mpu.o
    0x080059a4   0x080059a4   0x00000064   Code   RO         4728    i.mpu_set_int_latched  inv_mpu.o
    0x08005a08   0x08005a08   0x0000006c   Code   RO         4730    i.mpu_set_lpf       inv_mpu.o
    0x08005a74   0x08005a74   0x00000080   Code   RO         4731    i.mpu_set_sample_rate  inv_mpu.o
    0x08005af4   0x08005af4   0x000000b8   Code   RO         4732    i.mpu_set_sensors   inv_mpu.o
    0x08005bac   0x08005bac   0x00000054   Code   RO         4733    i.mpu_write_mem     inv_mpu.o
    0x08005c00   0x08005c00   0x0000001a   Code   RO         4040    i.osDelay           cmsis_os2.o
    0x08005c1a   0x08005c1a   0x00000002   PAD
    0x08005c1c   0x08005c1c   0x00000024   Code   RO         4054    i.osKernelInitialize  cmsis_os2.o
    0x08005c40   0x08005c40   0x00000038   Code   RO         4057    i.osKernelStart     cmsis_os2.o
    0x08005c78   0x08005c78   0x0000008a   Code   RO         4099    i.osThreadNew       cmsis_os2.o
    0x08005d02   0x08005d02   0x00000002   PAD
    0x08005d04   0x08005d04   0x0000005c   Code   RO         3499    i.prvAddCurrentTaskToDelayedList  tasks.o
    0x08005d60   0x08005d60   0x000000d0   Code   RO         3500    i.prvAddNewTaskToReadyList  tasks.o
    0x08005e30   0x08005e30   0x00000058   Code   RO         3864    i.prvCheckForValidListAndQueue  timers.o
    0x08005e88   0x08005e88   0x00000026   Code   RO         3096    i.prvCopyDataFromQueue  queue.o
    0x08005eae   0x08005eae   0x0000006c   Code   RO         3097    i.prvCopyDataToQueue  queue.o
    0x08005f1a   0x08005f1a   0x00000034   Code   RO         3501    i.prvDeleteTCB      tasks.o
    0x08005f4e   0x08005f4e   0x00000002   PAD
    0x08005f50   0x08005f50   0x0000004c   Code   RO         4551    i.prvHeapInit       heap_4.o
    0x08005f9c   0x08005f9c   0x00000060   Code   RO         3502    i.prvIdleTask       tasks.o
    0x08005ffc   0x08005ffc   0x00000022   Code   RO         3099    i.prvInitialiseNewQueue  queue.o
    0x0800601e   0x0800601e   0x00000002   PAD
    0x08006020   0x08006020   0x000000b0   Code   RO         3503    i.prvInitialiseNewTask  tasks.o
    0x080060d0   0x080060d0   0x0000004c   Code   RO         4552    i.prvInsertBlockIntoFreeList  heap_4.o
    0x0800611c   0x0800611c   0x00000038   Code   RO         3866    i.prvInsertTimerInActiveList  timers.o
    0x08006154   0x08006154   0x0000001c   Code   RO         3100    i.prvIsQueueEmpty   queue.o
    0x08006170   0x08006170   0x000000fc   Code   RO         3867    i.prvProcessReceivedCommands  timers.o
    0x0800626c   0x0800626c   0x000000c0   Code   RO         3868    i.prvProcessTimerOrBlockTask  timers.o
    0x0800632c   0x0800632c   0x00000020   Code   RO         3505    i.prvResetNextTaskUnblockTime  tasks.o
    0x0800634c   0x0800634c   0x00000028   Code   RO         3869    i.prvSampleTimeNow  timers.o
    0x08006374   0x08006374   0x0000006c   Code   RO         3870    i.prvSwitchTimerLists  timers.o
    0x080063e0   0x080063e0   0x00000028   Code   RO         4607    i.prvTaskExitError  port.o
    0x08006408   0x08006408   0x00000024   Code   RO         3871    i.prvTimerTask      timers.o
    0x0800642c   0x0800642c   0x0000006a   Code   RO         3101    i.prvUnlockQueue    queue.o
    0x08006496   0x08006496   0x00000002   PAD
    0x08006498   0x08006498   0x000000dc   Code   RO         4553    i.pvPortMalloc      heap_4.o
    0x08006574   0x08006574   0x00000024   Code   RO         4608    i.pxPortInitialiseStack  port.o
    0x08006598   0x08006598   0x000000d0   Code   RO         5228    i.run_self_test     mpu6050.o
    0x08006668   0x08006668   0x00000058   Code   RO         4734    i.set_int_enable    inv_mpu.o
    0x080066c0   0x080066c0   0x0000004c   Code   RO         5549    i.sqrt              m_ws.l(sqrt.o)
    0x0800670c   0x0800670c   0x00000026   Code   RO         3056    i.uxListRemove      list.o
    0x08006732   0x08006732   0x00000002   PAD
    0x08006734   0x08006734   0x00000014   Code   RO         4111    i.vApplicationGetIdleTaskMemory  cmsis_os2.o
    0x08006748   0x08006748   0x00000018   Code   RO         4112    i.vApplicationGetTimerTaskMemory  cmsis_os2.o
    0x08006760   0x08006760   0x00000016   Code   RO         3057    i.vListInitialise   list.o
    0x08006776   0x08006776   0x00000006   Code   RO         3058    i.vListInitialiseItem  list.o
    0x0800677c   0x0800677c   0x00000030   Code   RO         3059    i.vListInsert       list.o
    0x080067ac   0x080067ac   0x00000018   Code   RO         3060    i.vListInsertEnd    list.o
    0x080067c4   0x080067c4   0x00000040   Code   RO         4610    i.vPortEnterCritical  port.o
    0x08006804   0x08006804   0x00000028   Code   RO         4611    i.vPortExitCritical  port.o
    0x0800682c   0x0800682c   0x00000064   Code   RO         4554    i.vPortFree         heap_4.o
    0x08006890   0x08006890   0x00000024   Code   RO         4612    i.vPortSetupTimerInterrupt  port.o
    0x080068b4   0x080068b4   0x00000054   Code   RO         4613    i.vPortValidateInterruptPriority  port.o
    0x08006908   0x08006908   0x00000028   Code   RO         3107    i.vQueueAddToRegistry  queue.o
    0x08006930   0x08006930   0x00000044   Code   RO         3111    i.vQueueWaitForMessageRestricted  queue.o
    0x08006974   0x08006974   0x0000004c   Code   RO         3518    i.vTaskDelay        tasks.o
    0x080069c0   0x080069c0   0x00000010   Code   RO         3523    i.vTaskInternalSetTimeOutState  tasks.o
    0x080069d0   0x080069d0   0x0000000c   Code   RO         3524    i.vTaskMissedYield  tasks.o
    0x080069dc   0x080069dc   0x00000030   Code   RO         3526    i.vTaskPlaceOnEventList  tasks.o
    0x08006a0c   0x08006a0c   0x00000038   Code   RO         3527    i.vTaskPlaceOnEventListRestricted  tasks.o
    0x08006a44   0x08006a44   0x00000088   Code   RO         3535    i.vTaskStartScheduler  tasks.o
    0x08006acc   0x08006acc   0x00000010   Code   RO         3537    i.vTaskSuspendAll   tasks.o
    0x08006adc   0x08006adc   0x00000064   Code   RO         3538    i.vTaskSwitchContext  tasks.o
    0x08006b40   0x08006b40   0x000000a8   Code   RO         4614    i.xPortStartScheduler  port.o
    0x08006be8   0x08006be8   0x0000002c   Code   RO         4615    i.xPortSysTickHandler  port.o
    0x08006c14   0x08006c14   0x00000066   Code   RO         3117    i.xQueueGenericCreateStatic  queue.o
    0x08006c7a   0x08006c7a   0x00000002   PAD
    0x08006c7c   0x08006c7c   0x00000088   Code   RO         3118    i.xQueueGenericReset  queue.o
    0x08006d04   0x08006d04   0x00000160   Code   RO         3119    i.xQueueGenericSend  queue.o
    0x08006e64   0x08006e64   0x000000be   Code   RO         3120    i.xQueueGenericSendFromISR  queue.o
    0x08006f22   0x08006f22   0x00000002   PAD
    0x08006f24   0x08006f24   0x00000138   Code   RO         3129    i.xQueueReceive     queue.o
    0x0800705c   0x0800705c   0x00000074   Code   RO         3540    i.xTaskCheckForTimeOut  tasks.o
    0x080070d0   0x080070d0   0x0000005a   Code   RO         3541    i.xTaskCreate       tasks.o
    0x0800712a   0x0800712a   0x00000056   Code   RO         3542    i.xTaskCreateStatic  tasks.o
    0x08007180   0x08007180   0x0000001c   Code   RO         3546    i.xTaskGetSchedulerState  tasks.o
    0x0800719c   0x0800719c   0x0000000c   Code   RO         3547    i.xTaskGetTickCount  tasks.o
    0x080071a8   0x080071a8   0x000000c8   Code   RO         3549    i.xTaskIncrementTick  tasks.o
    0x08007270   0x08007270   0x00000080   Code   RO         3552    i.xTaskPriorityDisinherit  tasks.o
    0x080072f0   0x080072f0   0x00000070   Code   RO         3554    i.xTaskRemoveFromEventList  tasks.o
    0x08007360   0x08007360   0x000000c4   Code   RO         3555    i.xTaskResumeAll    tasks.o
    0x08007424   0x08007424   0x00000060   Code   RO         3880    i.xTimerCreateTimerTask  timers.o
    0x08007484   0x08007484   0x00000068   Code   RO         3881    i.xTimerGenericCommand  timers.o
    0x080074ec   0x080074ec   0x0000002c   Code   RO         5621    locale$$code        c_w.l(lc_numeric_c.o)
    0x08007518   0x08007518   0x00000062   Code   RO         5416    x$fpl$d2f           fz_ws.l(d2f.o)
    0x0800757a   0x0800757a   0x00000002   PAD
    0x0800757c   0x0800757c   0x00000150   Code   RO         5418    x$fpl$dadd          fz_ws.l(daddsub_clz.o)
    0x080076cc   0x080076cc   0x00000010   Code   RO         5623    x$fpl$dcheck1       fz_ws.l(dcheck1.o)
    0x080076dc   0x080076dc   0x00000018   Code   RO         5625    x$fpl$dcmpinf       fz_ws.l(dcmpi.o)
    0x080076f4   0x080076f4   0x000002b0   Code   RO         5425    x$fpl$ddiv          fz_ws.l(ddiv.o)
    0x080079a4   0x080079a4   0x00000078   Code   RO         5504    x$fpl$deqf          fz_ws.l(deqf.o)
    0x08007a1c   0x08007a1c   0x00000154   Code   RO         5434    x$fpl$dmul          fz_ws.l(dmul.o)
    0x08007b70   0x08007b70   0x0000009c   Code   RO         5506    x$fpl$dnaninf       fz_ws.l(dnaninf.o)
    0x08007c0c   0x08007c0c   0x0000000c   Code   RO         5508    x$fpl$dretinf       fz_ws.l(dretinf.o)
    0x08007c18   0x08007c18   0x00000016   Code   RO         5419    x$fpl$drsb          fz_ws.l(daddsub_clz.o)
    0x08007c2e   0x08007c2e   0x00000002   PAD
    0x08007c30   0x08007c30   0x000001cc   Code   RO         5629    x$fpl$dsqrt         fz_ws.l(dsqrt_noumaal.o)
    0x08007dfc   0x08007dfc   0x000001d4   Code   RO         5420    x$fpl$dsub          fz_ws.l(daddsub_clz.o)
    0x08007fd0   0x08007fd0   0x00000056   Code   RO         5436    x$fpl$f2d           fz_ws.l(f2d.o)
    0x08008026   0x08008026   0x00000002   PAD
    0x08008028   0x08008028   0x000000c4   Code   RO         5438    x$fpl$fadd          fz_ws.l(faddsub_clz.o)
    0x080080ec   0x080080ec   0x0000000c   Code   RO         5510    x$fpl$fcheck1       fz_ws.l(fcheck1.o)
    0x080080f8   0x080080f8   0x00000184   Code   RO         5445    x$fpl$fdiv          fz_ws.l(fdiv.o)
    0x0800827c   0x0800827c   0x00000036   Code   RO         5448    x$fpl$ffix          fz_ws.l(ffix.o)
    0x080082b2   0x080082b2   0x00000002   PAD
    0x080082b4   0x080082b4   0x0000003e   Code   RO         5452    x$fpl$ffixu         fz_ws.l(ffixu.o)
    0x080082f2   0x080082f2   0x00000002   PAD
    0x080082f4   0x080082f4   0x00000030   Code   RO         5457    x$fpl$fflt          fz_ws.l(fflt_clz.o)
    0x08008324   0x08008324   0x00000026   Code   RO         5456    x$fpl$ffltu         fz_ws.l(fflt_clz.o)
    0x0800834a   0x0800834a   0x00000002   PAD
    0x0800834c   0x0800834c   0x00000102   Code   RO         5462    x$fpl$fmul          fz_ws.l(fmul.o)
    0x0800844e   0x0800844e   0x0000008c   Code   RO         5512    x$fpl$fnaninf       fz_ws.l(fnaninf.o)
    0x080084da   0x080084da   0x0000000a   Code   RO         5514    x$fpl$fretinf       fz_ws.l(fretinf.o)
    0x080084e4   0x080084e4   0x000000ea   Code   RO         5440    x$fpl$fsub          fz_ws.l(faddsub_clz.o)
    0x080085ce   0x080085ce   0x00000004   Code   RO         5464    x$fpl$printf1       fz_ws.l(printf1.o)
    0x080085d2   0x080085d2   0x00000064   Code   RO         5633    x$fpl$retnan        fz_ws.l(retnan.o)
    0x08008636   0x08008636   0x0000005c   Code   RO         5516    x$fpl$scalbn        fz_ws.l(scalbn.o)
    0x08008692   0x08008692   0x0000004c   Code   RO         5466    x$fpl$scalbnf       fz_ws.l(scalbnf.o)
    0x080086de   0x080086de   0x00000030   Code   RO         5699    x$fpl$trapveneer    fz_ws.l(trapv.o)
    0x0800870e   0x0800870e   0x00000000   Code   RO         5518    x$fpl$usenofp       fz_ws.l(usenofp.o)
    0x0800870e   0x0800870e   0x00000002   PAD
    0x08008710   0x08008710   0x0000006c   Data   RO          215    .constdata          freertos.o
    0x0800877c   0x0800877c   0x00000012   Data   RO         1738    .constdata          stm32f1xx_hal_rcc.o
    0x0800878e   0x0800878e   0x00000010   Data   RO         2892    .constdata          system_stm32f1xx.o
    0x0800879e   0x0800879e   0x00000008   Data   RO         2893    .constdata          system_stm32f1xx.o
    0x080087a6   0x080087a6   0x0000000c   Data   RO         4735    .constdata          inv_mpu.o
    0x080087b2   0x080087b2   0x0000001b   Data   RO         4736    .constdata          inv_mpu.o
    0x080087cd   0x080087cd   0x00000003   PAD
    0x080087d0   0x080087d0   0x00000028   Data   RO         4737    .constdata          inv_mpu.o
    0x080087f8   0x080087f8   0x00000bf6   Data   RO         5051    .constdata          inv_mpu_dmp_motion_driver.o
    0x080093ee   0x080093ee   0x00000002   PAD
    0x080093f0   0x080093f0   0x00000050   Data   RO         5470    .constdata          m_ws.l(asin.o)
    0x08009440   0x08009440   0x00000098   Data   RO         5521    .constdata          m_ws.l(atan.o)
    0x080094d8   0x080094d8   0x00000008   Data   RO         5547    .constdata          m_ws.l(qnan.o)
    0x080094e0   0x080094e0   0x00000094   Data   RO         5592    .constdata          c_w.l(bigflt0.o)
    0x08009574   0x08009574   0x00000024   Data   RO          216    .conststring        freertos.o
    0x08009598   0x08009598   0x0000004d   Data   RO         4738    .conststring        inv_mpu.o
    0x080095e5   0x080095e5   0x00000003   PAD
    0x080095e8   0x080095e8   0x00000020   Data   RO         5782    Region$$Table       anon$$obj.o
    0x08009608   0x08009608   0x0000001c   Data   RO         5620    locale$$data        c_w.l(lc_numeric_c.o)


    Execution Region RW_IRAM1 (Exec base: 0x20000000, Load base: 0x08009624, Size: 0x000021b0, Max: 0x0000c000, ABSOLUTE)

    Exec Addr    Load Addr    Size         Type   Attr      Idx    E Section Name        Object

    0x20000000   0x08009624   0x0000000c   Data   RW          217    .data               freertos.o
    0x2000000c   0x08009630   0x00000004   Data   RW          361    .data               usart.o
    0x20000010   0x08009634   0x0000000c   Data   RW         1575    .data               stm32f1xx_hal.o
    0x2000001c   0x08009640   0x00000004   Data   RW         2894    .data               system_stm32f1xx.o
    0x20000020   0x08009644   0x0000003c   Data   RW         3558    .data               tasks.o
    0x2000005c   0x08009680   0x00000014   Data   RW         3889    .data               timers.o
    0x20000070   0x08009694   0x00000004   Data   RW         4114    .data               cmsis_os2.o
    0x20000074   0x08009698   0x00000020   Data   RW         4560    .data               heap_4.o
    0x20000094   0x080096b8   0x0000000c   Data   RW         4616    .data               port.o
    0x200000a0   0x080096c4   0x0000002c   Data   RW         4739    .data               inv_mpu.o
    0x200000cc   0x080096f0   0x00000031   Data   RW         5229    .data               mpu6050.o
    0x200000fd   0x08009721   0x00000003   PAD
    0x20000100        -       0x000000d8   Zero   RW          291    .bss                tim.o
    0x200001d8        -       0x00000048   Zero   RW          360    .bss                usart.o
    0x20000220        -       0x00000048   Zero   RW          505    .bss                stm32f1xx_hal_timebase_tim.o
    0x20000268        -       0x00000040   Zero   RW         3133    .bss                queue.o
    0x200002a8        -       0x000004c4   Zero   RW         3557    .bss                tasks.o
    0x2000076c        -       0x00000118   Zero   RW         3888    .bss                timers.o
    0x20000884        -       0x000006b8   Zero   RW         4113    .bss                cmsis_os2.o
    0x20000f3c        -       0x00000c00   Zero   RW         4559    .bss                heap_4.o
    0x20001b3c        -       0x00000010   Zero   RW         5050    .bss                inv_mpu_dmp_motion_driver.o
    0x20001b4c        -       0x00000060   Zero   RW         5636    .bss                c_w.l(libspace.o)
    0x20001bac   0x08009721   0x00000004   PAD
    0x20001bb0        -       0x00000200   Zero   RW            2    HEAP                startup_stm32f103xe.o
    0x20001db0        -       0x00000400   Zero   RW            1    STACK               startup_stm32f103xe.o


==============================================================================

Image component sizes


      Code (inc. data)   RO Data    RW Data    ZI Data      Debug   Object Name

       326         22          0          4       1720      58219   cmsis_os2.o
         0          0          0          0          0      19484   event_groups.o
       324        110        144         12          0       2886   freertos.o
       156         14          0          0          0        907   gpio.o
       472         24          0         32       3072       4603   heap_4.o
      4616        350        156         44          0      26145   inv_mpu.o
      2378        120       3062          0         16      19502   inv_mpu_dmp_motion_driver.o
       138          0          0          0          0       3238   list.o
       160          6          0          0          0     498548   main.o
      1688        802          0         49          0       4213   mpu6050.o
       662         70          0         12          0      10397   port.o
      1514         20          0          0         64      16640   queue.o
        64         26        304          0       1536        780   startup_stm32f103xe.o
       758         26          0          0          0       6500   stm32_i2c.o
       100         18          0         12          0       5662   stm32f1xx_hal.o
       158         14          0          0          0      28054   stm32f1xx_hal_cortex.o
       524         42          0          0          0       3423   stm32f1xx_hal_gpio.o
        72         10          0          0          0        818   stm32f1xx_hal_msp.o
      1304         94         18          0          0       5545   stm32f1xx_hal_rcc.o
      1840         78          0          0          0      15137   stm32f1xx_hal_tim.o
       128         20          0          0          0       2293   stm32f1xx_hal_tim_ex.o
       152         20          0          0         72       1395   stm32f1xx_hal_timebase_tim.o
       636          6          0          0          0       4480   stm32f1xx_hal_uart.o
        24          6          0          0          0       2831   stm32f1xx_it.o
         0          0          0          0          0        396   stream_buffer.o
         2          0         24          4          0       1035   system_stm32f1xx.o
      2084        168          0         60       1220      25476   tasks.o
       708         76          0          0        216       4136   tim.o
       972         80          0         20        280      31571   timers.o
       194         24          0          4         72       3738   usart.o

    ----------------------------------------------------------------------
     22194       2246       3748        256       8268     808052   Object Totals
         0          0         32          0          0          0   (incl. Generated)
        40          0          8          3          0          0   (incl. Padding)

    ----------------------------------------------------------------------

      Code (inc. data)   RO Data    RW Data    ZI Data      Debug   Library Member Name

         8          0          0          0          0         68   __main.o
       284          0          0          0          0        156   __printf_wp.o
         0          0          0          0          0          0   __rtentry.o
        12          0          0          0          0          0   __rtentry2.o
         6          0          0          0          0          0   __rtentry4.o
        52          8          0          0          0          0   __scatter.o
        26          0          0          0          0          0   __scatter_copy.o
        28          0          0          0          0          0   __scatter_zi.o
        48          6          0          0          0         96   _printf_char_common.o
        36          4          0          0          0         80   _printf_char_file.o
         6          0          0          0          0          0   _printf_d.o
       120         16          0          0          0         92   _printf_dec.o
         6          0          0          0          0          0   _printf_f.o
      1054          0          0          0          0        216   _printf_fp_dec.o
       128         16          0          0          0         84   _printf_fp_infnan.o
       178          0          0          0          0         88   _printf_intcommon.o
        78          0          0          0          0        108   _printf_pad.o
         0          0          0          0          0          0   _printf_percent.o
         4          0          0          0          0          0   _printf_percent_end.o
        22          0          0          0          0        100   _rserrno.o
        16          0          0          0          0         68   aeabi_memset.o
       228          4        148          0          0         96   bigflt0.o
      1936        128          0          0          0        672   btod.o
        18          0          0          0          0         80   exit.o
         8          0          0          0          0         68   ferror.o
         6          0          0          0          0        152   heapauxi.o
        44         10         28          0          0         76   lc_numeric_c.o
         2          0          0          0          0          0   libinit.o
        18          0          0          0          0          0   libinit2.o
         2          0          0          0          0          0   libshutdown.o
         2          0          0          0          0          0   libshutdown2.o
         8          4          0          0         96         68   libspace.o
        72          0          0          0          0         76   llsdiv.o
       138          0          0          0          0         80   lludiv10.o
       238          0          0          0          0        100   lludivv7m.o
        88          0          0          0          0         76   memcmp.o
        24          4          0          0          0         84   noretval__2printf.o
         8          4          0          0          0         68   rt_errno_addr_intlibspace.o
         8          4          0          0          0         68   rt_locale_intlibspace.o
        68          0          0          0          0         68   rt_memclr.o
        78          0          0          0          0         80   rt_memclr_w.o
       138          0          0          0          0         68   rt_memcpy_v6.o
       100          0          0          0          0         80   rt_memcpy_w.o
         2          0          0          0          0          0   rtexit.o
        10          0          0          0          0          0   rtexit2.o
       128          0          0          0          0         68   strcmpv7m.o
        74          0          0          0          0         80   sys_stackheap_outer.o
         2          0          0          0          0         68   use_no_semi.o
         2          0          0          0          0         68   use_no_semi_2.o
        98          4          0          0          0         92   d2f.o
       826         16          0          0          0        348   daddsub_clz.o
        16          4          0          0          0         68   dcheck1.o
        24          0          0          0          0         68   dcmpi.o
       688        140          0          0          0        208   ddiv.o
       120          4          0          0          0         92   deqf.o
       340         12          0          0          0        104   dmul.o
       156          4          0          0          0         92   dnaninf.o
        12          0          0          0          0         68   dretinf.o
       460         56          0          0          0        120   dsqrt_noumaal.o
        86          4          0          0          0         84   f2d.o
       430          8          0          0          0        168   faddsub_clz.o
        12          4          0          0          0         68   fcheck1.o
       388         76          0          0          0         96   fdiv.o
        54          4          0          0          0         84   ffix.o
        62          4          0          0          0         84   ffixu.o
        86          0          0          0          0        136   fflt_clz.o
       258          4          0          0          0         84   fmul.o
       140          4          0          0          0         84   fnaninf.o
        10          0          0          0          0         68   fretinf.o
         4          0          0          0          0         68   printf1.o
       100          0          0          0          0         68   retnan.o
        92          0          0          0          0         68   scalbn.o
        76          0          0          0          0         68   scalbnf.o
        48          0          0          0          0         68   trapv.o
         0          0          0          0          0          0   usenofp.o
       624         52         80          0          0        168   asin.o
       544         70        152          0          0        124   atan.o
       412         38          0          0          0        144   atan2.o
        38          6          0          0          0        272   dunder.o
        40          0          0          0          0         68   fpclassify.o
       170          0          0          0          0         96   poly.o
         0          0          8          0          0          0   qnan.o
        76          0          0          0          0         84   sqrt.o

    ----------------------------------------------------------------------
     12078        722        416          0        100       7012   Library Totals
        26          0          0          0          4          0   (incl. Padding)

    ----------------------------------------------------------------------

      Code (inc. data)   RO Data    RW Data    ZI Data      Debug   Library Name

      5562        208        176          0         96       3500   c_w.l
      4586        348          0          0          0       2556   fz_ws.l
      1904        166        240          0          0        956   m_ws.l

    ----------------------------------------------------------------------
     12078        722        416          0        100       7012   Library Totals

    ----------------------------------------------------------------------

==============================================================================


      Code (inc. data)   RO Data    RW Data    ZI Data      Debug   

     34272       2968       4164        256       8368     800812   Grand Totals
     34272       2968       4164        256       8368     800812   ELF Image Totals
     34272       2968       4164        256          0          0   ROM Totals

==============================================================================

    Total RO  Size (Code + RO Data)                38436 (  37.54kB)
    Total RW  Size (RW Data + ZI Data)              8624 (   8.42kB)
    Total ROM Size (Code + RO Data + RW Data)      38692 (  37.79kB)

==============================================================================

