<html>
<body>
<pre>
<h1>µVision Build Log</h1>
<h2>Tool Versions:</h2>
IDE-Version: ¦ÌVision V5.38.0.0
Copyright (C) 2022 ARM Ltd and ARM Germany GmbH. All rights reserved.
License Information: 1 2, 3, LIC=VGXG8-3X9Y8-DYJV3-AA5T7-MU3X6-QZ4QJ
 
Tool Versions:
Toolchain:       MDK-ARM Plus  Version: 5.38.0.0
Toolchain Path:  D:\Keil\keil5\ARM\ARMCC\Bin
C Compiler:      Armcc.exe V5.06 update 7 (build 960)
Assembler:       Armasm.exe V5.06 update 7 (build 960)
Linker/Locator:  ArmLink.exe V5.06 update 7 (build 960)
Library Manager: ArmAr.exe V5.06 update 7 (build 960)
Hex Converter:   FromElf.exe V5.06 update 7 (build 960)
CPU DLL:         SARMCM3.DLL V5.38.0.0
Dialog DLL:      DCM.DLL V1.17.5.0
Target DLL:      STLink\ST-LINKIII-KEIL_SWO.dll V3.1.0.0
Dialog DLL:      TCM.DLL V1.56.4.0
 
<h2>Project:</h2>
D:\Êµ¼ùÈÎÎñ\ByCarMPU\MDK-ARM\ByCar.uvprojx
Project File Date:  07/08/2026

<h2>Output:</h2>
*** Using Compiler 'V5.06 update 7 (build 960)', folder: 'D:\Keil\keil5\ARM\ARMCC\Bin'
Rebuild target 'ByCar'
assembling startup_stm32f103xe.s...
compiling gpio.c...
compiling stm32f1xx_hal_gpio_ex.c...
compiling usart.c...
compiling tim.c...
compiling stm32f1xx_hal_timebase_tim.c...
compiling stm32f1xx_hal_msp.c...
compiling motor_control.c...
compiling stm32f1xx_hal_rcc.c...
compiling freertos.c...
../Core/Src/freertos.c(459): warning:  #550-D: variable "gy_dps"  was set but never used
      float gy_dps;
../Core/Src/freertos.c: 1 warning, 0 errors
compiling stm32f1xx_hal.c...
compiling stm32f1xx_hal_rcc_ex.c...
compiling stm32f1xx_it.c...
compiling main.c...
compiling croutine.c...
compiling event_groups.c...
compiling list.c...
compiling stm32f1xx_hal_tim_ex.c...
compiling queue.c...
compiling stm32f1xx_hal_gpio.c...
compiling timers.c...
compiling stream_buffer.c...
compiling tasks.c...
compiling heap_4.c...
compiling port.c...
compiling stm32f1xx_hal_tim.c...
compiling stm32f1xx_hal_pwr.c...
compiling stm32f1xx_hal_cortex.c...
compiling stm32f1xx_hal_flash.c...
compiling system_stm32f1xx.c...
compiling stm32f1xx_hal_exti.c...
compiling stm32f1xx_hal_flash_ex.c...
compiling stm32f1xx_hal_dma.c...
compiling stm32f1xx_hal_uart.c...
compiling MPU6050.c...
compiling STM32_I2C.c...
compiling inv_mpu_dmp_motion_driver.c...
compiling inv_mpu.c...
compiling cmsis_os2.c...
linking...
Program Size: Code=32756 RO-data=4096 RW-data=256 ZI-data=13488  
FromELF: creating hex file...
"ByCar\ByCar.axf" - 0 Error(s), 1 Warning(s).

<h2>Software Packages used:</h2>

Package Vendor: ARM
                http://www.keil.com/pack/ARM.CMSIS.5.9.0.pack
                ARM.CMSIS.5.9.0
                CMSIS (Common Microcontroller Software Interface Standard)
   * Component: CORE Version: 5.6.0

Package Vendor: Keil
                http://www.keil.com/pack/Keil.STM32F1xx_DFP.2.2.0.pack
                Keil.STM32F1xx_DFP.2.2.0
                STMicroelectronics STM32F1 Series Device Support, Drivers and Examples

<h2>Collection of Component include folders:</h2>
  ./RTE/_ByCar
  D:/Keil/pack/ARM/CMSIS/5.9.0/CMSIS/Core/Include
  D:/Keil/pack/Keil/STM32F1xx_DFP/2.2.0/Device/Include

<h2>Collection of Component Files used:</h2>

   * Component: ARM::CMSIS:CORE:5.6.0
      Include file:  CMSIS/Core/Include/tz_context.h
Build Time Elapsed:  00:00:04
</pre>
</body>
</html>
