<html>
<body>
<pre>
<h1>礦ision Build Log</h1>
<h2>Tool Versions:</h2>
IDE-Version: μVision V5.38.0.0
Copyright (C) 2022 ARM Ltd and ARM Germany GmbH. All rights reserved.
License Information: 1 2, 3, LIC=VGXG8-3X9Y8-DYJV3-AA5T7-MU3X6-QZ4QJ
 
Tool Versions:
Toolchain:       MDK-ARM Plus  Version: 5.38.0.0
Toolchain Path:  D:\Keil\keil5\ARM\ARMCC\Bin
C Compiler:      Armcc.exe V5.06 update 7 (build 960)
Assembler:       Armasm.exe V5.06 update 7 (build 960)
Linker/Locator:  ArmLink.exe V5.06 update 7 (build 960)
Library Manager: ArmAr.exe V5.06 update 7 (build 960)
Hex Converter:   FromElf.exe V5.06 update 7 (build 960)
CPU DLL:         SARMCM3.DLL V5.38.0.0
Dialog DLL:      DCM.DLL V1.17.5.0
Target DLL:      UL2CM3.DLL V1.164.8.0
Dialog DLL:      TCM.DLL V1.56.4.0
 
<h2>Project:</h2>
D:\BaiduNetdiskDownload\WHEELTEC B585 平衡小车附送资料\WHEELTEL B585平衡小车（含B585_ROS）附送资料_V2.1_2023.11.24\4.WHEELTEC B585 平衡小车底层源码\WHEELTEC B585 平衡小车-库函数\WHEELTEC B585 平衡小车-库函数\USER\MiniBalance.uvprojx
Project File Date:  07/09/2026

<h2>Output:</h2>
*** Using Compiler 'V5.06 update 7 (build 960)', folder: 'D:\Keil\keil5\ARM\ARMCC\Bin'
Rebuild target 'MiniBalance'
compiling stm32f10x_crc.c...
compiling stm32f10x_bkp.c...
assembling startup_stm32f10x_hd.s...
compiling MiniBalance.c...
compiling stm32f10x_dac.c...
compiling stm32f10x_it.c...
compiling stm32f10x_adc.c...
compiling stm32f10x_dma.c...
compiling stm32f10x_dbgmcu.c...
compiling misc.c...
compiling stm32f10x_cec.c...
compiling stm32f10x_exti.c...
compiling system_stm32f10x.c...
compiling stm32f10x_can.c...
compiling stm32f10x_flash.c...
compiling core_cm3.c...
compiling stm32f10x_fsmc.c...
compiling stm32f10x_i2c.c...
compiling stm32f10x_iwdg.c...
compiling stm32f10x_gpio.c...
compiling stm32f10x_pwr.c...
compiling stm32f10x_rcc.c...
compiling stm32f10x_usart.c...
compiling stm32f10x_rtc.c...
compiling stm32f10x_sdio.c...
compiling stm32f10x_spi.c...
compiling stm32f10x_wwdg.c...
compiling delay.c...
compiling stm32f10x_tim.c...
compiling LED.C...
compiling usart.c...
compiling beep.c...
compiling motor.c...
compiling key.c...
compiling sys.c...
compiling adc.c...
compiling oled.c...
compiling DataScope_DP.C...
compiling encoder.c...
compiling filter.c...
..\MiniBalance\filter\filter.c(32): warning:  #550-D: variable "angle_dot"  was set but never used
  	static float angle_dot;
..\MiniBalance\filter\filter.c(102): warning:  #550-D: variable "angle_dot"  was set but never used
  	static float angle_dot;
..\MiniBalance\filter\filter.c: 2 warnings, 0 errors
compiling exti.c...
compiling IOI2C.c...
compiling Lidar.c...
compiling usart3.c...
compiling capture.c...
compiling pstwo.c...
compiling show.c...
..\MiniBalance\show\show.c(69): warning:  #186-D: pointless comparison of unsigned integer with zero
  			if( CCD_Zhongzhi<0)		OLED_ShowString(10,20,"-"),
..\MiniBalance\show\show.c(74): warning:  #186-D: pointless comparison of unsigned integer with zero
  			if( CCD_Yuzhi<0)		OLED_ShowString(80,20,"-"),
..\MiniBalance\show\show.c: 2 warnings, 0 errors
compiling control.c...
compiling ELE_CCD.c...
compiling MPU6050.c...
compiling inv_mpu_dmp_motion_driver.c...
compiling inv_mpu.c...
linking...
Program Size: Code=45914 RO-data=6598 RW-data=720 ZI-data=7016  
FromELF: creating hex file...
"..\OBJ\MiniBalance.axf" - 0 Error(s), 4 Warning(s).

<h2>Software Packages used:</h2>

Package Vendor: ARM
                http://www.keil.com/pack/ARM.CMSIS.5.9.0.pack
                ARM.CMSIS.5.9.0
                CMSIS (Common Microcontroller Software Interface Standard)
   * Component: CORE Version: 5.6.0

Package Vendor: Keil
                http://www.keil.com/pack/Keil.STM32F1xx_DFP.2.2.0.pack
                Keil.STM32F1xx_DFP.2.2.0
                STMicroelectronics STM32F1 Series Device Support, Drivers and Examples

<h2>Collection of Component include folders:</h2>
  ./RTE/_MiniBalance
  D:/Keil/pack/ARM/CMSIS/5.9.0/CMSIS/Core/Include
  D:/Keil/pack/Keil/STM32F1xx_DFP/2.2.0/Device/Include

<h2>Collection of Component Files used:</h2>

   * Component: ARM::CMSIS:CORE:5.6.0
Build Time Elapsed:  00:00:02
</pre>
</body>
</html>
