*** Using Compiler 'V5.06 update 7 (build 960)', folder: 'D:\Keil\keil5\ARM\ARMCC\Bin'
Rebuild target 'ByCarStable'
compiling balance_control.c...
assembling startup_stm32f103xe.s...
compiling motor_pwm_map.c...
compiling oled_dashboard.c...
compiling pitch_kalman.c...
compiling bluetooth_control.c...
compiling oled.c...
compiling tim.c...
compiling ultrasonic.c...
compiling stm32f1xx_it.c...
compiling motor_control.c...
compiling imu.c...
compiling stm32f1xx_hal_msp.c...
compiling gpio.c...
compiling main.c...
compiling freertos.c...
compiling usart.c...
compiling stm32f1xx_hal_gpio_ex.c...
compiling stm32f1xx_hal_timebase_tim.c...
compiling stm32f1xx_hal_tim_ex.c...
compiling croutine.c...
compiling stm32f1xx_hal.c...
compiling stm32f1xx_hal_tim.c...
compiling stm32f1xx_hal_cortex.c...
compiling stm32f1xx_hal_pwr.c...
compiling event_groups.c...
compiling stm32f1xx_hal_gpio.c...
compiling list.c...
compiling STM32_I2C.c...
compiling stm32f1xx_hal_exti.c...
compiling stm32f1xx_hal_dma.c...
compiling stm32f1xx_hal_rcc_ex.c...
compiling stm32f1xx_hal_uart.c...
compiling stm32f1xx_hal_flash.c...
compiling heap_4.c...
compiling stream_buffer.c...
compiling stm32f1xx_hal_flash_ex.c...
compiling timers.c...
compiling queue.c...
compiling port.c...
compiling tasks.c...
compiling stm32f1xx_hal_rcc.c...
compiling system_stm32f1xx.c...
compiling cmsis_os2.c...
linking...
Program Size: Code=35892 RO-data=1524 RW-data=204 ZI-data=18812  
FromELF: creating hex file...
"ByCarStable\ByCarStable.axf" - 0 Error(s), 0 Warning(s).
Build Time Elapsed:  00:00:05
